0 16 0 0
0 16 0 32
64 16 0 32
64 16 0 33
64 16 64 33
96 16 64 33
96 16 64 35
97 16 64 35
97 20 64 35
97 20 80 35
97 20 -48 35
97 52 -48 35
97 52 -48 51
97 52 -16 51
97 53 -16 51
97 53 -16 55
113 53 -16 55
113 -75 -16 55
-15 -75 -16 55
-15 -75 -12 55
-15 -73 -12 55
-15 -73 -12 -73
-11 -73 -12 -73
-11 -73 -12 -65
-3 -73 -12 -65
-3 -73 -12 -1
-3 -9 -12 -1
-3 -1 -12 -1
-3 -1 -11 -1
-1 -1 -11 -1
-1 -1 -9 -1
-1 -1 -1 -1
