true 1 0.0010 0
true 2 0.0020 0
true 3 0.0030 0
true 4 0.0040 0
true 5 0.0050 0
true 6 0.0059 0
true 7 0.0069 0
true 8 0.0079 0
true 9 0.0089 0
true 10 0.0099 0
true 11 0.0109 0
true 12 0.0119 0
true 13 0.0129 0
true 14 0.0139 0
true 15 0.0149 0
true 16 0.0159 0
true 17 0.0168 0
true 18 0.0178 0
true 19 0.0188 0
true 20 0.0198 0
true 21 0.0208 0
true 22 0.0218 0
true 23 0.0228 0
true 24 0.0238 0
true 25 0.0248 0
true 26 0.0258 0
true 27 0.0268 1
true 28 0.0278 0
true 29 0.0287 0
true 30 0.0297 0
true 31 0.0307 0
true 32 0.0317 0
true 33 0.0327 0
true 34 0.0337 0
true 35 0.0347 0
true 36 0.0357 0
true 37 0.0367 0
true 38 0.0377 0
true 39 0.0387 0
true 40 0.0396 0
true 41 0.0406 0
true 42 0.0416 0
true 43 0.0426 0
true 44 0.0436 0
true 45 0.0446 1
true 46 0.0456 0
true 47 0.0466 0
true 48 0.0476 0
true 49 0.0486 0
true 50 0.0496 0
true 51 0.0505 0
true 52 0.0515 0
true 53 0.0525 0
true 54 0.0535 0
true 55 0.0545 0
true 56 0.0555 0
true 57 0.0565 0
true 58 0.0575 0
true 59 0.0585 0
true 60 0.0595 1
true 61 0.0605 0
true 62 0.0614 0
true 63 0.0624 0
true 64 0.0634 0
true 65 0.0644 0
true 66 0.0654 0
true 67 0.0664 0
true 68 0.0674 0
true 69 0.0684 0
true 70 0.0694 2
true 71 0.0704 0
true 72 0.0714 0
true 73 0.0723 1
true 74 0.0733 0
true 75 0.0743 0
true 76 0.0753 0
true 77 0.0763 0
true 78 0.0773 0
true 79 0.0783 0
true 80 0.0793 0
true 81 0.0803 0
true 82 0.0813 0
true 83 0.0823 0
true 84 0.0833 0
true 85 0.0842 0
true 86 0.0852 0
true 87 0.0862 0
true 88 0.0872 0
true 89 0.0882 0
true 90 0.0892 1
true 91 0.0902 0
true 92 0.0912 0
true 93 0.0922 0
true 94 0.0932 0
true 95 0.0942 0
true 96 0.0951 0
true 97 0.0961 0
true 98 0.0971 0
true 99 0.0981 1
true 100 0.0991 0
true 101 0.1001 0
true 102 0.1011 0
true 103 0.1021 0
true 104 0.1031 0
true 105 0.1041 0
true 106 0.1051 0
true 107 0.1060 1
true 108 0.1070 0
true 109 0.1080 0
true 110 0.1090 0
true 111 0.1100 0
true 112 0.1110 1
true 113 0.1120 0
true 114 0.1130 0
true 115 0.1140 0
true 116 0.1150 0
true 117 0.1160 0
true 118 0.1169 0
true 119 0.1179 1
true 120 0.1189 1
true 121 0.1199 0
true 122 0.1209 0
true 123 0.1219 0
true 124 0.1229 0
true 125 0.1239 0
true 126 0.1249 0
true 127 0.1259 1
true 128 0.1269 0
true 129 0.1278 0
true 130 0.1288 0
true 131 0.1298 0
true 132 0.1308 0
true 133 0.1318 0
true 134 0.1328 0
true 135 0.1338 0
true 136 0.1348 0
true 137 0.1358 0
true 138 0.1368 1
true 139 0.1378 0
true 140 0.1388 1
true 141 0.1397 0
true 142 0.1407 0
true 143 0.1417 0
true 144 0.1427 0
true 145 0.1437 0
true 146 0.1447 0
true 147 0.1457 0
true 148 0.1467 0
true 149 0.1477 1
true 150 0.1487 0
true 151 0.1497 0
true 152 0.1506 1
true 153 0.1516 0
true 154 0.1526 0
true 155 0.1536 0
true 156 0.1546 0
true 157 0.1556 0
true 158 0.1566 0
true 159 0.1576 0
true 160 0.1586 1
true 161 0.1596 1
true 162 0.1606 0
true 163 0.1615 1
true 164 0.1625 0
true 165 0.1635 0
true 166 0.1645 0
true 167 0.1655 0
true 168 0.1665 0
true 169 0.1675 0
true 170 0.1685 0
true 171 0.1695 0
true 172 0.1705 0
true 173 0.1715 0
true 174 0.1724 0
true 175 0.1734 0
true 176 0.1744 0
true 177 0.1754 0
true 178 0.1764 0
true 179 0.1774 0
true 180 0.1784 0
true 181 0.1794 0
true 182 0.1804 0
true 183 0.1814 0
true 184 0.1824 0
true 185 0.1833 0
true 186 0.1843 0
true 187 0.1853 0
true 188 0.1863 0
true 189 0.1873 0
true 190 0.1883 2
true 191 0.1893 0
true 192 0.1903 0
true 193 0.1913 1
true 194 0.1923 0
true 195 0.1933 0
true 196 0.1943 0
true 197 0.1952 0
true 198 0.1962 0
true 199 0.1972 0
true 200 0.1982 0
true 201 0.1992 1
true 202 0.2002 0
true 203 0.2012 2
true 204 0.2022 0
true 205 0.2032 0
true 206 0.2042 0
true 207 0.2052 0
true 208 0.2061 1
true 209 0.2071 0
true 210 0.2081 0
true 211 0.2091 0
true 212 0.2101 0
true 213 0.2111 0
true 214 0.2121 0
true 215 0.2131 0
true 216 0.2141 1
true 217 0.2151 0
true 218 0.2161 0
true 219 0.2170 1
true 220 0.2180 1
true 221 0.2190 0
true 222 0.2200 0
true 223 0.2210 0
true 224 0.2220 1
true 225 0.2230 1
true 226 0.2240 0
true 227 0.2250 0
true 228 0.2260 0
true 229 0.2270 0
true 230 0.2279 0
true 231 0.2289 0
true 232 0.2299 1
true 233 0.2309 2
true 234 0.2319 0
true 235 0.2329 0
true 236 0.2339 1
true 237 0.2349 1
true 238 0.2359 0
true 239 0.2369 0
true 240 0.2379 0
true 241 0.2389 0
true 242 0.2398 1
true 243 0.2408 0
true 244 0.2418 1
true 245 0.2428 1
true 246 0.2438 0
true 247 0.2448 0
true 248 0.2458 0
true 249 0.2468 1
true 250 0.2478 1
true 251 0.2488 0
true 252 0.2498 0
true 253 0.2507 0
true 254 0.2517 0
true 255 0.2527 0
true 256 0.2537 0
true 257 0.2547 0
true 258 0.2557 0
true 259 0.2567 0
true 260 0.2577 0
true 261 0.2587 1
true 262 0.2597 0
true 263 0.2607 0
true 264 0.2616 0
true 265 0.2626 0
true 266 0.2636 3
true 267 0.2646 0
true 268 0.2656 0
true 269 0.2666 1
true 270 0.2676 0
true 271 0.2686 0
true 272 0.2696 0
true 273 0.2706 0
true 274 0.2716 0
true 275 0.2725 0
true 276 0.2735 0
true 277 0.2745 0
true 278 0.2755 0
true 279 0.2765 0
true 280 0.2775 2
true 281 0.2785 0
true 282 0.2795 1
true 283 0.2805 0
true 284 0.2815 0
true 285 0.2825 0
true 286 0.2834 1
true 287 0.2844 0
true 288 0.2854 2
true 289 0.2864 1
true 290 0.2874 0
true 291 0.2884 0
true 292 0.2894 0
true 293 0.2904 1
true 294 0.2914 1
true 295 0.2924 1
true 296 0.2934 0
true 297 0.2944 0
true 298 0.2953 0
true 299 0.2963 0
true 300 0.2973 0
true 301 0.2983 0
true 302 0.2993 0
true 303 0.3003 0
true 304 0.3013 0
true 305 0.3023 0
true 306 0.3033 0
true 307 0.3043 0
true 308 0.3053 1
true 309 0.3062 0
true 310 0.3072 1
true 311 0.3082 0
true 312 0.3092 0
true 313 0.3102 1
true 314 0.3112 1
true 315 0.3122 0
true 316 0.3132 0
true 317 0.3142 0
true 318 0.3152 0
true 319 0.3162 0
true 320 0.3171 1
true 321 0.3181 0
true 322 0.3191 0
true 323 0.3201 1
true 324 0.3211 0
true 325 0.3221 0
true 326 0.3231 0
true 327 0.3241 1
true 328 0.3251 1
true 329 0.3261 1
true 330 0.3271 0
true 331 0.3280 1
true 332 0.3290 0
true 333 0.3300 0
true 334 0.3310 1
true 335 0.3320 1
true 336 0.3330 2
true 337 0.3340 0
true 338 0.3350 0
true 339 0.3360 2
true 340 0.3370 0
true 341 0.3380 0
true 342 0.3389 2
true 343 0.3399 0
true 344 0.3409 0
true 345 0.3419 0
true 346 0.3429 2
true 347 0.3439 1
true 348 0.3449 0
true 349 0.3459 0
true 350 0.3469 0
true 351 0.3479 1
true 352 0.3489 0
true 353 0.3499 0
true 354 0.3508 1
true 355 0.3518 1
true 356 0.3528 1
true 357 0.3538 0
true 358 0.3548 0
true 359 0.3558 1
true 360 0.3568 0
true 361 0.3578 0
true 362 0.3588 0
true 363 0.3598 0
true 364 0.3608 2
true 365 0.3617 0
true 366 0.3627 0
true 367 0.3637 0
true 368 0.3647 0
true 369 0.3657 0
true 370 0.3667 1
true 371 0.3677 2
true 372 0.3687 0
true 373 0.3697 0
true 374 0.3707 0
true 375 0.3717 0
true 376 0.3726 0
true 377 0.3736 0
true 378 0.3746 1
true 379 0.3756 0
true 380 0.3766 1
true 381 0.3776 0
true 382 0.3786 1
true 383 0.3796 1
true 384 0.3806 1
true 385 0.3816 1
true 386 0.3826 0
true 387 0.3835 3
true 388 0.3845 0
true 389 0.3855 0
true 390 0.3865 0
true 391 0.3875 0
true 392 0.3885 1
true 393 0.3895 0
true 394 0.3905 1
true 395 0.3915 0
true 396 0.3925 0
true 397 0.3935 0
true 398 0.3944 0
true 399 0.3954 1
true 400 0.3964 0
true 401 0.3974 0
true 402 0.3984 4
true 403 0.3994 0
true 404 0.4004 0
true 405 0.4014 0
true 406 0.4024 1
true 407 0.4034 0
true 408 0.4044 0
true 409 0.4054 2
true 410 0.4063 0
true 411 0.4073 0
true 412 0.4083 1
true 413 0.4093 0
true 414 0.4103 0
true 415 0.4113 2
true 416 0.4123 1
true 417 0.4133 0
true 418 0.4143 1
true 419 0.4153 3
true 420 0.4163 0
true 421 0.4172 1
true 422 0.4182 1
true 423 0.4192 0
true 424 0.4202 1
true 425 0.4212 0
true 426 0.4222 4
true 427 0.4232 2
true 428 0.4242 0
true 429 0.4252 0
true 430 0.4262 2
true 431 0.4272 2
true 432 0.4281 0
true 433 0.4291 0
true 434 0.4301 2
true 435 0.4311 0
true 436 0.4321 2
true 437 0.4331 0
true 438 0.4341 0
true 439 0.4351 1
true 440 0.4361 1
true 441 0.4371 0
true 442 0.4381 2
true 443 0.4390 2
true 444 0.4400 0
true 445 0.4410 1
true 446 0.4420 1
true 447 0.4430 0
true 448 0.4440 0
true 449 0.4450 0
true 450 0.4460 0
true 451 0.4470 1
true 452 0.4480 0
true 453 0.4490 1
true 454 0.4500 2
true 455 0.4509 1
true 456 0.4519 0
true 457 0.4529 1
true 458 0.4539 0
true 459 0.4549 1
true 460 0.4559 0
true 461 0.4569 1
true 462 0.4579 0
true 463 0.4589 1
true 464 0.4599 1
true 465 0.4609 2
true 466 0.4618 1
true 467 0.4628 0
true 468 0.4638 0
true 469 0.4648 2
true 470 0.4658 0
true 471 0.4668 0
true 472 0.4678 1
true 473 0.4688 0
true 474 0.4698 1
true 475 0.4708 0
true 476 0.4718 0
true 477 0.4727 2
true 478 0.4737 1
true 479 0.4747 0
true 480 0.4757 2
true 481 0.4767 1
true 482 0.4777 0
true 483 0.4787 1
true 484 0.4797 2
true 485 0.4807 0
true 486 0.4817 0
true 487 0.4827 1
true 488 0.4836 1
true 489 0.4846 2
true 490 0.4856 0
true 491 0.4866 0
true 492 0.4876 0
true 493 0.4886 1
true 494 0.4896 4
true 495 0.4906 2
true 496 0.4916 0
true 497 0.4926 0
true 498 0.4936 0
true 499 0.4945 0
true 500 0.4955 0
true 501 0.4965 0
true 502 0.4975 0
true 503 0.4985 0
true 504 0.4995 0
true 505 0.5005 1
true 506 0.5015 1
true 507 0.5025 1
true 508 0.5035 1
true 509 0.5045 0
true 510 0.5055 1
true 511 0.5064 1
true 512 0.5074 2
true 513 0.5084 1
true 514 0.5094 0
true 515 0.5104 0
true 516 0.5114 1
true 517 0.5124 1
true 518 0.5134 4
true 519 0.5144 0
true 520 0.5154 1
true 521 0.5164 0
true 522 0.5173 0
true 523 0.5183 1
true 524 0.5193 0
true 525 0.5203 3
true 526 0.5213 1
true 527 0.5223 0
true 528 0.5233 2
true 529 0.5243 0
true 530 0.5253 2
true 531 0.5263 1
true 532 0.5273 0
true 533 0.5282 1
true 534 0.5292 0
true 535 0.5302 0
true 536 0.5312 2
true 537 0.5322 3
true 538 0.5332 0
true 539 0.5342 2
true 540 0.5352 0
true 541 0.5362 3
true 542 0.5372 1
true 543 0.5382 1
true 544 0.5391 3
true 545 0.5401 1
true 546 0.5411 1
true 547 0.5421 1
true 548 0.5431 0
true 549 0.5441 0
true 550 0.5451 3
true 551 0.5461 0
true 552 0.5471 0
true 553 0.5481 0
true 554 0.5491 0
true 555 0.5500 6
true 556 0.5510 0
true 557 0.5520 0
true 558 0.5530 0
true 559 0.5540 3
true 560 0.5550 0
true 561 0.5560 0
true 562 0.5570 0
true 563 0.5580 0
true 564 0.5590 0
true 565 0.5600 0
true 566 0.5610 0
true 567 0.5619 0
true 568 0.5629 0
true 569 0.5639 1
true 570 0.5649 1
true 571 0.5659 0
true 572 0.5669 0
true 573 0.5679 0
true 574 0.5689 5
true 575 0.5699 0
true 576 0.5709 0
true 577 0.5719 0
true 578 0.5728 2
true 579 0.5738 0
true 580 0.5748 0
true 581 0.5758 4
true 582 0.5768 5
true 583 0.5778 1
true 584 0.5788 1
true 585 0.5798 0
true 586 0.5808 0
true 587 0.5818 0
true 588 0.5828 0
true 589 0.5837 1
true 590 0.5847 2
true 591 0.5857 0
true 592 0.5867 1
true 593 0.5877 2
true 594 0.5887 0
true 595 0.5897 2
true 596 0.5907 5
true 597 0.5917 1
true 598 0.5927 3
true 599 0.5937 0
true 600 0.5946 1
true 601 0.5956 0
true 602 0.5966 0
true 603 0.5976 2
true 604 0.5986 1
true 605 0.5996 1
true 606 0.6006 0
true 607 0.6016 4
true 608 0.6026 3
true 609 0.6036 1
true 610 0.6046 1
true 611 0.6056 1
true 612 0.6065 5
true 613 0.6075 0
true 614 0.6085 0
true 615 0.6095 1
true 616 0.6105 0
true 617 0.6115 3
true 618 0.6125 2
true 619 0.6135 2
true 620 0.6145 0
true 621 0.6155 4
true 622 0.6165 0
true 623 0.6174 0
true 624 0.6184 0
true 625 0.6194 0
true 626 0.6204 3
true 627 0.6214 0
true 628 0.6224 1
true 629 0.6234 3
true 630 0.6244 0
true 631 0.6254 0
true 632 0.6264 0
true 633 0.6274 1
true 634 0.6283 4
true 635 0.6293 0
true 636 0.6303 3
true 637 0.6313 0
true 638 0.6323 3
true 639 0.6333 2
true 640 0.6343 0
true 641 0.6353 0
true 642 0.6363 3
true 643 0.6373 2
true 644 0.6383 4
true 645 0.6392 1
true 646 0.6402 6
true 647 0.6412 0
true 648 0.6422 0
true 649 0.6432 0
true 650 0.6442 1
true 651 0.6452 2
true 652 0.6462 1
true 653 0.6472 3
true 654 0.6482 0
true 655 0.6492 0
true 656 0.6501 1
true 657 0.6511 1
true 658 0.6521 3
true 659 0.6531 0
true 660 0.6541 4
true 661 0.6551 7
true 662 0.6561 1
true 663 0.6571 0
true 664 0.6581 4
true 665 0.6591 6
true 666 0.6601 0
true 667 0.6611 0
true 668 0.6620 7
true 669 0.6630 7
true 670 0.6640 5
true 671 0.6650 3
true 672 0.6660 7
true 673 0.6670 0
true 674 0.6680 1
true 675 0.6690 2
true 676 0.6700 2
true 677 0.6710 1
true 678 0.6720 1
true 679 0.6729 2
true 680 0.6739 4
true 681 0.6749 2
true 682 0.6759 1
true 683 0.6769 0
true 684 0.6779 0
true 685 0.6789 1
true 686 0.6799 1
true 687 0.6809 0
true 688 0.6819 0
true 689 0.6829 6
true 690 0.6838 4
true 691 0.6848 1
true 692 0.6858 0
true 693 0.6868 0
true 694 0.6878 2
true 695 0.6888 2
true 696 0.6898 0
true 697 0.6908 1
true 698 0.6918 0
true 699 0.6928 0
true 700 0.6938 0
true 701 0.6947 4
true 702 0.6957 2
true 703 0.6967 3
true 704 0.6977 2
true 705 0.6987 1
true 706 0.6997 2
true 707 0.7007 2
true 708 0.7017 7
true 709 0.7027 0
true 710 0.7037 5
true 711 0.7047 0
true 712 0.7056 0
true 713 0.7066 0
true 714 0.7076 0
true 715 0.7086 0
true 716 0.7096 0
true 717 0.7106 0
true 718 0.7116 0
true 719 0.7126 0
true 720 0.7136 6
true 721 0.7146 4
true 722 0.7156 6
true 723 0.7166 0
true 724 0.7175 3
true 725 0.7185 0
true 726 0.7195 1
true 727 0.7205 3
true 728 0.7215 2
true 729 0.7225 4
true 730 0.7235 0
true 731 0.7245 0
true 732 0.7255 4
true 733 0.7265 5
true 734 0.7275 0
true 735 0.7284 0
true 736 0.7294 16
true 737 0.7304 1
true 738 0.7314 0
true 739 0.7324 0
true 740 0.7334 1
true 741 0.7344 0
true 742 0.7354 9
true 743 0.7364 0
true 744 0.7374 1
true 745 0.7384 0
true 746 0.7393 7
true 747 0.7403 2
true 748 0.7413 4
true 749 0.7423 0
true 750 0.7433 4
true 751 0.7443 4
true 752 0.7453 6
true 753 0.7463 0
true 754 0.7473 1
true 755 0.7483 6
true 756 0.7493 4
true 757 0.7502 2
true 758 0.7512 6
true 759 0.7522 1
true 760 0.7532 5
true 761 0.7542 5
true 762 0.7552 0
true 763 0.7562 4
true 764 0.7572 6
true 765 0.7582 1
true 766 0.7592 2
true 767 0.7602 2
true 768 0.7611 4
true 769 0.7621 0
true 770 0.7631 2
true 771 0.7641 3
true 772 0.7651 11
true 773 0.7661 1
true 774 0.7671 5
true 775 0.7681 2
true 776 0.7691 6
true 777 0.7701 16
true 778 0.7711 1
true 779 0.7721 12
true 780 0.7730 1
true 781 0.7740 16
true 782 0.7750 6
true 783 0.7760 2
true 784 0.7770 2
true 785 0.7780 1
true 786 0.7790 0
true 787 0.7800 1
true 788 0.7810 7
true 789 0.7820 5
true 790 0.7830 3
true 791 0.7839 5
true 792 0.7849 2
true 793 0.7859 5
true 794 0.7869 6
true 795 0.7879 7
true 796 0.7889 3
true 797 0.7899 8
true 798 0.7909 0
true 799 0.7919 6
true 800 0.7929 6
true 801 0.7939 11
true 802 0.7948 6
true 803 0.7958 4
true 804 0.7968 9
true 805 0.7978 4
true 806 0.7988 1
true 807 0.7998 4
true 808 0.8008 3
true 809 0.8018 7
true 810 0.8028 2
true 811 0.8038 0
true 812 0.8048 3
true 813 0.8057 0
true 814 0.8067 2
true 815 0.8077 0
true 816 0.8087 3
true 817 0.8097 1
true 818 0.8107 5
true 819 0.8117 0
true 820 0.8127 1
true 821 0.8137 0
true 822 0.8147 4
true 823 0.8157 7
true 824 0.8167 8
true 825 0.8176 8
true 826 0.8186 1
true 827 0.8196 5
true 828 0.8206 3
true 829 0.8216 5
true 830 0.8226 11
true 831 0.8236 16
true 832 0.8246 3
true 833 0.8256 0
true 834 0.8266 3
true 835 0.8276 10
true 836 0.8285 27
true 837 0.8295 16
true 838 0.8305 3
true 839 0.8315 14
true 840 0.8325 4
true 841 0.8335 4
true 842 0.8345 11
true 843 0.8355 10
true 844 0.8365 23
true 845 0.8375 6
true 846 0.8385 8
true 847 0.8394 1
true 848 0.8404 1
true 849 0.8414 4
true 850 0.8424 5
true 851 0.8434 1
true 852 0.8444 1
true 853 0.8454 6
true 854 0.8464 18
true 855 0.8474 9
true 856 0.8484 14
true 857 0.8494 15
true 858 0.8503 9
true 859 0.8513 7
true 860 0.8523 0
true 861 0.8533 15
true 862 0.8543 13
true 863 0.8553 1
true 864 0.8563 0
true 865 0.8573 5
true 866 0.8583 0
true 867 0.8593 4
true 868 0.8603 4
true 869 0.8612 14
true 870 0.8622 11
true 871 0.8632 16
true 872 0.8642 3
true 873 0.8652 0
true 874 0.8662 14
true 875 0.8672 7
true 876 0.8682 16
true 877 0.8692 22
true 878 0.8702 3
true 879 0.8712 0
true 880 0.8722 5
true 881 0.8731 0
true 882 0.8741 0
true 883 0.8751 10
true 884 0.8761 4
true 885 0.8771 4
true 886 0.8781 29
true 887 0.8791 1
true 888 0.8801 4
true 889 0.8811 9
true 890 0.8821 0
true 891 0.8831 8
true 892 0.8840 2
true 893 0.8850 11
true 894 0.8860 3
true 895 0.8870 3
true 896 0.8880 10
true 897 0.8890 1
true 898 0.8900 4
true 899 0.8910 5
true 900 0.8920 4
true 901 0.8930 4
true 902 0.8940 10
true 903 0.8949 18
true 904 0.8959 0
true 905 0.8969 11
true 906 0.8979 0
true 907 0.8989 5
true 908 0.8999 1
true 909 0.9009 4
true 910 0.9019 7
true 911 0.9029 2
true 912 0.9039 17
true 913 0.9049 11
true 914 0.9058 27
true 915 0.9068 7
true 916 0.9078 3
true 917 0.9088 10
true 918 0.9098 5
true 919 0.9108 11
true 920 0.9118 9
true 921 0.9128 3
true 922 0.9138 11
true 923 0.9148 8
true 924 0.9158 8
true 925 0.9167 31
true 926 0.9177 3
true 927 0.9187 13
true 928 0.9197 12
true 929 0.9207 15
true 930 0.9217 6
true 931 0.9227 12
true 932 0.9237 4
true 933 0.9247 13
true 934 0.9257 7
true 935 0.9267 1
true 936 0.9277 10
true 937 0.9286 19
true 938 0.9296 25
true 939 0.9306 3
true 940 0.9316 3
true 941 0.9326 13
true 942 0.9336 6
true 943 0.9346 28
true 944 0.9356 5
true 945 0.9366 3
true 946 0.9376 4
true 947 0.9386 0
true 948 0.9395 11
true 949 0.9405 13
true 950 0.9415 21
true 951 0.9425 20
true 952 0.9435 33
true 953 0.9445 2
true 954 0.9455 9
true 955 0.9465 2
true 956 0.9475 9
true 957 0.9485 9
true 958 0.9495 24
true 959 0.9504 35
true 960 0.9514 30
true 961 0.9524 15
true 962 0.9534 70
true 963 0.9544 44
true 964 0.9554 14
true 965 0.9564 14
true 966 0.9574 34
true 967 0.9584 108
true 968 0.9594 19
true 969 0.9604 4
true 970 0.9613 21
true 971 0.9623 8
true 972 0.9633 64
true 973 0.9643 62
true 974 0.9653 63
true 975 0.9663 22
true 976 0.9673 48
true 977 0.9683 38
true 978 0.9693 1
true 979 0.9703 22
true 980 0.9713 9
true 981 0.9722 60
true 982 0.9732 14
true 983 0.9742 49
true 984 0.9752 5
true 985 0.9762 129
true 986 0.9772 38
true 987 0.9782 2
true 988 0.9792 131
true 989 0.9802 15
true 990 0.9812 193
true 991 0.9822 142
true 992 0.9832 4
true 993 0.9841 24
true 994 0.9851 7
true 995 0.9861 196
true 996 0.9871 13
true 997 0.9881 24
true 998 0.9891 133
true 999 0.9901 122
true 1000 0.9911 113
true 1001 0.9921 367
true 1002 0.9931 63
true 1003 0.9941 277
true 1004 0.9950 601
true 1005 0.9960 126
true 1006 0.9970 216
true 1007 0.9980 461
true 1008 0.9990 106
true 1009 1.0000 35
false 1009 1.0000
false 1009 1.0000
false 1009 1.0000
false 1009 1.0000
false 1009 1.0000
false 1009 1.0000
false 1009 1.0000
false 1009 1.0000
false 1009 1.0000
false 1009 1.0000
