true 1 0.0010 0
true 2 0.0020 0
true 3 0.0029 0
true 4 0.0039 0
true 5 0.0049 0
true 6 0.0059 0
true 7 0.0068 0
true 8 0.0078 0
true 9 0.0088 0
true 10 0.0098 0
true 11 0.0107 0
true 12 0.0117 0
true 13 0.0127 0
true 14 0.0137 0
true 15 0.0146 0
true 16 0.0156 0
true 17 0.0166 0
true 18 0.0176 0
true 19 0.0186 0
true 20 0.0195 0
true 21 0.0205 0
true 22 0.0215 0
true 23 0.0225 0
true 24 0.0234 0
true 25 0.0244 0
true 26 0.0254 0
true 27 0.0264 0
true 28 0.0273 0
true 29 0.0283 0
true 30 0.0293 0
true 31 0.0303 0
true 32 0.0313 0
true 33 0.0322 0
true 34 0.0332 0
true 35 0.0342 0
true 36 0.0352 0
true 37 0.0361 0
true 38 0.0371 0
true 39 0.0381 0
true 40 0.0391 0
true 41 0.0400 0
true 42 0.0410 0
true 43 0.0420 0
true 44 0.0430 0
true 45 0.0439 0
true 46 0.0449 0
true 47 0.0459 0
true 48 0.0469 0
true 49 0.0479 0
true 50 0.0488 0
true 51 0.0498 0
true 52 0.0508 0
true 53 0.0518 0
true 54 0.0527 0
true 55 0.0537 1
true 56 0.0547 0
true 57 0.0557 1
true 58 0.0566 0
true 59 0.0576 0
true 60 0.0586 1
true 61 0.0596 0
true 62 0.0605 0
true 63 0.0615 0
true 64 0.0625 0
true 65 0.0635 0
true 66 0.0645 0
true 67 0.0654 0
true 68 0.0664 0
true 69 0.0674 0
true 70 0.0684 0
true 71 0.0693 0
true 72 0.0703 0
true 73 0.0713 0
true 74 0.0723 0
true 75 0.0732 0
true 76 0.0742 0
true 77 0.0752 0
true 78 0.0762 0
true 79 0.0771 0
true 80 0.0781 0
true 81 0.0791 0
true 82 0.0801 0
true 83 0.0811 1
true 84 0.0820 0
true 85 0.0830 0
true 86 0.0840 1
true 87 0.0850 0
true 88 0.0859 0
true 89 0.0869 0
true 90 0.0879 0
true 91 0.0889 0
true 92 0.0898 0
true 93 0.0908 0
true 94 0.0918 0
true 95 0.0928 0
true 96 0.0938 0
true 97 0.0947 0
true 98 0.0957 0
true 99 0.0967 0
true 100 0.0977 0
true 101 0.0986 0
true 102 0.0996 0
true 103 0.1006 0
true 104 0.1016 0
true 105 0.1025 0
true 106 0.1035 0
true 107 0.1045 1
true 108 0.1055 0
true 109 0.1064 0
true 110 0.1074 0
true 111 0.1084 0
true 112 0.1094 0
true 113 0.1104 0
true 114 0.1113 0
true 115 0.1123 0
true 116 0.1133 0
true 117 0.1143 0
true 118 0.1152 0
true 119 0.1162 0
true 120 0.1172 0
true 121 0.1182 0
true 122 0.1191 0
true 123 0.1201 0
true 124 0.1211 0
true 125 0.1221 1
true 126 0.1230 0
true 127 0.1240 0
true 128 0.1250 0
true 129 0.1260 0
true 130 0.1270 0
true 131 0.1279 0
true 132 0.1289 0
true 133 0.1299 0
true 134 0.1309 0
true 135 0.1318 0
true 136 0.1328 0
true 137 0.1338 0
true 138 0.1348 1
true 139 0.1357 0
true 140 0.1367 0
true 141 0.1377 0
true 142 0.1387 0
true 143 0.1396 0
true 144 0.1406 0
true 145 0.1416 0
true 146 0.1426 0
true 147 0.1436 0
true 148 0.1445 0
true 149 0.1455 0
true 150 0.1465 0
true 151 0.1475 0
true 152 0.1484 0
true 153 0.1494 0
true 154 0.1504 0
true 155 0.1514 1
true 156 0.1523 0
true 157 0.1533 0
true 158 0.1543 0
true 159 0.1553 2
true 160 0.1563 0
true 161 0.1572 0
true 162 0.1582 0
true 163 0.1592 0
true 164 0.1602 0
true 165 0.1611 0
true 166 0.1621 0
true 167 0.1631 0
true 168 0.1641 1
true 169 0.1650 0
true 170 0.1660 0
true 171 0.1670 0
true 172 0.1680 0
true 173 0.1689 0
true 174 0.1699 0
true 175 0.1709 0
true 176 0.1719 0
true 177 0.1729 0
true 178 0.1738 0
true 179 0.1748 0
true 180 0.1758 0
true 181 0.1768 0
true 182 0.1777 0
true 183 0.1787 0
true 184 0.1797 0
true 185 0.1807 1
true 186 0.1816 0
true 187 0.1826 0
true 188 0.1836 0
true 189 0.1846 0
true 190 0.1855 0
true 191 0.1865 0
true 192 0.1875 0
true 193 0.1885 0
true 194 0.1895 0
true 195 0.1904 0
true 196 0.1914 0
true 197 0.1924 0
true 198 0.1934 0
true 199 0.1943 0
true 200 0.1953 0
true 201 0.1963 0
true 202 0.1973 0
true 203 0.1982 0
true 204 0.1992 0
true 205 0.2002 0
true 206 0.2012 0
true 207 0.2021 0
true 208 0.2031 0
true 209 0.2041 0
true 210 0.2051 0
true 211 0.2061 0
true 212 0.2070 0
true 213 0.2080 1
true 214 0.2090 0
true 215 0.2100 0
true 216 0.2109 0
true 217 0.2119 0
true 218 0.2129 0
true 219 0.2139 1
true 220 0.2148 0
true 221 0.2158 0
true 222 0.2168 0
true 223 0.2178 0
true 224 0.2188 0
true 225 0.2197 0
true 226 0.2207 0
true 227 0.2217 0
true 228 0.2227 0
true 229 0.2236 0
true 230 0.2246 0
true 231 0.2256 0
true 232 0.2266 0
true 233 0.2275 1
true 234 0.2285 0
true 235 0.2295 0
true 236 0.2305 0
true 237 0.2314 0
true 238 0.2324 1
true 239 0.2334 0
true 240 0.2344 0
true 241 0.2354 0
true 242 0.2363 0
true 243 0.2373 0
true 244 0.2383 1
true 245 0.2393 0
true 246 0.2402 0
true 247 0.2412 0
true 248 0.2422 1
true 249 0.2432 0
true 250 0.2441 0
true 251 0.2451 0
true 252 0.2461 1
true 253 0.2471 1
true 254 0.2480 1
true 255 0.2490 0
true 256 0.2500 0
true 257 0.2510 0
true 258 0.2520 0
true 259 0.2529 0
true 260 0.2539 0
true 261 0.2549 0
true 262 0.2559 1
true 263 0.2568 0
true 264 0.2578 1
true 265 0.2588 0
true 266 0.2598 0
true 267 0.2607 0
true 268 0.2617 0
true 269 0.2627 2
true 270 0.2637 0
true 271 0.2646 0
true 272 0.2656 0
true 273 0.2666 0
true 274 0.2676 8
true 275 0.2686 0
true 276 0.2695 0
true 277 0.2705 1
true 278 0.2715 0
true 279 0.2725 0
true 280 0.2734 0
true 281 0.2744 0
true 282 0.2754 0
true 283 0.2764 0
true 284 0.2773 0
true 285 0.2783 0
true 286 0.2793 1
true 287 0.2803 0
true 288 0.2813 0
true 289 0.2822 0
true 290 0.2832 0
true 291 0.2842 0
true 292 0.2852 0
true 293 0.2861 0
true 294 0.2871 0
true 295 0.2881 0
true 296 0.2891 0
true 297 0.2900 0
true 298 0.2910 0
true 299 0.2920 1
true 300 0.2930 0
true 301 0.2939 0
true 302 0.2949 2
true 303 0.2959 2
true 304 0.2969 0
true 305 0.2979 0
true 306 0.2988 0
true 307 0.2998 0
true 308 0.3008 0
true 309 0.3018 1
true 310 0.3027 5
true 311 0.3037 0
true 312 0.3047 1
true 313 0.3057 0
true 314 0.3066 0
true 315 0.3076 1
true 316 0.3086 1
true 317 0.3096 1
true 318 0.3105 0
true 319 0.3115 0
true 320 0.3125 1
true 321 0.3135 0
true 322 0.3145 0
true 323 0.3154 0
true 324 0.3164 1
true 325 0.3174 0
true 326 0.3184 1
true 327 0.3193 2
true 328 0.3203 1
true 329 0.3213 0
true 330 0.3223 2
true 331 0.3232 1
true 332 0.3242 0
true 333 0.3252 1
true 334 0.3262 0
true 335 0.3271 0
true 336 0.3281 0
true 337 0.3291 0
true 338 0.3301 0
true 339 0.3311 0
true 340 0.3320 0
true 341 0.3330 0
true 342 0.3340 0
true 343 0.3350 1
true 344 0.3359 0
true 345 0.3369 1
true 346 0.3379 0
true 347 0.3389 0
true 348 0.3398 2
true 349 0.3408 0
true 350 0.3418 0
true 351 0.3428 0
true 352 0.3438 3
true 353 0.3447 0
true 354 0.3457 0
true 355 0.3467 0
true 356 0.3477 0
true 357 0.3486 0
true 358 0.3496 0
true 359 0.3506 2
true 360 0.3516 0
true 361 0.3525 0
true 362 0.3535 1
true 363 0.3545 0
true 364 0.3555 0
true 365 0.3564 0
true 366 0.3574 0
true 367 0.3584 0
true 368 0.3594 0
true 369 0.3604 1
true 370 0.3613 0
true 371 0.3623 0
true 372 0.3633 0
true 373 0.3643 0
true 374 0.3652 0
true 375 0.3662 0
true 376 0.3672 0
true 377 0.3682 0
true 378 0.3691 1
true 379 0.3701 6
true 380 0.3711 0
true 381 0.3721 0
true 382 0.3730 0
true 383 0.3740 0
true 384 0.3750 0
true 385 0.3760 2
true 386 0.3770 2
true 387 0.3779 0
true 388 0.3789 0
true 389 0.3799 1
true 390 0.3809 0
true 391 0.3818 4
true 392 0.3828 0
true 393 0.3838 0
true 394 0.3848 1
true 395 0.3857 0
true 396 0.3867 0
true 397 0.3877 7
true 398 0.3887 0
true 399 0.3896 0
true 400 0.3906 3
true 401 0.3916 2
true 402 0.3926 0
true 403 0.3936 0
true 404 0.3945 0
true 405 0.3955 0
true 406 0.3965 0
true 407 0.3975 2
true 408 0.3984 0
true 409 0.3994 0
true 410 0.4004 0
true 411 0.4014 0
true 412 0.4023 0
true 413 0.4033 0
true 414 0.4043 1
true 415 0.4053 4
true 416 0.4063 0
true 417 0.4072 1
true 418 0.4082 0
true 419 0.4092 0
true 420 0.4102 1
true 421 0.4111 5
true 422 0.4121 0
true 423 0.4131 0
true 424 0.4141 0
true 425 0.4150 0
true 426 0.4160 0
true 427 0.4170 1
true 428 0.4180 1
true 429 0.4189 0
true 430 0.4199 0
true 431 0.4209 2
true 432 0.4219 2
true 433 0.4229 0
true 434 0.4238 2
true 435 0.4248 6
true 436 0.4258 1
true 437 0.4268 0
true 438 0.4277 1
true 439 0.4287 0
true 440 0.4297 0
true 441 0.4307 0
true 442 0.4316 2
true 443 0.4326 0
true 444 0.4336 0
true 445 0.4346 0
true 446 0.4355 0
true 447 0.4365 2
true 448 0.4375 0
true 449 0.4385 0
true 450 0.4395 0
true 451 0.4404 0
true 452 0.4414 2
true 453 0.4424 2
true 454 0.4434 0
true 455 0.4443 0
true 456 0.4453 1
true 457 0.4463 0
true 458 0.4473 0
true 459 0.4482 0
true 460 0.4492 0
true 461 0.4502 0
true 462 0.4512 1
true 463 0.4521 0
true 464 0.4531 2
true 465 0.4541 0
true 466 0.4551 0
true 467 0.4561 1
true 468 0.4570 0
true 469 0.4580 0
true 470 0.4590 1
true 471 0.4600 2
true 472 0.4609 3
true 473 0.4619 3
true 474 0.4629 1
true 475 0.4639 0
true 476 0.4648 0
true 477 0.4658 1
true 478 0.4668 0
true 479 0.4678 2
true 480 0.4688 3
true 481 0.4697 3
true 482 0.4707 1
true 483 0.4717 2
true 484 0.4727 1
true 485 0.4736 0
true 486 0.4746 2
true 487 0.4756 0
true 488 0.4766 1
true 489 0.4775 1
true 490 0.4785 5
true 491 0.4795 0
true 492 0.4805 3
true 493 0.4814 1
true 494 0.4824 1
true 495 0.4834 0
true 496 0.4844 1
true 497 0.4854 0
true 498 0.4863 4
true 499 0.4873 0
true 500 0.4883 0
true 501 0.4893 0
true 502 0.4902 0
true 503 0.4912 0
true 504 0.4922 0
true 505 0.4932 1
true 506 0.4941 0
true 507 0.4951 4
true 508 0.4961 4
true 509 0.4971 0
true 510 0.4980 0
true 511 0.4990 4
true 512 0.5000 0
true 513 0.5010 1
true 514 0.5020 0
true 515 0.5029 0
true 516 0.5039 0
true 517 0.5049 4
true 518 0.5059 1
true 519 0.5068 2
true 520 0.5078 3
true 521 0.5088 0
true 522 0.5098 0
true 523 0.5107 0
true 524 0.5117 1
true 525 0.5127 0
true 526 0.5137 1
true 527 0.5146 0
true 528 0.5156 0
true 529 0.5166 1
true 530 0.5176 1
true 531 0.5186 1
true 532 0.5195 0
true 533 0.5205 0
true 534 0.5215 2
true 535 0.5225 2
true 536 0.5234 0
true 537 0.5244 0
true 538 0.5254 1
true 539 0.5264 0
true 540 0.5273 0
true 541 0.5283 0
true 542 0.5293 4
true 543 0.5303 1
true 544 0.5313 0
true 545 0.5322 2
true 546 0.5332 1
true 547 0.5342 1
true 548 0.5352 1
true 549 0.5361 0
true 550 0.5371 0
true 551 0.5381 1
true 552 0.5391 1
true 553 0.5400 4
true 554 0.5410 1
true 555 0.5420 2
true 556 0.5430 0
true 557 0.5439 1
true 558 0.5449 0
true 559 0.5459 4
true 560 0.5469 0
true 561 0.5479 0
true 562 0.5488 0
true 563 0.5498 1
true 564 0.5508 3
true 565 0.5518 1
true 566 0.5527 0
true 567 0.5537 0
true 568 0.5547 7
true 569 0.5557 3
true 570 0.5566 2
true 571 0.5576 1
true 572 0.5586 0
true 573 0.5596 1
true 574 0.5605 4
true 575 0.5615 0
true 576 0.5625 2
true 577 0.5635 0
true 578 0.5645 0
true 579 0.5654 2
true 580 0.5664 0
true 581 0.5674 0
true 582 0.5684 1
true 583 0.5693 0
true 584 0.5703 1
true 585 0.5713 0
true 586 0.5723 0
true 587 0.5732 1
true 588 0.5742 1
true 589 0.5752 0
true 590 0.5762 2
true 591 0.5771 0
true 592 0.5781 4
true 593 0.5791 0
true 594 0.5801 1
true 595 0.5811 0
true 596 0.5820 8
true 597 0.5830 3
true 598 0.5840 4
true 599 0.5850 8
true 600 0.5859 6
true 601 0.5869 2
true 602 0.5879 2
true 603 0.5889 1
true 604 0.5898 4
true 605 0.5908 1
true 606 0.5918 0
true 607 0.5928 1
true 608 0.5938 0
true 609 0.5947 1
true 610 0.5957 2
true 611 0.5967 1
true 612 0.5977 5
true 613 0.5986 2
true 614 0.5996 6
true 615 0.6006 2
true 616 0.6016 0
true 617 0.6025 0
true 618 0.6035 0
true 619 0.6045 4
true 620 0.6055 0
true 621 0.6064 3
true 622 0.6074 1
true 623 0.6084 2
true 624 0.6094 5
true 625 0.6104 1
true 626 0.6113 0
true 627 0.6123 0
true 628 0.6133 11
true 629 0.6143 2
true 630 0.6152 1
true 631 0.6162 3
true 632 0.6172 5
true 633 0.6182 0
true 634 0.6191 0
true 635 0.6201 0
true 636 0.6211 0
true 637 0.6221 4
true 638 0.6230 3
true 639 0.6240 2
true 640 0.6250 2
true 641 0.6260 1
true 642 0.6270 2
true 643 0.6279 0
true 644 0.6289 3
true 645 0.6299 7
true 646 0.6309 0
true 647 0.6318 1
true 648 0.6328 0
true 649 0.6338 0
true 650 0.6348 2
true 651 0.6357 3
true 652 0.6367 7
true 653 0.6377 0
true 654 0.6387 1
true 655 0.6396 3
true 656 0.6406 2
true 657 0.6416 3
true 658 0.6426 0
true 659 0.6436 0
true 660 0.6445 0
true 661 0.6455 0
true 662 0.6465 1
true 663 0.6475 1
true 664 0.6484 0
true 665 0.6494 5
true 666 0.6504 0
true 667 0.6514 8
true 668 0.6523 1
true 669 0.6533 0
true 670 0.6543 2
true 671 0.6553 0
true 672 0.6563 8
true 673 0.6572 1
true 674 0.6582 1
true 675 0.6592 0
true 676 0.6602 3
true 677 0.6611 4
true 678 0.6621 1
true 679 0.6631 4
true 680 0.6641 2
true 681 0.6650 1
true 682 0.6660 0
true 683 0.6670 1
true 684 0.6680 0
true 685 0.6689 2
true 686 0.6699 15
true 687 0.6709 4
true 688 0.6719 0
true 689 0.6729 4
true 690 0.6738 6
true 691 0.6748 0
true 692 0.6758 9
true 693 0.6768 2
true 694 0.6777 0
true 695 0.6787 1
true 696 0.6797 12
true 697 0.6807 2
true 698 0.6816 0
true 699 0.6826 0
true 700 0.6836 6
true 701 0.6846 3
true 702 0.6855 2
true 703 0.6865 0
true 704 0.6875 2
true 705 0.6885 5
true 706 0.6895 0
true 707 0.6904 0
true 708 0.6914 4
true 709 0.6924 0
true 710 0.6934 14
true 711 0.6943 4
true 712 0.6953 0
true 713 0.6963 3
true 714 0.6973 1
true 715 0.6982 17
true 716 0.6992 0
true 717 0.7002 2
true 718 0.7012 11
true 719 0.7021 1
true 720 0.7031 0
true 721 0.7041 0
true 722 0.7051 3
true 723 0.7061 8
true 724 0.7070 9
true 725 0.7080 8
true 726 0.7090 1
true 727 0.7100 1
true 728 0.7109 2
true 729 0.7119 4
true 730 0.7129 1
true 731 0.7139 0
true 732 0.7148 0
true 733 0.7158 0
true 734 0.7168 2
true 735 0.7178 3
true 736 0.7188 1
true 737 0.7197 0
true 738 0.7207 14
true 739 0.7217 0
true 740 0.7227 1
true 741 0.7236 6
true 742 0.7246 10
true 743 0.7256 6
true 744 0.7266 2
true 745 0.7275 0
true 746 0.7285 10
true 747 0.7295 33
true 748 0.7305 18
true 749 0.7314 6
true 750 0.7324 4
true 751 0.7334 2
true 752 0.7344 0
true 753 0.7354 6
true 754 0.7363 5
true 755 0.7373 0
true 756 0.7383 3
true 757 0.7393 0
true 758 0.7402 0
true 759 0.7412 5
true 760 0.7422 2
true 761 0.7432 1
true 762 0.7441 23
true 763 0.7451 3
true 764 0.7461 14
true 765 0.7471 13
true 766 0.7480 1
true 767 0.7490 0
true 768 0.7500 1
true 769 0.7510 7
true 770 0.7520 5
true 771 0.7529 0
true 772 0.7539 0
true 773 0.7549 13
true 774 0.7559 0
true 775 0.7568 0
true 776 0.7578 4
true 777 0.7588 5
true 778 0.7598 1
true 779 0.7607 0
true 780 0.7617 21
true 781 0.7627 13
true 782 0.7637 4
true 783 0.7646 7
true 784 0.7656 0
true 785 0.7666 7
true 786 0.7676 13
true 787 0.7686 2
true 788 0.7695 10
true 789 0.7705 0
true 790 0.7715 4
true 791 0.7725 6
true 792 0.7734 11
true 793 0.7744 36
true 794 0.7754 2
true 795 0.7764 3
true 796 0.7773 5
true 797 0.7783 5
true 798 0.7793 8
true 799 0.7803 2
true 800 0.7813 0
true 801 0.7822 0
true 802 0.7832 3
true 803 0.7842 6
true 804 0.7852 3
true 805 0.7861 6
true 806 0.7871 12
true 807 0.7881 0
true 808 0.7891 2
true 809 0.7900 2
true 810 0.7910 1
true 811 0.7920 0
true 812 0.7930 2
true 813 0.7939 5
false 813 0.7939
true 814 0.7949 10
true 815 0.7959 8
true 816 0.7969 2
true 817 0.7979 8
true 818 0.7988 7
true 819 0.7998 3
true 820 0.8008 41
true 821 0.8018 6
true 822 0.8027 19
true 823 0.8037 0
true 824 0.8047 2
true 825 0.8057 0
true 826 0.8066 26
true 827 0.8076 4
true 828 0.8086 0
true 829 0.8096 6
true 830 0.8105 2
true 831 0.8115 2
true 832 0.8125 0
true 833 0.8135 4
true 834 0.8145 15
true 835 0.8154 0
true 836 0.8164 2
true 837 0.8174 2
true 838 0.8184 10
true 839 0.8193 12
true 840 0.8203 1
true 841 0.8213 9
true 842 0.8223 0
true 843 0.8232 14
true 844 0.8242 1
true 845 0.8252 8
true 846 0.8262 3
true 847 0.8271 47
true 848 0.8281 6
true 849 0.8291 15
true 850 0.8301 56
true 851 0.8311 0
true 852 0.8320 2
true 853 0.8330 26
true 854 0.8340 3
true 855 0.8350 0
true 856 0.8359 11
true 857 0.8369 0
true 858 0.8379 6
true 859 0.8389 2
true 860 0.8398 0
true 861 0.8408 0
true 862 0.8418 11
true 863 0.8428 23
true 864 0.8438 10
true 865 0.8447 4
true 866 0.8457 36
true 867 0.8467 22
true 868 0.8477 20
true 869 0.8486 8
true 870 0.8496 13
true 871 0.8506 7
true 872 0.8516 6
true 873 0.8525 40
true 874 0.8535 12
true 875 0.8545 28
true 876 0.8555 43
true 877 0.8564 0
true 878 0.8574 118
true 879 0.8584 6
false 879 0.8584
true 880 0.8594 2
true 881 0.8604 8
true 882 0.8613 74
true 883 0.8623 93
true 884 0.8633 93
true 885 0.8643 4
true 886 0.8652 0
true 887 0.8662 0
false 887 0.8662
true 888 0.8672 14
true 889 0.8682 378
false 889 0.8682
false 889 0.8682
true 890 0.8691 4
true 891 0.8701 4
false 891 0.8701
false 891 0.8701
false 891 0.8701
false 891 0.8701
false 891 0.8701
false 891 0.8701
true 892 0.8711 6
true 893 0.8721 10
true 894 0.8730 2
true 895 0.8740 4
true 896 0.8750 0
false 896 0.8750
false 896 0.8750
true 897 0.8760 26
false 897 0.8760
false 897 0.8760
false 897 0.8760
true 898 0.8770 16
false 898 0.8770
false 898 0.8770
true 899 0.8779 4
true 900 0.8789 2
true 901 0.8799 0
false 901 0.8799
false 901 0.8799
false 901 0.8799
false 901 0.8799
false 901 0.8799
false 901 0.8799
true 902 0.8809 8
true 903 0.8818 0
false 903 0.8818
false 903 0.8818
true 904 0.8828 30
false 904 0.8828
false 904 0.8828
false 904 0.8828
false 904 0.8828
true 905 0.8838 24
false 905 0.8838
false 905 0.8838
true 906 0.8848 2
false 906 0.8848
true 907 0.8857 6
false 907 0.8857
true 908 0.8867 0
false 908 0.8867
false 908 0.8867
false 908 0.8867
false 908 0.8867
false 908 0.8867
true 909 0.8877 2
false 909 0.8877
true 910 0.8887 2
false 910 0.8887
true 911 0.8896 2
false 911 0.8896
true 912 0.8906 14
true 913 0.8916 0
false 913 0.8916
true 914 0.8926 12
false 914 0.8926
false 914 0.8926
true 915 0.8936 8
false 915 0.8936
false 915 0.8936
false 915 0.8936
true 916 0.8945 2
false 916 0.8945
false 916 0.8945
true 917 0.8955 18
false 917 0.8955
true 918 0.8965 6
false 918 0.8965
false 918 0.8965
false 918 0.8965
true 919 0.8975 8
true 920 0.8984 0
false 920 0.8984
false 920 0.8984
false 920 0.8984
true 921 0.8994 0
false 921 0.8994
true 922 0.9004 2
false 922 0.9004
false 922 0.9004
true 923 0.9014 8
true 924 0.9023 14
true 925 0.9033 2
true 926 0.9043 0
true 927 0.9053 2
true 928 0.9063 0
true 929 0.9072 10
false 929 0.9072
false 929 0.9072
true 930 0.9082 32
true 931 0.9092 2
false 931 0.9092
true 932 0.9102 22
false 932 0.9102
true 933 0.9111 10
false 933 0.9111
false 933 0.9111
true 934 0.9121 4
true 935 0.9131 6
false 935 0.9131
true 936 0.9141 30
false 936 0.9141
false 936 0.9141
false 936 0.9141
true 937 0.9150 10
true 938 0.9160 4
true 939 0.9170 10
true 940 0.9180 10
false 940 0.9180
true 941 0.9189 10
false 941 0.9189
true 942 0.9199 2
true 943 0.9209 48
true 944 0.9219 22
true 945 0.9229 2
true 946 0.9238 0
false 946 0.9238
true 947 0.9248 12
true 948 0.9258 10
true 949 0.9268 20
false 949 0.9268
true 950 0.9277 18
true 951 0.9287 0
false 951 0.9287
false 951 0.9287
true 952 0.9297 16
false 952 0.9297
false 952 0.9297
false 952 0.9297
false 952 0.9297
true 953 0.9307 6
true 954 0.9316 0
