true 1 0.0033 0
false 1 0.0033
false 1 0.0033
false 1 0.0033
false 1 0.0033
false 1 0.0033
false 1 0.0033
false 1 0.0033
false 1 0.0033
false 1 0.0033
false 1 0.0033
false 1 0.0033
false 1 0.0033
false 1 0.0033
false 1 0.0033
false 1 0.0033
false 1 0.0033
false 1 0.0033
false 1 0.0033
false 1 0.0033
false 1 0.0033
false 1 0.0033
false 1 0.0033
false 1 0.0033
false 1 0.0033
false 1 0.0033
false 1 0.0033
false 1 0.0033
false 1 0.0033
false 1 0.0033
false 1 0.0033
false 1 0.0033
false 1 0.0033
false 1 0.0033
false 1 0.0033
false 1 0.0033
false 1 0.0033
false 1 0.0033
false 1 0.0033
false 1 0.0033
false 1 0.0033
false 1 0.0033
false 1 0.0033
false 1 0.0033
false 1 0.0033
false 1 0.0033
false 1 0.0033
false 1 0.0033
false 1 0.0033
false 1 0.0033
false 1 0.0033
false 1 0.0033
false 1 0.0033
false 1 0.0033
false 1 0.0033
false 1 0.0033
false 1 0.0033
false 1 0.0033
false 1 0.0033
false 1 0.0033
false 1 0.0033
false 1 0.0033
false 1 0.0033
false 1 0.0033
false 1 0.0033
false 1 0.0033
false 1 0.0033
false 1 0.0033
false 1 0.0033
false 1 0.0033
false 1 0.0033
false 1 0.0033
false 1 0.0033
false 1 0.0033
false 1 0.0033
false 1 0.0033
false 1 0.0033
false 1 0.0033
false 1 0.0033
false 1 0.0033
false 1 0.0033
false 1 0.0033
false 1 0.0033
false 1 0.0033
false 1 0.0033
false 1 0.0033
false 1 0.0033
false 1 0.0033
false 1 0.0033
false 1 0.0033
false 1 0.0033
false 1 0.0033
false 1 0.0033
false 1 0.0033
false 1 0.0033
false 1 0.0033
false 1 0.0033
false 1 0.0033
false 1 0.0033
false 1 0.0033
false 1 0.0033
false 1 0.0033
false 1 0.0033
false 1 0.0033
false 1 0.0033
false 1 0.0033
false 1 0.0033
false 1 0.0033
false 1 0.0033
false 1 0.0033
false 1 0.0033
false 1 0.0033
false 1 0.0033
false 1 0.0033
false 1 0.0033
false 1 0.0033
false 1 0.0033
false 1 0.0033
false 1 0.0033
false 1 0.0033
false 1 0.0033
false 1 0.0033
false 1 0.0033
false 1 0.0033
false 1 0.0033
false 1 0.0033
false 1 0.0033
false 1 0.0033
false 1 0.0033
false 1 0.0033
false 1 0.0033
false 1 0.0033
false 1 0.0033
false 1 0.0033
false 1 0.0033
false 1 0.0033
false 1 0.0033
false 1 0.0033
false 1 0.0033
false 1 0.0033
false 1 0.0033
false 1 0.0033
false 1 0.0033
false 1 0.0033
false 1 0.0033
false 1 0.0033
false 1 0.0033
false 1 0.0033
false 1 0.0033
false 1 0.0033
false 1 0.0033
false 1 0.0033
false 1 0.0033
false 1 0.0033
false 1 0.0033
false 1 0.0033
false 1 0.0033
false 1 0.0033
false 1 0.0033
false 1 0.0033
false 1 0.0033
false 1 0.0033
false 1 0.0033
false 1 0.0033
false 1 0.0033
false 1 0.0033
false 1 0.0033
false 1 0.0033
false 1 0.0033
false 1 0.0033
false 1 0.0033
false 1 0.0033
false 1 0.0033
false 1 0.0033
false 1 0.0033
false 1 0.0033
false 1 0.0033
false 1 0.0033
false 1 0.0033
false 1 0.0033
false 1 0.0033
false 1 0.0033
false 1 0.0033
false 1 0.0033
false 1 0.0033
false 1 0.0033
false 1 0.0033
false 1 0.0033
false 1 0.0033
false 1 0.0033
false 1 0.0033
false 1 0.0033
false 1 0.0033
false 1 0.0033
false 1 0.0033
false 1 0.0033
false 1 0.0033
false 1 0.0033
false 1 0.0033
false 1 0.0033
false 1 0.0033
false 1 0.0033
false 1 0.0033
false 1 0.0033
false 1 0.0033
false 1 0.0033
false 1 0.0033
false 1 0.0033
false 1 0.0033
false 1 0.0033
false 1 0.0033
false 1 0.0033
false 1 0.0033
false 1 0.0033
false 1 0.0033
false 1 0.0033
false 1 0.0033
false 1 0.0033
false 1 0.0033
false 1 0.0033
false 1 0.0033
false 1 0.0033
false 1 0.0033
false 1 0.0033
false 1 0.0033
false 1 0.0033
false 1 0.0033
false 1 0.0033
false 1 0.0033
false 1 0.0033
false 1 0.0033
false 1 0.0033
false 1 0.0033
false 1 0.0033
false 1 0.0033
false 1 0.0033
false 1 0.0033
false 1 0.0033
false 1 0.0033
false 1 0.0033
false 1 0.0033
false 1 0.0033
false 1 0.0033
false 1 0.0033
false 1 0.0033
false 1 0.0033
false 1 0.0033
false 1 0.0033
false 1 0.0033
false 1 0.0033
false 1 0.0033
false 1 0.0033
false 1 0.0033
false 1 0.0033
false 1 0.0033
false 1 0.0033
false 1 0.0033
false 1 0.0033
false 1 0.0033
false 1 0.0033
false 1 0.0033
false 1 0.0033
false 1 0.0033
false 1 0.0033
false 1 0.0033
false 1 0.0033
false 1 0.0033
false 1 0.0033
false 1 0.0033
false 1 0.0033
false 1 0.0033
false 1 0.0033
false 1 0.0033
false 1 0.0033
false 1 0.0033
false 1 0.0033
false 1 0.0033
false 1 0.0033
false 1 0.0033
false 1 0.0033
false 1 0.0033
false 1 0.0033
false 1 0.0033
false 1 0.0033
false 1 0.0033
false 1 0.0033
false 1 0.0033
false 1 0.0033
false 1 0.0033
false 1 0.0033
false 1 0.0033
false 1 0.0033
false 1 0.0033
false 1 0.0033
false 1 0.0033
false 1 0.0033
false 1 0.0033
false 1 0.0033
false 1 0.0033
false 1 0.0033
