true 1 0.0010 0
true 2 0.0020 0
true 3 0.0029 0
true 4 0.0039 0
false 4 0.0039
false 4 0.0039
false 4 0.0039
false 4 0.0039
true 5 0.0049 0
true 6 0.0059 0
false 6 0.0059
true 7 0.0068 0
false 7 0.0068
true 8 0.0078 1
false 8 0.0078
false 8 0.0078
true 9 0.0088 3
false 9 0.0088
true 10 0.0098 0
true 11 0.0107 0
true 12 0.0117 0
true 13 0.0127 0
false 13 0.0127
false 13 0.0127
false 13 0.0127
false 13 0.0127
true 14 0.0137 0
false 14 0.0137
false 14 0.0137
false 14 0.0137
true 15 0.0146 0
false 15 0.0146
false 15 0.0146
false 15 0.0146
false 15 0.0146
false 15 0.0146
false 15 0.0146
true 16 0.0156 0
false 16 0.0156
true 17 0.0166 0
true 18 0.0176 1
false 18 0.0176
false 18 0.0176
true 19 0.0186 0
true 20 0.0195 1
false 20 0.0195
false 20 0.0195
false 20 0.0195
false 20 0.0195
false 20 0.0195
true 21 0.0205 0
false 21 0.0205
true 22 0.0215 0
true 23 0.0225 0
false 23 0.0225
false 23 0.0225
false 23 0.0225
true 24 0.0234 2
true 25 0.0244 0
false 25 0.0244
true 26 0.0254 1
true 27 0.0264 0
true 28 0.0273 7
false 28 0.0273
true 29 0.0283 0
true 30 0.0293 2
false 30 0.0293
false 30 0.0293
true 31 0.0303 0
false 31 0.0303
true 32 0.0313 0
true 33 0.0322 11
false 33 0.0322
false 33 0.0322
true 34 0.0332 3
true 35 0.0342 17
true 36 0.0352 0
true 37 0.0361 6
true 38 0.0371 0
false 38 0.0371
false 38 0.0371
false 38 0.0371
true 39 0.0381 5
true 40 0.0391 0
false 40 0.0391
true 41 0.0400 13
true 42 0.0410 1
true 43 0.0420 2
false 43 0.0420
false 43 0.0420
false 43 0.0420
true 44 0.0430 0
true 45 0.0439 0
true 46 0.0449 21
false 46 0.0449
false 46 0.0449
false 46 0.0449
true 47 0.0459 6
true 48 0.0469 0
false 48 0.0469
true 49 0.0479 17
false 49 0.0479
false 49 0.0479
false 49 0.0479
false 49 0.0479
true 50 0.0488 2
true 51 0.0498 1
false 51 0.0498
true 52 0.0508 33
false 52 0.0508
true 53 0.0518 1
true 54 0.0527 6
true 55 0.0537 2
false 55 0.0537
false 55 0.0537
false 55 0.0537
true 56 0.0547 0
false 56 0.0547
true 57 0.0557 19
true 58 0.0566 0
true 59 0.0576 34
true 60 0.0586 0
false 60 0.0586
true 61 0.0596 33
true 62 0.0605 47
true 63 0.0615 44
true 64 0.0625 46
true 65 0.0635 28
true 66 0.0645 5
true 67 0.0654 7
true 68 0.0664 39
true 69 0.0674 59
true 70 0.0684 49
true 71 0.0693 11
false 71 0.0693
true 72 0.0703 55
false 72 0.0703
false 72 0.0703
false 72 0.0703
false 72 0.0703
false 72 0.0703
true 73 0.0713 41
true 74 0.0723 54
true 75 0.0732 25
true 76 0.0742 65
false 76 0.0742
false 76 0.0742
false 76 0.0742
true 77 0.0752 45
false 77 0.0752
false 77 0.0752
false 77 0.0752
true 78 0.0762 0
false 78 0.0762
true 79 0.0771 59
false 79 0.0771
true 80 0.0781 47
true 81 0.0791 70
false 81 0.0791
false 81 0.0791
true 82 0.0801 29
true 83 0.0811 24
true 84 0.0820 24
false 84 0.0820
false 84 0.0820
true 85 0.0830 30
true 86 0.0840 2
false 86 0.0840
false 86 0.0840
false 86 0.0840
true 87 0.0850 34
true 88 0.0859 0
false 88 0.0859
false 88 0.0859
true 89 0.0869 79
true 90 0.0879 66
true 91 0.0889 72
true 92 0.0898 76
true 93 0.0908 79
true 94 0.0918 67
false 94 0.0918
true 95 0.0928 70
true 96 0.0938 35
true 97 0.0947 65
true 98 0.0957 48
false 98 0.0957
false 98 0.0957
true 99 0.0967 65
false 99 0.0967
true 100 0.0977 60
true 101 0.0986 0
true 102 0.0996 79
true 103 0.1006 55
false 103 0.1006
true 104 0.1016 70
true 105 0.1025 94
false 105 0.1025
true 106 0.1035 83
true 107 0.1045 32
false 107 0.1045
false 107 0.1045
true 108 0.1055 0
false 108 0.1055
true 109 0.1064 76
false 109 0.1064
true 110 0.1074 90
false 110 0.1074
false 110 0.1074
true 111 0.1084 74
true 112 0.1094 0
true 113 0.1104 78
true 114 0.1113 91
false 114 0.1113
true 115 0.1123 79
false 115 0.1123
false 115 0.1123
true 116 0.1133 78
false 116 0.1133
true 117 0.1143 98
false 117 0.1143
false 117 0.1143
false 117 0.1143
false 117 0.1143
true 118 0.1152 89
true 119 0.1162 75
true 120 0.1172 88
false 120 0.1172
false 120 0.1172
false 120 0.1172
true 121 0.1182 101
true 122 0.1191 114
true 123 0.1201 72
false 123 0.1201
true 124 0.1211 4
true 125 0.1221 72
false 125 0.1221
false 125 0.1221
true 126 0.1230 111
true 127 0.1240 85
false 127 0.1240
true 128 0.1250 84
true 129 0.1260 74
true 130 0.1270 86
true 131 0.1279 98
false 131 0.1279
true 132 0.1289 82
false 132 0.1289
true 133 0.1299 87
false 133 0.1299
true 134 0.1309 100
false 134 0.1309
false 134 0.1309
false 134 0.1309
false 134 0.1309
true 135 0.1318 71
true 136 0.1328 107
true 137 0.1338 98
false 137 0.1338
false 137 0.1338
false 137 0.1338
true 138 0.1348 124
true 139 0.1357 135
false 139 0.1357
false 139 0.1357
true 140 0.1367 106
true 141 0.1377 130
false 141 0.1377
false 141 0.1377
false 141 0.1377
false 141 0.1377
false 141 0.1377
true 142 0.1387 130
false 142 0.1387
true 143 0.1396 97
false 143 0.1396
true 144 0.1406 117
false 144 0.1406
false 144 0.1406
false 144 0.1406
true 145 0.1416 109
false 145 0.1416
true 146 0.1426 112
true 147 0.1436 99
false 147 0.1436
true 148 0.1445 94
false 148 0.1445
true 149 0.1455 95
false 149 0.1455
false 149 0.1455
true 150 0.1465 105
false 150 0.1465
false 150 0.1465
true 151 0.1475 138
true 152 0.1484 101
true 153 0.1494 121
false 153 0.1494
false 153 0.1494
false 153 0.1494
true 154 0.1504 137
false 154 0.1504
false 154 0.1504
false 154 0.1504
false 154 0.1504
false 154 0.1504
false 154 0.1504
false 154 0.1504
true 155 0.1514 116
false 155 0.1514
false 155 0.1514
true 156 0.1523 97
false 156 0.1523
true 157 0.1533 135
false 157 0.1533
false 157 0.1533
true 158 0.1543 99
true 159 0.1553 150
false 159 0.1553
true 160 0.1563 106
false 160 0.1563
false 160 0.1563
true 161 0.1572 124
true 162 0.1582 114
true 163 0.1592 158
false 163 0.1592
false 163 0.1592
false 163 0.1592
true 164 0.1602 134
true 165 0.1611 109
true 166 0.1621 157
false 166 0.1621
true 167 0.1631 133
true 168 0.1641 135
true 169 0.1650 124
true 170 0.1660 129
false 170 0.1660
false 170 0.1660
false 170 0.1660
true 171 0.1670 109
false 171 0.1670
true 172 0.1680 118
false 172 0.1680
false 172 0.1680
true 173 0.1689 142
true 174 0.1699 153
false 174 0.1699
true 175 0.1709 147
true 176 0.1719 114
true 177 0.1729 142
true 178 0.1738 148
false 178 0.1738
false 178 0.1738
true 179 0.1748 124
true 180 0.1758 115
false 180 0.1758
true 181 0.1768 143
true 182 0.1777 149
true 183 0.1787 0
true 184 0.1797 134
false 184 0.1797
false 184 0.1797
true 185 0.1807 140
true 186 0.1816 180
false 186 0.1816
true 187 0.1826 153
true 188 0.1836 154
false 188 0.1836
false 188 0.1836
true 189 0.1846 143
true 190 0.1855 184
false 190 0.1855
true 191 0.1865 164
false 191 0.1865
false 191 0.1865
false 191 0.1865
false 191 0.1865
false 191 0.1865
true 192 0.1875 158
true 193 0.1885 174
false 193 0.1885
true 194 0.1895 142
false 194 0.1895
true 195 0.1904 159
false 195 0.1904
true 196 0.1914 180
true 197 0.1924 146
false 197 0.1924
false 197 0.1924
false 197 0.1924
true 198 0.1934 176
true 199 0.1943 2
true 200 0.1953 131
true 201 0.1963 136
false 201 0.1963
true 202 0.1973 186
true 203 0.1982 164
false 203 0.1982
false 203 0.1982
true 204 0.1992 181
true 205 0.2002 148
true 206 0.2012 140
false 206 0.2012
false 206 0.2012
false 206 0.2012
true 207 0.2021 167
true 208 0.2031 172
true 209 0.2041 179
true 210 0.2051 170
true 211 0.2061 186
true 212 0.2070 144
false 212 0.2070
false 212 0.2070
true 213 0.2080 175
true 214 0.2090 174
false 214 0.2090
true 215 0.2100 185
false 215 0.2100
true 216 0.2109 204
true 217 0.2119 195
false 217 0.2119
true 218 0.2129 185
true 219 0.2139 214
true 220 0.2148 199
false 220 0.2148
true 221 0.2158 189
false 221 0.2158
true 222 0.2168 217
false 222 0.2168
false 222 0.2168
true 223 0.2178 215
false 223 0.2178
false 223 0.2178
false 223 0.2178
false 223 0.2178
false 223 0.2178
true 224 0.2188 190
true 225 0.2197 184
false 225 0.2197
false 225 0.2197
false 225 0.2197
true 226 0.2207 178
false 226 0.2207
false 226 0.2207
false 226 0.2207
false 226 0.2207
false 226 0.2207
false 226 0.2207
true 227 0.2217 168
false 227 0.2217
true 228 0.2227 198
false 228 0.2227
false 228 0.2227
false 228 0.2227
true 229 0.2236 219
false 229 0.2236
true 230 0.2246 217
false 230 0.2246
true 231 0.2256 219
true 232 0.2266 183
true 233 0.2275 210
false 233 0.2275
false 233 0.2275
false 233 0.2275
true 234 0.2285 181
false 234 0.2285
true 235 0.2295 185
false 235 0.2295
true 236 0.2305 201
false 236 0.2305
true 237 0.2314 176
false 237 0.2314
true 238 0.2324 227
false 238 0.2324
true 239 0.2334 189
true 240 0.2344 185
false 240 0.2344
true 241 0.2354 186
true 242 0.2363 203
false 242 0.2363
false 242 0.2363
false 242 0.2363
true 243 0.2373 173
true 244 0.2383 197
true 245 0.2393 237
true 246 0.2402 157
true 247 0.2412 236
true 248 0.2422 238
false 248 0.2422
false 248 0.2422
false 248 0.2422
true 249 0.2432 220
true 250 0.2441 221
false 250 0.2441
false 250 0.2441
true 251 0.2451 193
false 251 0.2451
false 251 0.2451
true 252 0.2461 220
false 252 0.2461
false 252 0.2461
false 252 0.2461
false 252 0.2461
true 253 0.2471 199
true 254 0.2480 221
false 254 0.2480
true 255 0.2490 211
true 256 0.2500 0
false 256 0.2500
true 257 0.2510 223
false 257 0.2510
true 258 0.2520 221
true 259 0.2529 209
false 259 0.2529
false 259 0.2529
false 259 0.2529
true 260 0.2539 236
false 260 0.2539
false 260 0.2539
false 260 0.2539
true 261 0.2549 221
true 262 0.2559 250
true 263 0.2568 212
false 263 0.2568
false 263 0.2568
false 263 0.2568
true 264 0.2578 232
false 264 0.2578
true 265 0.2588 216
true 266 0.2598 221
false 266 0.2598
false 266 0.2598
true 267 0.2607 256
true 268 0.2617 250
true 269 0.2627 1
true 270 0.2637 262
false 270 0.2637
true 271 0.2646 246
false 271 0.2646
true 272 0.2656 258
false 272 0.2656
true 273 0.2666 232
true 274 0.2676 230
true 275 0.2686 232
true 276 0.2695 234
false 276 0.2695
false 276 0.2695
false 276 0.2695
true 277 0.2705 228
true 278 0.2715 229
true 279 0.2725 245
false 279 0.2725
true 280 0.2734 252
true 281 0.2744 252
true 282 0.2754 255
false 282 0.2754
true 283 0.2764 235
true 284 0.2773 241
true 285 0.2783 237
true 286 0.2793 208
true 287 0.2803 235
true 288 0.2813 276
false 288 0.2813
true 289 0.2822 229
true 290 0.2832 249
false 290 0.2832
true 291 0.2842 252
true 292 0.2852 244
false 292 0.2852
false 292 0.2852
true 293 0.2861 282
false 293 0.2861
false 293 0.2861
true 294 0.2871 271
true 295 0.2881 247
false 295 0.2881
false 295 0.2881
true 296 0.2891 290
false 296 0.2891
true 297 0.2900 250
false 297 0.2900
false 297 0.2900
true 298 0.2910 274
true 299 0.2920 271
false 299 0.2920
false 299 0.2920
true 300 0.2930 257
true 301 0.2939 231
false 301 0.2939
false 301 0.2939
true 302 0.2949 272
false 302 0.2949
true 303 0.2959 293
false 303 0.2959
false 303 0.2959
false 303 0.2959
true 304 0.2969 254
true 305 0.2979 254
false 305 0.2979
false 305 0.2979
false 305 0.2979
true 306 0.2988 245
true 307 0.2998 282
true 308 0.3008 250
true 309 0.3018 274
false 309 0.3018
false 309 0.3018
false 309 0.3018
true 310 0.3027 273
false 310 0.3027
false 310 0.3027
true 311 0.3037 274
false 311 0.3037
true 312 0.3047 231
false 312 0.3047
false 312 0.3047
false 312 0.3047
true 313 0.3057 266
true 314 0.3066 292
true 315 0.3076 272
true 316 0.3086 292
false 316 0.3086
false 316 0.3086
false 316 0.3086
true 317 0.3096 267
false 317 0.3096
false 317 0.3096
false 317 0.3096
true 318 0.3105 276
false 318 0.3105
true 319 0.3115 266
true 320 0.3125 255
false 320 0.3125
false 320 0.3125
true 321 0.3135 277
true 322 0.3145 250
true 323 0.3154 285
false 323 0.3154
true 324 0.3164 307
true 325 0.3174 283
false 325 0.3174
true 326 0.3184 283
false 326 0.3184
true 327 0.3193 284
true 328 0.3203 291
true 329 0.3213 307
false 329 0.3213
true 330 0.3223 271
false 330 0.3223
true 331 0.3232 307
true 332 0.3242 253
true 333 0.3252 304
false 333 0.3252
true 334 0.3262 280
false 334 0.3262
true 335 0.3271 317
true 336 0.3281 291
false 336 0.3281
false 336 0.3281
false 336 0.3281
true 337 0.3291 305
true 338 0.3301 311
false 338 0.3301
false 338 0.3301
false 338 0.3301
true 339 0.3311 285
false 339 0.3311
true 340 0.3320 283
true 341 0.3330 332
true 342 0.3340 336
true 343 0.3350 286
true 344 0.3359 301
false 344 0.3359
true 345 0.3369 335
true 346 0.3379 273
true 347 0.3389 267
true 348 0.3398 309
true 349 0.3408 293
true 350 0.3418 319
true 351 0.3428 298
true 352 0.3438 334
true 353 0.3447 318
true 354 0.3457 339
true 355 0.3467 326
false 355 0.3467
false 355 0.3467
false 355 0.3467
false 355 0.3467
false 355 0.3467
false 355 0.3467
true 356 0.3477 350
false 356 0.3477
true 357 0.3486 309
true 358 0.3496 351
false 358 0.3496
false 358 0.3496
false 358 0.3496
true 359 0.3506 318
false 359 0.3506
false 359 0.3506
false 359 0.3506
true 360 0.3516 326
true 361 0.3525 343
false 361 0.3525
true 362 0.3535 313
true 363 0.3545 301
true 364 0.3555 346
true 365 0.3564 360
false 365 0.3564
false 365 0.3564
true 366 0.3574 323
false 366 0.3574
false 366 0.3574
true 367 0.3584 342
true 368 0.3594 329
false 368 0.3594
true 369 0.3604 319
true 370 0.3613 332
false 370 0.3613
false 370 0.3613
false 370 0.3613
true 371 0.3623 354
false 371 0.3623
true 372 0.3633 360
false 372 0.3633
true 373 0.3643 347
true 374 0.3652 328
true 375 0.3662 319
true 376 0.3672 326
true 377 0.3682 309
false 377 0.3682
false 377 0.3682
false 377 0.3682
false 377 0.3682
true 378 0.3691 363
false 378 0.3691
true 379 0.3701 332
false 379 0.3701
true 380 0.3711 339
true 381 0.3721 313
false 381 0.3721
false 381 0.3721
true 382 0.3730 330
false 382 0.3730
false 382 0.3730
false 382 0.3730
false 382 0.3730
true 383 0.3740 334
false 383 0.3740
false 383 0.3740
true 384 0.3750 350
false 384 0.3750
true 385 0.3760 360
true 386 0.3770 329
true 387 0.3779 0
false 387 0.3779
true 388 0.3789 326
true 389 0.3799 337
true 390 0.3809 376
false 390 0.3809
false 390 0.3809
false 390 0.3809
true 391 0.3818 329
false 391 0.3818
true 392 0.3828 359
false 392 0.3828
false 392 0.3828
true 393 0.3838 362
false 393 0.3838
false 393 0.3838
true 394 0.3848 342
true 395 0.3857 368
true 396 0.3867 370
true 397 0.3877 355
false 397 0.3877
true 398 0.3887 368
false 398 0.3887
false 398 0.3887
false 398 0.3887
false 398 0.3887
true 399 0.3896 382
true 400 0.3906 348
false 400 0.3906
true 401 0.3916 358
true 402 0.3926 377
false 402 0.3926
false 402 0.3926
true 403 0.3936 369
true 404 0.3945 342
false 404 0.3945
true 405 0.3955 395
false 405 0.3955
true 406 0.3965 383
false 406 0.3965
true 407 0.3975 363
true 408 0.3984 393
true 409 0.3994 356
false 409 0.3994
false 409 0.3994
false 409 0.3994
false 409 0.3994
true 410 0.4004 371
false 410 0.4004
true 411 0.4014 393
true 412 0.4023 390
true 413 0.4033 383
true 414 0.4043 365
true 415 0.4053 376
false 415 0.4053
true 416 0.4063 367
true 417 0.4072 386
true 418 0.4082 358
true 419 0.4092 365
false 419 0.4092
false 419 0.4092
true 420 0.4102 359
true 421 0.4111 386
true 422 0.4121 360
true 423 0.4131 335
true 424 0.4141 369
true 425 0.4150 385
true 426 0.4160 414
true 427 0.4170 414
false 427 0.4170
true 428 0.4180 420
false 428 0.4180
false 428 0.4180
true 429 0.4189 385
true 430 0.4199 368
false 430 0.4199
false 430 0.4199
true 431 0.4209 396
true 432 0.4219 388
false 432 0.4219
false 432 0.4219
false 432 0.4219
false 432 0.4219
false 432 0.4219
true 433 0.4229 416
false 433 0.4229
true 434 0.4238 362
false 434 0.4238
true 435 0.4248 381
true 436 0.4258 379
false 436 0.4258
true 437 0.4268 390
true 438 0.4277 387
false 438 0.4277
true 439 0.4287 419
true 440 0.4297 419
true 441 0.4307 425
false 441 0.4307
false 441 0.4307
false 441 0.4307
true 442 0.4316 414
false 442 0.4316
false 442 0.4316
true 443 0.4326 424
false 443 0.4326
true 444 0.4336 410
false 444 0.4336
true 445 0.4346 408
true 446 0.4355 427
false 446 0.4355
false 446 0.4355
false 446 0.4355
true 447 0.4365 372
false 447 0.4365
true 448 0.4375 415
true 449 0.4385 405
true 450 0.4395 414
true 451 0.4404 423
false 451 0.4404
false 451 0.4404
true 452 0.4414 426
false 452 0.4414
true 453 0.4424 403
true 454 0.4434 417
false 454 0.4434
true 455 0.4443 414
false 455 0.4443
true 456 0.4453 437
false 456 0.4453
false 456 0.4453
false 456 0.4453
false 456 0.4453
false 456 0.4453
false 456 0.4453
false 456 0.4453
false 456 0.4453
false 456 0.4453
false 456 0.4453
true 457 0.4463 401
false 457 0.4463
true 458 0.4473 443
true 459 0.4482 421
true 460 0.4492 410
true 461 0.4502 422
true 462 0.4512 426
false 462 0.4512
false 462 0.4512
true 463 0.4521 397
false 463 0.4521
false 463 0.4521
true 464 0.4531 450
false 464 0.4531
true 465 0.4541 427
true 466 0.4551 430
true 467 0.4561 427
false 467 0.4561
false 467 0.4561
false 467 0.4561
true 468 0.4570 428
true 469 0.4580 429
false 469 0.4580
false 469 0.4580
true 470 0.4590 391
false 470 0.4590
false 470 0.4590
true 471 0.4600 440
true 472 0.4609 420
true 473 0.4619 415
true 474 0.4629 438
true 475 0.4639 465
false 475 0.4639
false 475 0.4639
false 475 0.4639
true 476 0.4648 452
true 477 0.4658 456
true 478 0.4668 445
false 478 0.4668
false 478 0.4668
true 479 0.4678 431
true 480 0.4688 464
true 481 0.4697 446
true 482 0.4707 447
true 483 0.4717 454
true 484 0.4727 446
true 485 0.4736 442
true 486 0.4746 418
true 487 0.4756 461
true 488 0.4766 419
false 488 0.4766
false 488 0.4766
false 488 0.4766
true 489 0.4775 424
false 489 0.4775
true 490 0.4785 472
false 490 0.4785
false 490 0.4785
false 490 0.4785
false 490 0.4785
false 490 0.4785
true 491 0.4795 467
false 491 0.4795
false 491 0.4795
true 492 0.4805 458
true 493 0.4814 456
false 493 0.4814
true 494 0.4824 453
false 494 0.4824
false 494 0.4824
true 495 0.4834 487
false 495 0.4834
true 496 0.4844 462
true 497 0.4854 464
true 498 0.4863 459
false 498 0.4863
false 498 0.4863
false 498 0.4863
false 498 0.4863
false 498 0.4863
true 499 0.4873 469
true 500 0.4883 466
true 501 0.4893 446
false 501 0.4893
true 502 0.4902 478
true 503 0.4912 488
true 504 0.4922 465
false 504 0.4922
true 505 0.4932 487
false 505 0.4932
true 506 0.4941 476
true 507 0.4951 449
false 507 0.4951
true 508 0.4961 483
false 508 0.4961
false 508 0.4961
false 508 0.4961
true 509 0.4971 478
false 509 0.4971
true 510 0.4980 470
true 511 0.4990 500
false 511 0.4990
false 511 0.4990
true 512 0.5000 461
false 512 0.5000
false 512 0.5000
false 512 0.5000
true 513 0.5010 461
true 514 0.5020 485
false 514 0.5020
true 515 0.5029 493
true 516 0.5039 503
false 516 0.5039
true 517 0.5049 481
true 518 0.5059 494
false 518 0.5059
true 519 0.5068 466
false 519 0.5068
true 520 0.5078 470
false 520 0.5078
false 520 0.5078
true 521 0.5088 465
true 522 0.5098 464
true 523 0.5107 447
false 523 0.5107
false 523 0.5107
true 524 0.5117 490
false 524 0.5117
false 524 0.5117
true 525 0.5127 478
false 525 0.5127
false 525 0.5127
false 525 0.5127
true 526 0.5137 474
true 527 0.5146 501
true 528 0.5156 495
false 528 0.5156
true 529 0.5166 498
false 529 0.5166
true 530 0.5176 522
false 530 0.5176
false 530 0.5176
false 530 0.5176
true 531 0.5186 509
