true 1 0.0010 0
false 1 0.0010
true 2 0.0020 0
true 3 0.0030 0
true 4 0.0040 0
true 5 0.0050 0
true 6 0.0060 0
false 6 0.0060
true 7 0.0070 0
false 7 0.0070
false 7 0.0070
false 7 0.0070
true 8 0.0080 0
true 9 0.0090 0
false 9 0.0090
false 9 0.0090
true 10 0.0100 0
true 11 0.0110 0
false 11 0.0110
false 11 0.0110
false 11 0.0110
false 11 0.0110
false 11 0.0110
true 12 0.0120 0
true 13 0.0130 0
true 14 0.0140 0
true 15 0.0150 0
false 15 0.0150
true 16 0.0160 0
false 16 0.0160
false 16 0.0160
false 16 0.0160
true 17 0.0170 0
false 17 0.0170
true 18 0.0180 0
true 19 0.0190 0
true 20 0.0200 0
true 21 0.0210 0
true 22 0.0220 0
true 23 0.0230 0
true 24 0.0240 0
true 25 0.0250 0
false 25 0.0250
true 26 0.0260 0
false 26 0.0260
true 27 0.0270 0
true 28 0.0280 0
true 29 0.0290 0
true 30 0.0300 0
false 30 0.0300
true 31 0.0310 0
true 32 0.0320 0
true 33 0.0330 0
false 33 0.0330
false 33 0.0330
true 34 0.0340 0
false 34 0.0340
false 34 0.0340
true 35 0.0350 0
true 36 0.0360 0
true 37 0.0370 0
true 38 0.0380 0
true 39 0.0390 0
false 39 0.0390
true 40 0.0400 0
true 41 0.0410 0
true 42 0.0420 0
true 43 0.0430 0
true 44 0.0440 0
false 44 0.0440
false 44 0.0440
false 44 0.0440
true 45 0.0450 0
true 46 0.0460 0
true 47 0.0470 0
true 48 0.0480 0
true 49 0.0490 0
true 50 0.0500 0
true 51 0.0510 0
false 51 0.0510
true 52 0.0520 0
false 52 0.0520
true 53 0.0530 0
true 54 0.0540 0
true 55 0.0550 0
true 56 0.0560 0
true 57 0.0570 0
true 58 0.0580 0
true 59 0.0590 0
false 59 0.0590
false 59 0.0590
false 59 0.0590
false 59 0.0590
false 59 0.0590
false 59 0.0590
true 60 0.0600 0
false 60 0.0600
false 60 0.0600
false 60 0.0600
false 60 0.0600
false 60 0.0600
true 61 0.0610 0
true 62 0.0620 0
true 63 0.0630 0
false 63 0.0630
false 63 0.0630
false 63 0.0630
false 63 0.0630
true 64 0.0640 0
false 64 0.0640
true 65 0.0650 0
true 66 0.0660 0
true 67 0.0670 0
true 68 0.0680 0
false 68 0.0680
true 69 0.0690 0
false 69 0.0690
false 69 0.0690
false 69 0.0690
false 69 0.0690
true 70 0.0700 0
true 71 0.0710 0
false 71 0.0710
false 71 0.0710
true 72 0.0720 0
true 73 0.0730 0
false 73 0.0730
false 73 0.0730
false 73 0.0730
true 74 0.0740 0
false 74 0.0740
true 75 0.0750 0
true 76 0.0760 0
true 77 0.0770 0
true 78 0.0780 0
true 79 0.0790 0
false 79 0.0790
false 79 0.0790
true 80 0.0800 0
true 81 0.0810 0
false 81 0.0810
false 81 0.0810
true 82 0.0820 0
false 82 0.0820
false 82 0.0820
true 83 0.0830 0
false 83 0.0830
true 84 0.0840 0
false 84 0.0840
false 84 0.0840
true 85 0.0850 0
false 85 0.0850
true 86 0.0860 0
true 87 0.0870 0
true 88 0.0880 0
false 88 0.0880
true 89 0.0890 0
true 90 0.0900 1
true 91 0.0910 1
false 91 0.0910
false 91 0.0910
false 91 0.0910
false 91 0.0910
true 92 0.0920 0
true 93 0.0930 0
false 93 0.0930
false 93 0.0930
false 93 0.0930
false 93 0.0930
true 94 0.0940 0
false 94 0.0940
true 95 0.0950 0
true 96 0.0960 0
true 97 0.0970 0
false 97 0.0970
true 98 0.0980 0
false 98 0.0980
true 99 0.0990 0
true 100 0.1000 0
true 101 0.1010 0
false 101 0.1010
false 101 0.1010
false 101 0.1010
true 102 0.1020 0
true 103 0.1030 0
true 104 0.1040 0
true 105 0.1050 0
true 106 0.1060 0
false 106 0.1060
false 106 0.1060
false 106 0.1060
true 107 0.1070 0
false 107 0.1070
false 107 0.1070
false 107 0.1070
false 107 0.1070
true 108 0.1080 1
true 109 0.1090 0
false 109 0.1090
true 110 0.1100 0
true 111 0.1110 0
false 111 0.1110
false 111 0.1110
false 111 0.1110
false 111 0.1110
false 111 0.1110
false 111 0.1110
true 112 0.1120 0
false 112 0.1120
false 112 0.1120
false 112 0.1120
false 112 0.1120
true 113 0.1130 0
false 113 0.1130
false 113 0.1130
true 114 0.1140 0
false 114 0.1140
true 115 0.1150 0
true 116 0.1160 0
true 117 0.1170 1
true 118 0.1180 0
true 119 0.1190 0
true 120 0.1200 0
true 121 0.1210 0
true 122 0.1220 0
false 122 0.1220
false 122 0.1220
false 122 0.1220
false 122 0.1220
false 122 0.1220
false 122 0.1220
false 122 0.1220
false 122 0.1220
false 122 0.1220
true 123 0.1230 1
false 123 0.1230
true 124 0.1240 0
false 124 0.1240
true 125 0.1250 1
true 126 0.1260 0
true 127 0.1270 0
false 127 0.1270
true 128 0.1280 0
true 129 0.1290 0
true 130 0.1300 0
true 131 0.1310 0
true 132 0.1320 1
false 132 0.1320
false 132 0.1320
true 133 0.1330 0
true 134 0.1340 0
false 134 0.1340
true 135 0.1350 0
false 135 0.1350
true 136 0.1360 0
false 136 0.1360
true 137 0.1370 0
false 137 0.1370
false 137 0.1370
true 138 0.1380 0
true 139 0.1390 0
false 139 0.1390
true 140 0.1400 1
false 140 0.1400
false 140 0.1400
false 140 0.1400
false 140 0.1400
true 141 0.1410 2
false 141 0.1410
true 142 0.1420 1
false 142 0.1420
true 143 0.1430 0
true 144 0.1440 1
true 145 0.1450 0
false 145 0.1450
true 146 0.1460 0
false 146 0.1460
true 147 0.1470 1
false 147 0.1470
false 147 0.1470
true 148 0.1480 0
true 149 0.1490 0
false 149 0.1490
true 150 0.1500 0
true 151 0.1510 0
true 152 0.1520 0
true 153 0.1530 0
true 154 0.1540 1
true 155 0.1550 0
false 155 0.1550
true 156 0.1560 0
false 156 0.1560
true 157 0.1570 0
true 158 0.1580 0
true 159 0.1590 0
false 159 0.1590
false 159 0.1590
false 159 0.1590
false 159 0.1590
true 160 0.1600 0
true 161 0.1610 0
true 162 0.1620 1
true 163 0.1630 0
false 163 0.1630
true 164 0.1640 0
false 164 0.1640
false 164 0.1640
false 164 0.1640
false 164 0.1640
true 165 0.1650 1
true 166 0.1660 0
false 166 0.1660
true 167 0.1670 1
false 167 0.1670
false 167 0.1670
true 168 0.1680 0
false 168 0.1680
false 168 0.1680
false 168 0.1680
true 169 0.1690 0
false 169 0.1690
false 169 0.1690
false 169 0.1690
false 169 0.1690
false 169 0.1690
true 170 0.1700 0
false 170 0.1700
false 170 0.1700
true 171 0.1710 0
true 172 0.1720 0
false 172 0.1720
false 172 0.1720
true 173 0.1730 0
true 174 0.1740 0
false 174 0.1740
true 175 0.1750 0
true 176 0.1760 0
true 177 0.1770 0
false 177 0.1770
true 178 0.1780 0
true 179 0.1790 0
false 179 0.1790
true 180 0.1800 0
true 181 0.1810 0
false 181 0.1810
false 181 0.1810
false 181 0.1810
true 182 0.1820 0
false 182 0.1820
true 183 0.1830 0
true 184 0.1840 0
false 184 0.1840
true 185 0.1850 0
false 185 0.1850
true 186 0.1860 1
true 187 0.1870 0
false 187 0.1870
true 188 0.1880 0
false 188 0.1880
true 189 0.1890 0
false 189 0.1890
false 189 0.1890
true 190 0.1900 0
false 190 0.1900
false 190 0.1900
false 190 0.1900
true 191 0.1910 0
true 192 0.1920 0
true 193 0.1930 0
true 194 0.1940 0
false 194 0.1940
true 195 0.1950 0
true 196 0.1960 0
false 196 0.1960
false 196 0.1960
false 196 0.1960
true 197 0.1970 0
true 198 0.1980 0
false 198 0.1980
false 198 0.1980
true 199 0.1990 1
true 200 0.2000 1
true 201 0.2010 0
true 202 0.2020 1
true 203 0.2030 1
false 203 0.2030
false 203 0.2030
false 203 0.2030
false 203 0.2030
false 203 0.2030
true 204 0.2040 1
false 204 0.2040
true 205 0.2050 1
true 206 0.2060 0
false 206 0.2060
false 206 0.2060
true 207 0.2070 0
true 208 0.2080 0
false 208 0.2080
false 208 0.2080
true 209 0.2090 0
true 210 0.2100 0
true 211 0.2110 0
false 211 0.2110
false 211 0.2110
true 212 0.2120 0
false 212 0.2120
true 213 0.2130 0
false 213 0.2130
true 214 0.2140 0
true 215 0.2150 0
false 215 0.2150
true 216 0.2160 0
true 217 0.2170 0
true 218 0.2180 0
true 219 0.2190 0
false 219 0.2190
false 219 0.2190
false 219 0.2190
true 220 0.2200 0
false 220 0.2200
false 220 0.2200
false 220 0.2200
false 220 0.2200
false 220 0.2200
false 220 0.2200
false 220 0.2200
false 220 0.2200
false 220 0.2200
false 220 0.2200
true 221 0.2210 1
false 221 0.2210
true 222 0.2220 0
true 223 0.2230 1
false 223 0.2230
false 223 0.2230
false 223 0.2230
true 224 0.2240 0
true 225 0.2250 0
false 225 0.2250
false 225 0.2250
true 226 0.2260 0
true 227 0.2270 0
true 228 0.2280 0
false 228 0.2280
false 228 0.2280
true 229 0.2290 0
true 230 0.2300 0
false 230 0.2300
false 230 0.2300
true 231 0.2310 0
false 231 0.2310
false 231 0.2310
false 231 0.2310
true 232 0.2320 0
false 232 0.2320
false 232 0.2320
true 233 0.2330 0
false 233 0.2330
true 234 0.2340 1
true 235 0.2350 1
true 236 0.2360 3
true 237 0.2370 0
true 238 0.2380 0
false 238 0.2380
true 239 0.2390 1
false 239 0.2390
false 239 0.2390
false 239 0.2390
false 239 0.2390
true 240 0.2400 1
false 240 0.2400
false 240 0.2400
true 241 0.2410 1
false 241 0.2410
true 242 0.2420 2
false 242 0.2420
false 242 0.2420
false 242 0.2420
true 243 0.2430 0
true 244 0.2440 0
true 245 0.2450 0
false 245 0.2450
true 246 0.2460 0
true 247 0.2470 1
true 248 0.2480 0
true 249 0.2490 0
false 249 0.2490
false 249 0.2490
true 250 0.2500 1
false 250 0.2500
false 250 0.2500
false 250 0.2500
false 250 0.2500
false 250 0.2500
false 250 0.2500
false 250 0.2500
false 250 0.2500
false 250 0.2500
true 251 0.2510 0
false 251 0.2510
true 252 0.2520 0
true 253 0.2530 0
false 253 0.2530
false 253 0.2530
false 253 0.2530
false 253 0.2530
false 253 0.2530
false 253 0.2530
true 254 0.2540 2
false 254 0.2540
false 254 0.2540
true 255 0.2550 0
true 256 0.2560 0
false 256 0.2560
false 256 0.2560
true 257 0.2570 2
false 257 0.2570
false 257 0.2570
false 257 0.2570
true 258 0.2580 1
false 258 0.2580
true 259 0.2590 0
true 260 0.2600 0
true 261 0.2610 2
true 262 0.2620 1
false 262 0.2620
false 262 0.2620
false 262 0.2620
true 263 0.2630 0
true 264 0.2640 0
false 264 0.2640
false 264 0.2640
true 265 0.2650 1
true 266 0.2660 0
false 266 0.2660
true 267 0.2670 0
true 268 0.2680 0
false 268 0.2680
false 268 0.2680
false 268 0.2680
false 268 0.2680
true 269 0.2690 0
false 269 0.2690
true 270 0.2700 0
false 270 0.2700
true 271 0.2710 0
false 271 0.2710
false 271 0.2710
true 272 0.2720 0
true 273 0.2730 0
false 273 0.2730
true 274 0.2740 0
true 275 0.2750 0
false 275 0.2750
true 276 0.2760 0
false 276 0.2760
false 276 0.2760
true 277 0.2770 1
true 278 0.2780 0
true 279 0.2790 0
false 279 0.2790
false 279 0.2790
true 280 0.2800 1
false 280 0.2800
false 280 0.2800
true 281 0.2810 1
true 282 0.2820 0
true 283 0.2830 0
true 284 0.2840 2
false 284 0.2840
false 284 0.2840
true 285 0.2850 0
false 285 0.2850
true 286 0.2860 1
false 286 0.2860
true 287 0.2870 0
true 288 0.2880 0
false 288 0.2880
true 289 0.2890 0
false 289 0.2890
false 289 0.2890
false 289 0.2890
true 290 0.2900 0
false 290 0.2900
true 291 0.2910 0
true 292 0.2920 0
true 293 0.2930 4
false 293 0.2930
true 294 0.2940 1
false 294 0.2940
true 295 0.2950 0
false 295 0.2950
true 296 0.2960 1
true 297 0.2970 1
true 298 0.2980 0
false 298 0.2980
false 298 0.2980
false 298 0.2980
true 299 0.2990 0
true 300 0.3000 0
true 301 0.3010 0
true 302 0.3020 0
true 303 0.3030 1
false 303 0.3030
false 303 0.3030
true 304 0.3040 0
false 304 0.3040
true 305 0.3050 0
false 305 0.3050
true 306 0.3060 0
false 306 0.3060
false 306 0.3060
false 306 0.3060
false 306 0.3060
false 306 0.3060
false 306 0.3060
false 306 0.3060
false 306 0.3060
false 306 0.3060
false 306 0.3060
true 307 0.3070 0
true 308 0.3080 1
false 308 0.3080
false 308 0.3080
false 308 0.3080
true 309 0.3090 0
true 310 0.3100 0
false 310 0.3100
true 311 0.3110 0
true 312 0.3120 0
false 312 0.3120
true 313 0.3130 0
false 313 0.3130
false 313 0.3130
true 314 0.3140 0
false 314 0.3140
true 315 0.3150 0
true 316 0.3160 0
true 317 0.3170 0
true 318 0.3180 0
true 319 0.3190 0
false 319 0.3190
false 319 0.3190
true 320 0.3200 2
false 320 0.3200
false 320 0.3200
true 321 0.3210 1
false 321 0.3210
false 321 0.3210
true 322 0.3220 0
false 322 0.3220
false 322 0.3220
true 323 0.3230 2
false 323 0.3230
true 324 0.3240 1
true 325 0.3250 0
false 325 0.3250
true 326 0.3260 1
true 327 0.3270 0
true 328 0.3280 1
false 328 0.3280
true 329 0.3290 0
false 329 0.3290
true 330 0.3300 0
false 330 0.3300
false 330 0.3300
false 330 0.3300
true 331 0.3310 2
false 331 0.3310
true 332 0.3320 1
false 332 0.3320
false 332 0.3320
true 333 0.3330 0
true 334 0.3340 0
false 334 0.3340
false 334 0.3340
true 335 0.3350 1
false 335 0.3350
false 335 0.3350
true 336 0.3360 1
false 336 0.3360
false 336 0.3360
true 337 0.3370 0
false 337 0.3370
false 337 0.3370
true 338 0.3380 0
false 338 0.3380
true 339 0.3390 0
false 339 0.3390
false 339 0.3390
true 340 0.3400 1
false 340 0.3400
true 341 0.3410 2
true 342 0.3420 3
true 343 0.3430 0
true 344 0.3440 0
true 345 0.3450 0
false 345 0.3450
true 346 0.3460 1
true 347 0.3470 0
true 348 0.3480 2
true 349 0.3490 1
false 349 0.3490
true 350 0.3500 0
false 350 0.3500
true 351 0.3510 2
false 351 0.3510
true 352 0.3520 0
false 352 0.3520
false 352 0.3520
true 353 0.3530 2
false 353 0.3530
false 353 0.3530
true 354 0.3540 1
false 354 0.3540
true 355 0.3550 0
false 355 0.3550
true 356 0.3560 0
true 357 0.3570 0
true 358 0.3580 3
true 359 0.3590 0
true 360 0.3600 0
false 360 0.3600
true 361 0.3610 1
true 362 0.3620 4
true 363 0.3630 0
false 363 0.3630
false 363 0.3630
true 364 0.3640 1
false 364 0.3640
false 364 0.3640
false 364 0.3640
true 365 0.3650 1
false 365 0.3650
true 366 0.3660 1
true 367 0.3670 1
true 368 0.3680 0
false 368 0.3680
false 368 0.3680
true 369 0.3690 0
false 369 0.3690
false 369 0.3690
true 370 0.3700 0
false 370 0.3700
false 370 0.3700
false 370 0.3700
false 370 0.3700
false 370 0.3700
true 371 0.3710 0
true 372 0.3720 1
false 372 0.3720
false 372 0.3720
false 372 0.3720
true 373 0.3730 0
false 373 0.3730
false 373 0.3730
true 374 0.3740 2
false 374 0.3740
true 375 0.3750 0
true 376 0.3760 0
true 377 0.3770 0
false 377 0.3770
true 378 0.3780 0
true 379 0.3790 0
false 379 0.3790
true 380 0.3800 3
false 380 0.3800
false 380 0.3800
false 380 0.3800
false 380 0.3800
false 380 0.3800
true 381 0.3810 0
true 382 0.3820 0
false 382 0.3820
false 382 0.3820
true 383 0.3830 0
false 383 0.3830
false 383 0.3830
false 383 0.3830
false 383 0.3830
false 383 0.3830
false 383 0.3830
true 384 0.3840 0
true 385 0.3850 6
false 385 0.3850
false 385 0.3850
false 385 0.3850
false 385 0.3850
true 386 0.3860 0
true 387 0.3870 0
false 387 0.3870
false 387 0.3870
true 388 0.3880 0
true 389 0.3890 3
false 389 0.3890
true 390 0.3900 3
false 390 0.3900
true 391 0.3910 2
true 392 0.3920 2
false 392 0.3920
true 393 0.3930 0
true 394 0.3940 0
true 395 0.3950 0
true 396 0.3960 0
false 396 0.3960
false 396 0.3960
true 397 0.3970 0
true 398 0.3980 0
true 399 0.3990 2
true 400 0.4000 0
true 401 0.4010 3
false 401 0.4010
true 402 0.4020 0
true 403 0.4030 1
true 404 0.4040 1
false 404 0.4040
true 405 0.4050 1
false 405 0.4050
false 405 0.4050
false 405 0.4050
false 405 0.4050
true 406 0.4060 2
false 406 0.4060
false 406 0.4060
true 407 0.4070 1
true 408 0.4080 0
false 408 0.4080
false 408 0.4080
false 408 0.4080
false 408 0.4080
true 409 0.4090 0
false 409 0.4090
true 410 0.4100 0
true 411 0.4110 0
false 411 0.4110
false 411 0.4110
false 411 0.4110
false 411 0.4110
false 411 0.4110
false 411 0.4110
false 411 0.4110
true 412 0.4120 3
false 412 0.4120
false 412 0.4120
false 412 0.4120
false 412 0.4120
true 413 0.4130 0
true 414 0.4140 0
false 414 0.4140
true 415 0.4150 0
false 415 0.4150
true 416 0.4160 1
false 416 0.4160
true 417 0.4170 0
false 417 0.4170
false 417 0.4170
true 418 0.4180 0
true 419 0.4190 1
false 419 0.4190
true 420 0.4200 1
true 421 0.4210 0
false 421 0.4210
false 421 0.4210
true 422 0.4220 1
false 422 0.4220
true 423 0.4230 0
true 424 0.4240 0
false 424 0.4240
true 425 0.4250 1
true 426 0.4260 0
true 427 0.4270 1
false 427 0.4270
true 428 0.4280 0
true 429 0.4290 2
true 430 0.4300 1
true 431 0.4310 1
false 431 0.4310
false 431 0.4310
true 432 0.4320 0
true 433 0.4330 0
false 433 0.4330
false 433 0.4330
true 434 0.4340 0
false 434 0.4340
false 434 0.4340
false 434 0.4340
false 434 0.4340
true 435 0.4350 0
false 435 0.4350
false 435 0.4350
true 436 0.4360 0
false 436 0.4360
false 436 0.4360
true 437 0.4370 1
true 438 0.4380 1
true 439 0.4390 1
true 440 0.4400 0
false 440 0.4400
false 440 0.4400
true 441 0.4410 0
false 441 0.4410
true 442 0.4420 0
true 443 0.4430 0
true 444 0.4440 1
true 445 0.4450 0
true 446 0.4460 0
true 447 0.4470 0
true 448 0.4480 0
false 448 0.4480
true 449 0.4490 1
true 450 0.4500 1
true 451 0.4510 0
false 451 0.4510
true 452 0.4520 0
true 453 0.4530 1
false 453 0.4530
true 454 0.4540 0
false 454 0.4540
true 455 0.4550 1
false 455 0.4550
true 456 0.4560 0
false 456 0.4560
false 456 0.4560
true 457 0.4570 0
true 458 0.4580 0
false 458 0.4580
false 458 0.4580
false 458 0.4580
false 458 0.4580
false 458 0.4580
false 458 0.4580
true 459 0.4590 1
true 460 0.4600 0
false 460 0.4600
false 460 0.4600
true 461 0.4610 1
false 461 0.4610
true 462 0.4620 0
false 462 0.4620
false 462 0.4620
false 462 0.4620
false 462 0.4620
false 462 0.4620
false 462 0.4620
true 463 0.4630 2
false 463 0.4630
true 464 0.4640 0
true 465 0.4650 2
true 466 0.4660 0
false 466 0.4660
false 466 0.4660
true 467 0.4670 0
true 468 0.4680 2
false 468 0.4680
true 469 0.4690 2
true 470 0.4700 0
false 470 0.4700
true 471 0.4710 0
false 471 0.4710
true 472 0.4720 0
true 473 0.4730 0
false 473 0.4730
true 474 0.4740 3
true 475 0.4750 0
false 475 0.4750
false 475 0.4750
false 475 0.4750
true 476 0.4760 0
true 477 0.4770 1
false 477 0.4770
true 478 0.4780 0
true 479 0.4790 0
false 479 0.4790
true 480 0.4800 0
true 481 0.4810 1
false 481 0.4810
false 481 0.4810
true 482 0.4820 0
false 482 0.4820
false 482 0.4820
true 483 0.4830 2
false 483 0.4830
true 484 0.4840 5
true 485 0.4850 0
true 486 0.4860 3
false 486 0.4860
false 486 0.4860
false 486 0.4860
true 487 0.4870 4
false 487 0.4870
true 488 0.4880 0
true 489 0.4890 3
true 490 0.4900 0
true 491 0.4910 1
false 491 0.4910
false 491 0.4910
false 491 0.4910
false 491 0.4910
true 492 0.4920 1
false 492 0.4920
false 492 0.4920
true 493 0.4930 3
false 493 0.4930
true 494 0.4940 2
true 495 0.4950 0
false 495 0.4950
false 495 0.4950
true 496 0.4960 0
false 496 0.4960
