true 1 0.0010 0
true 2 0.0020 0
true 3 0.0029 0
true 4 0.0039 0
true 5 0.0049 0
true 6 0.0059 0
true 7 0.0068 0
true 8 0.0078 0
true 9 0.0088 0
true 10 0.0098 0
true 11 0.0107 0
true 12 0.0117 0
true 13 0.0127 0
true 14 0.0137 0
true 15 0.0146 0
true 16 0.0156 0
true 17 0.0166 0
true 18 0.0176 0
true 19 0.0186 0
true 20 0.0195 0
true 21 0.0205 0
true 22 0.0215 0
true 23 0.0225 0
true 24 0.0234 0
true 25 0.0244 0
true 26 0.0254 0
true 27 0.0264 0
true 28 0.0273 1
true 29 0.0283 0
true 30 0.0293 0
true 31 0.0303 0
true 32 0.0313 0
true 33 0.0322 0
true 34 0.0332 0
true 35 0.0342 0
true 36 0.0352 0
true 37 0.0361 0
true 38 0.0371 0
true 39 0.0381 0
true 40 0.0391 0
true 41 0.0400 0
true 42 0.0410 0
true 43 0.0420 0
true 44 0.0430 0
true 45 0.0439 0
true 46 0.0449 0
true 47 0.0459 0
true 48 0.0469 0
true 49 0.0479 0
true 50 0.0488 0
true 51 0.0498 0
true 52 0.0508 1
true 53 0.0518 0
true 54 0.0527 0
true 55 0.0537 0
true 56 0.0547 0
true 57 0.0557 0
true 58 0.0566 0
true 59 0.0576 0
true 60 0.0586 0
true 61 0.0596 0
true 62 0.0605 0
true 63 0.0615 0
true 64 0.0625 0
true 65 0.0635 0
true 66 0.0645 0
true 67 0.0654 0
true 68 0.0664 0
true 69 0.0674 0
true 70 0.0684 0
true 71 0.0693 0
true 72 0.0703 0
true 73 0.0713 0
true 74 0.0723 0
true 75 0.0732 0
true 76 0.0742 1
true 77 0.0752 0
true 78 0.0762 0
true 79 0.0771 0
true 80 0.0781 0
true 81 0.0791 0
true 82 0.0801 1
true 83 0.0811 0
true 84 0.0820 0
true 85 0.0830 0
true 86 0.0840 0
true 87 0.0850 0
true 88 0.0859 0
true 89 0.0869 0
true 90 0.0879 0
true 91 0.0889 0
true 92 0.0898 0
true 93 0.0908 0
true 94 0.0918 0
true 95 0.0928 0
true 96 0.0938 0
true 97 0.0947 0
true 98 0.0957 0
true 99 0.0967 2
true 100 0.0977 0
true 101 0.0986 0
true 102 0.0996 0
true 103 0.1006 0
true 104 0.1016 0
true 105 0.1025 0
true 106 0.1035 2
true 107 0.1045 0
true 108 0.1055 0
true 109 0.1064 0
true 110 0.1074 1
true 111 0.1084 1
true 112 0.1094 0
true 113 0.1104 0
true 114 0.1113 0
true 115 0.1123 1
true 116 0.1133 0
true 117 0.1143 0
true 118 0.1152 0
true 119 0.1162 0
true 120 0.1172 0
true 121 0.1182 0
true 122 0.1191 0
true 123 0.1201 0
true 124 0.1211 0
true 125 0.1221 1
true 126 0.1230 0
true 127 0.1240 0
true 128 0.1250 0
true 129 0.1260 0
true 130 0.1270 0
true 131 0.1279 0
true 132 0.1289 0
true 133 0.1299 0
true 134 0.1309 0
true 135 0.1318 0
true 136 0.1328 0
true 137 0.1338 0
true 138 0.1348 0
true 139 0.1357 1
true 140 0.1367 0
true 141 0.1377 0
true 142 0.1387 0
true 143 0.1396 0
true 144 0.1406 0
true 145 0.1416 0
true 146 0.1426 0
true 147 0.1436 0
true 148 0.1445 0
true 149 0.1455 0
true 150 0.1465 0
true 151 0.1475 0
true 152 0.1484 0
true 153 0.1494 0
true 154 0.1504 1
true 155 0.1514 0
true 156 0.1523 1
true 157 0.1533 0
true 158 0.1543 1
true 159 0.1553 0
true 160 0.1563 0
true 161 0.1572 3
true 162 0.1582 0
true 163 0.1592 1
true 164 0.1602 0
true 165 0.1611 0
true 166 0.1621 0
true 167 0.1631 0
true 168 0.1641 0
true 169 0.1650 0
true 170 0.1660 0
true 171 0.1670 0
true 172 0.1680 0
true 173 0.1689 0
true 174 0.1699 0
true 175 0.1709 0
true 176 0.1719 1
true 177 0.1729 1
true 178 0.1738 0
true 179 0.1748 0
true 180 0.1758 1
true 181 0.1768 0
true 182 0.1777 0
true 183 0.1787 0
true 184 0.1797 0
true 185 0.1807 0
true 186 0.1816 0
true 187 0.1826 0
true 188 0.1836 0
true 189 0.1846 1
true 190 0.1855 0
true 191 0.1865 0
true 192 0.1875 3
true 193 0.1885 1
true 194 0.1895 0
true 195 0.1904 0
true 196 0.1914 0
true 197 0.1924 1
true 198 0.1934 0
true 199 0.1943 0
true 200 0.1953 1
true 201 0.1963 0
true 202 0.1973 0
true 203 0.1982 0
true 204 0.1992 0
true 205 0.2002 0
true 206 0.2012 0
true 207 0.2021 0
true 208 0.2031 1
true 209 0.2041 1
true 210 0.2051 0
true 211 0.2061 0
true 212 0.2070 0
true 213 0.2080 0
true 214 0.2090 0
true 215 0.2100 2
true 216 0.2109 0
true 217 0.2119 1
true 218 0.2129 0
true 219 0.2139 0
true 220 0.2148 0
true 221 0.2158 0
true 222 0.2168 0
true 223 0.2178 0
true 224 0.2188 1
true 225 0.2197 0
true 226 0.2207 0
true 227 0.2217 0
true 228 0.2227 0
true 229 0.2236 2
true 230 0.2246 0
true 231 0.2256 1
true 232 0.2266 0
true 233 0.2275 0
true 234 0.2285 1
true 235 0.2295 0
true 236 0.2305 0
true 237 0.2314 0
true 238 0.2324 0
true 239 0.2334 0
true 240 0.2344 0
true 241 0.2354 2
true 242 0.2363 0
true 243 0.2373 0
true 244 0.2383 0
true 245 0.2393 0
true 246 0.2402 1
true 247 0.2412 0
true 248 0.2422 0
true 249 0.2432 0
true 250 0.2441 1
true 251 0.2451 0
true 252 0.2461 1
true 253 0.2471 1
true 254 0.2480 0
true 255 0.2490 0
true 256 0.2500 2
true 257 0.2510 0
true 258 0.2520 0
true 259 0.2529 1
true 260 0.2539 1
true 261 0.2549 0
true 262 0.2559 0
true 263 0.2568 0
true 264 0.2578 0
true 265 0.2588 0
true 266 0.2598 0
true 267 0.2607 0
true 268 0.2617 0
true 269 0.2627 2
true 270 0.2637 0
true 271 0.2646 1
true 272 0.2656 0
true 273 0.2666 1
true 274 0.2676 0
true 275 0.2686 0
true 276 0.2695 4
true 277 0.2705 0
true 278 0.2715 0
true 279 0.2725 0
true 280 0.2734 2
true 281 0.2744 8
true 282 0.2754 0
true 283 0.2764 0
true 284 0.2773 0
true 285 0.2783 0
true 286 0.2793 0
true 287 0.2803 1
true 288 0.2813 0
true 289 0.2822 0
true 290 0.2832 1
true 291 0.2842 3
true 292 0.2852 0
true 293 0.2861 0
true 294 0.2871 1
true 295 0.2881 0
true 296 0.2891 0
true 297 0.2900 1
true 298 0.2910 0
true 299 0.2920 1
true 300 0.2930 0
true 301 0.2939 0
true 302 0.2949 0
true 303 0.2959 0
true 304 0.2969 0
true 305 0.2979 0
true 306 0.2988 2
true 307 0.2998 2
true 308 0.3008 0
true 309 0.3018 0
true 310 0.3027 0
true 311 0.3037 0
true 312 0.3047 0
true 313 0.3057 0
true 314 0.3066 0
true 315 0.3076 1
true 316 0.3086 1
true 317 0.3096 0
true 318 0.3105 1
true 319 0.3115 0
true 320 0.3125 0
true 321 0.3135 2
true 322 0.3145 0
true 323 0.3154 2
true 324 0.3164 0
true 325 0.3174 0
true 326 0.3184 2
true 327 0.3193 0
true 328 0.3203 0
true 329 0.3213 1
true 330 0.3223 0
true 331 0.3232 2
true 332 0.3242 1
true 333 0.3252 1
true 334 0.3262 1
true 335 0.3271 0
true 336 0.3281 0
true 337 0.3291 1
true 338 0.3301 1
true 339 0.3311 0
true 340 0.3320 0
true 341 0.3330 2
true 342 0.3340 0
true 343 0.3350 0
true 344 0.3359 0
true 345 0.3369 0
true 346 0.3379 0
true 347 0.3389 0
true 348 0.3398 1
true 349 0.3408 0
true 350 0.3418 1
true 351 0.3428 0
true 352 0.3438 0
true 353 0.3447 1
true 354 0.3457 2
true 355 0.3467 0
true 356 0.3477 5
true 357 0.3486 0
true 358 0.3496 0
true 359 0.3506 0
true 360 0.3516 2
true 361 0.3525 0
true 362 0.3535 2
true 363 0.3545 0
true 364 0.3555 2
true 365 0.3564 1
true 366 0.3574 0
true 367 0.3584 0
true 368 0.3594 1
true 369 0.3604 0
true 370 0.3613 0
true 371 0.3623 1
true 372 0.3633 2
true 373 0.3643 0
true 374 0.3652 1
true 375 0.3662 3
true 376 0.3672 0
true 377 0.3682 0
true 378 0.3691 2
true 379 0.3701 1
true 380 0.3711 0
true 381 0.3721 0
true 382 0.3730 0
true 383 0.3740 0
true 384 0.3750 1
true 385 0.3760 0
true 386 0.3770 2
true 387 0.3779 1
true 388 0.3789 2
true 389 0.3799 6
true 390 0.3809 0
true 391 0.3818 0
true 392 0.3828 0
true 393 0.3838 0
true 394 0.3848 0
true 395 0.3857 0
true 396 0.3867 1
true 397 0.3877 0
true 398 0.3887 3
true 399 0.3896 0
true 400 0.3906 1
true 401 0.3916 0
true 402 0.3926 0
true 403 0.3936 0
true 404 0.3945 0
true 405 0.3955 1
true 406 0.3965 4
true 407 0.3975 1
true 408 0.3984 0
true 409 0.3994 0
true 410 0.4004 2
true 411 0.4014 1
true 412 0.4023 0
true 413 0.4033 0
true 414 0.4043 3
true 415 0.4053 2
true 416 0.4063 2
true 417 0.4072 0
true 418 0.4082 2
true 419 0.4092 1
true 420 0.4102 2
true 421 0.4111 0
true 422 0.4121 1
true 423 0.4131 1
true 424 0.4141 7
true 425 0.4150 0
true 426 0.4160 0
true 427 0.4170 0
true 428 0.4180 3
true 429 0.4189 3
true 430 0.4199 2
true 431 0.4209 0
true 432 0.4219 1
true 433 0.4229 0
true 434 0.4238 0
true 435 0.4248 0
true 436 0.4258 1
true 437 0.4268 3
true 438 0.4277 1
true 439 0.4287 5
true 440 0.4297 2
true 441 0.4307 0
true 442 0.4316 0
true 443 0.4326 0
true 444 0.4336 2
true 445 0.4346 2
true 446 0.4355 0
true 447 0.4365 0
true 448 0.4375 0
true 449 0.4385 3
true 450 0.4395 1
true 451 0.4404 2
true 452 0.4414 1
true 453 0.4424 0
true 454 0.4434 6
true 455 0.4443 0
true 456 0.4453 0
true 457 0.4463 1
true 458 0.4473 0
true 459 0.4482 2
true 460 0.4492 0
true 461 0.4502 5
true 462 0.4512 1
true 463 0.4521 0
true 464 0.4531 0
true 465 0.4541 1
true 466 0.4551 6
true 467 0.4561 0
true 468 0.4570 0
true 469 0.4580 2
true 470 0.4590 17
true 471 0.4600 0
true 472 0.4609 3
true 473 0.4619 0
true 474 0.4629 2
true 475 0.4639 1
true 476 0.4648 0
true 477 0.4658 1
true 478 0.4668 0
true 479 0.4678 1
true 480 0.4688 1
true 481 0.4697 0
true 482 0.4707 1
true 483 0.4717 0
true 484 0.4727 0
true 485 0.4736 0
true 486 0.4746 0
true 487 0.4756 0
true 488 0.4766 0
true 489 0.4775 0
true 490 0.4785 0
true 491 0.4795 1
true 492 0.4805 1
true 493 0.4814 3
true 494 0.4824 0
true 495 0.4834 3
true 496 0.4844 0
true 497 0.4854 0
true 498 0.4863 8
true 499 0.4873 0
true 500 0.4883 0
true 501 0.4893 0
true 502 0.4902 1
true 503 0.4912 6
true 504 0.4922 1
true 505 0.4932 10
true 506 0.4941 0
true 507 0.4951 1
true 508 0.4961 1
true 509 0.4971 0
true 510 0.4980 2
true 511 0.4990 1
true 512 0.5000 1
true 513 0.5010 0
true 514 0.5020 7
true 515 0.5029 10
true 516 0.5039 0
true 517 0.5049 6
true 518 0.5059 0
true 519 0.5068 0
true 520 0.5078 3
true 521 0.5088 1
true 522 0.5098 0
true 523 0.5107 0
true 524 0.5117 6
true 525 0.5127 0
true 526 0.5137 0
true 527 0.5146 3
true 528 0.5156 1
true 529 0.5166 0
true 530 0.5176 1
true 531 0.5186 1
true 532 0.5195 0
true 533 0.5205 0
true 534 0.5215 0
true 535 0.5225 0
true 536 0.5234 0
true 537 0.5244 1
true 538 0.5254 0
true 539 0.5264 4
true 540 0.5273 4
true 541 0.5283 5
true 542 0.5293 4
true 543 0.5303 6
true 544 0.5313 11
true 545 0.5322 0
true 546 0.5332 0
true 547 0.5342 0
true 548 0.5352 3
true 549 0.5361 1
true 550 0.5371 2
true 551 0.5381 3
true 552 0.5391 6
true 553 0.5400 1
true 554 0.5410 5
true 555 0.5420 0
true 556 0.5430 16
true 557 0.5439 1
true 558 0.5449 9
true 559 0.5459 5
true 560 0.5469 0
true 561 0.5479 0
true 562 0.5488 0
true 563 0.5498 1
true 564 0.5508 0
true 565 0.5518 0
true 566 0.5527 0
true 567 0.5537 1
true 568 0.5547 0
true 569 0.5557 0
true 570 0.5566 3
true 571 0.5576 4
true 572 0.5586 0
true 573 0.5596 2
true 574 0.5605 1
true 575 0.5615 13
true 576 0.5625 0
true 577 0.5635 1
true 578 0.5645 3
true 579 0.5654 3
true 580 0.5664 1
true 581 0.5674 8
true 582 0.5684 4
true 583 0.5693 0
true 584 0.5703 0
true 585 0.5713 7
true 586 0.5723 0
true 587 0.5732 0
true 588 0.5742 3
true 589 0.5752 3
true 590 0.5762 1
true 591 0.5771 0
true 592 0.5781 0
true 593 0.5791 2
true 594 0.5801 0
true 595 0.5811 0
true 596 0.5820 0
true 597 0.5830 0
true 598 0.5840 0
true 599 0.5850 0
true 600 0.5859 10
true 601 0.5869 0
true 602 0.5879 4
true 603 0.5889 0
true 604 0.5898 3
true 605 0.5908 2
true 606 0.5918 0
true 607 0.5928 0
true 608 0.5938 16
true 609 0.5947 0
true 610 0.5957 0
true 611 0.5967 0
true 612 0.5977 0
true 613 0.5986 4
true 614 0.5996 6
true 615 0.6006 1
true 616 0.6016 0
true 617 0.6025 5
true 618 0.6035 6
true 619 0.6045 1
true 620 0.6055 2
true 621 0.6064 19
true 622 0.6074 9
true 623 0.6084 0
true 624 0.6094 10
true 625 0.6104 1
true 626 0.6113 0
true 627 0.6123 0
true 628 0.6133 0
true 629 0.6143 1
true 630 0.6152 0
true 631 0.6162 1
true 632 0.6172 4
true 633 0.6182 0
true 634 0.6191 0
true 635 0.6201 8
true 636 0.6211 1
true 637 0.6221 2
true 638 0.6230 2
true 639 0.6240 5
true 640 0.6250 0
true 641 0.6260 0
true 642 0.6270 0
true 643 0.6279 0
true 644 0.6289 2
true 645 0.6299 4
true 646 0.6309 0
true 647 0.6318 0
true 648 0.6328 0
true 649 0.6338 2
true 650 0.6348 3
true 651 0.6357 1
true 652 0.6367 2
true 653 0.6377 0
true 654 0.6387 0
true 655 0.6396 3
true 656 0.6406 3
true 657 0.6416 4
true 658 0.6426 0
true 659 0.6436 9
true 660 0.6445 2
true 661 0.6455 4
true 662 0.6465 0
true 663 0.6475 1
true 664 0.6484 15
true 665 0.6494 1
true 666 0.6504 12
true 667 0.6514 0
true 668 0.6523 2
true 669 0.6533 11
true 670 0.6543 2
true 671 0.6553 2
true 672 0.6563 5
true 673 0.6572 1
true 674 0.6582 1
true 675 0.6592 11
true 676 0.6602 1
true 677 0.6611 3
true 678 0.6621 3
true 679 0.6631 3
true 680 0.6641 1
true 681 0.6650 5
true 682 0.6660 2
true 683 0.6670 4
true 684 0.6680 5
true 685 0.6689 3
true 686 0.6699 17
true 687 0.6709 4
true 688 0.6719 6
true 689 0.6729 13
true 690 0.6738 10
true 691 0.6748 0
true 692 0.6758 1
true 693 0.6768 0
true 694 0.6777 1
true 695 0.6787 25
true 696 0.6797 2
true 697 0.6807 1
true 698 0.6816 0
true 699 0.6826 31
true 700 0.6836 0
true 701 0.6846 3
true 702 0.6855 5
true 703 0.6865 3
true 704 0.6875 0
true 705 0.6885 8
true 706 0.6895 1
true 707 0.6904 1
true 708 0.6914 5
true 709 0.6924 2
true 710 0.6934 2
true 711 0.6943 2
true 712 0.6953 0
true 713 0.6963 4
true 714 0.6973 0
true 715 0.6982 1
true 716 0.6992 3
true 717 0.7002 7
true 718 0.7012 0
true 719 0.7021 0
true 720 0.7031 1
true 721 0.7041 1
true 722 0.7051 0
true 723 0.7061 3
true 724 0.7070 0
true 725 0.7080 14
true 726 0.7090 2
true 727 0.7100 23
true 728 0.7109 3
true 729 0.7119 1
true 730 0.7129 16
true 731 0.7139 21
true 732 0.7148 0
true 733 0.7158 19
true 734 0.7168 1
true 735 0.7178 0
true 736 0.7188 1
true 737 0.7197 5
true 738 0.7207 9
true 739 0.7217 0
true 740 0.7227 3
true 741 0.7236 5
true 742 0.7246 9
true 743 0.7256 1
true 744 0.7266 2
true 745 0.7275 2
true 746 0.7285 0
true 747 0.7295 11
true 748 0.7305 11
true 749 0.7314 5
true 750 0.7324 0
true 751 0.7334 7
true 752 0.7344 0
true 753 0.7354 4
true 754 0.7363 0
true 755 0.7373 8
true 756 0.7383 11
true 757 0.7393 0
true 758 0.7402 1
true 759 0.7412 0
true 760 0.7422 6
true 761 0.7432 3
true 762 0.7441 4
true 763 0.7451 1
true 764 0.7461 10
true 765 0.7471 1
true 766 0.7480 1
true 767 0.7490 4
true 768 0.7500 18
true 769 0.7510 1
true 770 0.7520 0
true 771 0.7529 11
true 772 0.7539 0
true 773 0.7549 8
true 774 0.7559 39
true 775 0.7568 0
true 776 0.7578 1
true 777 0.7588 2
true 778 0.7598 42
true 779 0.7607 9
true 780 0.7617 33
true 781 0.7627 1
true 782 0.7637 14
true 783 0.7646 25
true 784 0.7656 1
true 785 0.7666 30
true 786 0.7676 9
true 787 0.7686 14
true 788 0.7695 7
true 789 0.7705 0
true 790 0.7715 0
true 791 0.7725 1
true 792 0.7734 13
true 793 0.7744 39
true 794 0.7754 25
true 795 0.7764 12
true 796 0.7773 22
true 797 0.7783 27
true 798 0.7793 2
true 799 0.7803 4
true 800 0.7813 26
true 801 0.7822 0
true 802 0.7832 26
true 803 0.7842 6
true 804 0.7852 1
true 805 0.7861 0
true 806 0.7871 23
true 807 0.7881 28
true 808 0.7891 8
true 809 0.7900 21
true 810 0.7910 8
true 811 0.7920 1
true 812 0.7930 59
true 813 0.7939 3
true 814 0.7949 4
true 815 0.7959 37
true 816 0.7969 52
true 817 0.7979 1
true 818 0.7988 9
true 819 0.7998 1
true 820 0.8008 2
true 821 0.8018 0
true 822 0.8027 5
true 823 0.8037 8
true 824 0.8047 78
true 825 0.8057 11
true 826 0.8066 1
true 827 0.8076 2
true 828 0.8086 34
true 829 0.8096 1
true 830 0.8105 84
true 831 0.8115 2
true 832 0.8125 7
true 833 0.8135 0
true 834 0.8145 0
true 835 0.8154 8
true 836 0.8164 11
true 837 0.8174 4
true 838 0.8184 0
true 839 0.8193 1
true 840 0.8203 9
true 841 0.8213 18
true 842 0.8223 2
true 843 0.8232 10
true 844 0.8242 15
true 845 0.8252 24
true 846 0.8262 1
true 847 0.8271 18
true 848 0.8281 1
true 849 0.8291 65
true 850 0.8301 13
true 851 0.8311 48
true 852 0.8320 55
true 853 0.8330 0
true 854 0.8340 1
true 855 0.8350 3
true 856 0.8359 2
true 857 0.8369 13
true 858 0.8379 0
true 859 0.8389 1
true 860 0.8398 1
true 861 0.8408 59
true 862 0.8418 38
true 863 0.8428 13
true 864 0.8438 2
true 865 0.8447 2
true 866 0.8457 24
true 867 0.8467 6
true 868 0.8477 10
true 869 0.8486 14
true 870 0.8496 0
true 871 0.8506 1
true 872 0.8516 34
true 873 0.8525 3
true 874 0.8535 127
true 875 0.8545 5
true 876 0.8555 177
true 877 0.8564 0
true 878 0.8574 4
true 879 0.8584 18
true 880 0.8594 0
true 881 0.8604 8
true 882 0.8613 54
true 883 0.8623 61
true 884 0.8633 53
true 885 0.8643 109
true 886 0.8652 24
true 887 0.8662 2
true 888 0.8672 7
true 889 0.8682 44
true 890 0.8691 41
true 891 0.8701 37
true 892 0.8711 2
true 893 0.8721 25
true 894 0.8730 64
true 895 0.8740 56
true 896 0.8750 0
true 897 0.8760 8
true 898 0.8770 5
true 899 0.8779 6
true 900 0.8789 143
true 901 0.8799 4
true 902 0.8809 37
true 903 0.8818 44
true 904 0.8828 34
true 905 0.8838 2
true 906 0.8848 23
true 907 0.8857 94
true 908 0.8867 15
true 909 0.8877 144
true 910 0.8887 256
true 911 0.8896 17
true 912 0.8906 0
true 913 0.8916 2
true 914 0.8926 11
true 915 0.8936 51
true 916 0.8945 1
true 917 0.8955 127
true 918 0.8965 66
true 919 0.8975 4
true 920 0.8984 1
true 921 0.8994 38
true 922 0.9004 28
true 923 0.9014 76
true 924 0.9023 166
true 925 0.9033 0
true 926 0.9043 28
true 927 0.9053 131
true 928 0.9063 278
true 929 0.9072 14
true 930 0.9082 5
true 931 0.9092 323
true 932 0.9102 446
true 933 0.9111 266
true 934 0.9121 4
true 935 0.9131 2
true 936 0.9141 328
true 937 0.9150 0
true 938 0.9160 167
true 939 0.9170 18
true 940 0.9180 10
true 941 0.9189 16
true 942 0.9199 392
true 943 0.9209 345
true 944 0.9219 0
true 945 0.9229 12
true 946 0.9238 416
true 947 0.9248 109
true 948 0.9258 15
true 949 0.9268 42
true 950 0.9277 56
true 951 0.9287 122
true 952 0.9297 166
true 953 0.9307 336
true 954 0.9316 9
true 955 0.9326 63
true 956 0.9336 101
true 957 0.9346 69
true 958 0.9355 86
true 959 0.9365 368
true 960 0.9375 304
true 961 0.9385 447
true 962 0.9395 526
true 963 0.9404 162
true 964 0.9414 670
true 965 0.9424 129
true 966 0.9434 66
true 967 0.9443 25
true 968 0.9453 208
true 969 0.9463 521
true 970 0.9473 111
true 971 0.9482 97
true 972 0.9492 111
true 973 0.9502 692
true 974 0.9512 640
true 975 0.9521 325
true 976 0.9531 688
true 977 0.9541 510
true 978 0.9551 578
true 979 0.9561 1
true 980 0.9570 693
true 981 0.9580 577
true 982 0.9590 207
true 983 0.9600 391
true 984 0.9609 492
true 985 0.9619 344
true 986 0.9629 360
true 987 0.9639 7
true 988 0.9648 762
true 989 0.9658 851
true 990 0.9668 185
true 991 0.9678 360
true 992 0.9688 177
true 993 0.9697 417
true 994 0.9707 723
true 995 0.9717 860
true 996 0.9727 462
true 997 0.9736 349
true 998 0.9746 265
true 999 0.9756 300
true 1000 0.9766 138
true 1001 0.9775 254
true 1002 0.9785 366
true 1003 0.9795 4
true 1004 0.9805 262
true 1005 0.9814 593
true 1006 0.9824 207
true 1007 0.9834 52
true 1008 0.9844 460
true 1009 0.9854 362
true 1010 0.9863 828
true 1011 0.9873 730
true 1012 0.9883 905
true 1013 0.9893 461
true 1014 0.9902 105
true 1015 0.9912 196
true 1016 0.9922 427
true 1017 0.9932 468
true 1018 0.9941 675
true 1019 0.9951 179
true 1020 0.9961 468
true 1021 0.9971 789
true 1022 0.9980 598
true 1023 0.9990 458
true 1024 1.0000 699
false 1024 1.0000
false 1024 1.0000
false 1024 1.0000
false 1024 1.0000
false 1024 1.0000
false 1024 1.0000
false 1024 1.0000
false 1024 1.0000
false 1024 1.0000
false 1024 1.0000
