true 1 0.0033 0
true 2 0.0067 1
true 3 0.0100 1
true 4 0.0133 1
true 5 0.0167 1
true 6 0.0200 1
true 7 0.0233 3
true 8 0.0267 1
true 9 0.0300 3
true 10 0.0333 2
true 11 0.0367 3
true 12 0.0400 3
true 13 0.0433 5
true 14 0.0467 2
true 15 0.0500 4
false 15 0.0500
true 16 0.0533 5
true 17 0.0567 3
false 17 0.0567
false 17 0.0567
true 18 0.0600 5
true 19 0.0633 9
true 20 0.0667 6
false 20 0.0667
false 20 0.0667
true 21 0.0700 6
false 21 0.0700
true 22 0.0733 17
true 23 0.0767 9
true 24 0.0800 9
true 25 0.0833 22
false 25 0.0833
false 25 0.0833
false 25 0.0833
false 25 0.0833
false 25 0.0833
false 25 0.0833
false 25 0.0833
false 25 0.0833
false 25 0.0833
false 25 0.0833
false 25 0.0833
false 25 0.0833
false 25 0.0833
false 25 0.0833
false 25 0.0833
false 25 0.0833
false 25 0.0833
false 25 0.0833
false 25 0.0833
false 25 0.0833
false 25 0.0833
false 25 0.0833
false 25 0.0833
false 25 0.0833
false 25 0.0833
false 25 0.0833
false 25 0.0833
false 25 0.0833
false 25 0.0833
false 25 0.0833
false 25 0.0833
false 25 0.0833
false 25 0.0833
false 25 0.0833
false 25 0.0833
false 25 0.0833
false 25 0.0833
false 25 0.0833
false 25 0.0833
false 25 0.0833
false 25 0.0833
false 25 0.0833
false 25 0.0833
false 25 0.0833
false 25 0.0833
false 25 0.0833
false 25 0.0833
false 25 0.0833
false 25 0.0833
false 25 0.0833
false 25 0.0833
false 25 0.0833
false 25 0.0833
false 25 0.0833
false 25 0.0833
false 25 0.0833
false 25 0.0833
false 25 0.0833
false 25 0.0833
false 25 0.0833
false 25 0.0833
false 25 0.0833
false 25 0.0833
false 25 0.0833
false 25 0.0833
false 25 0.0833
false 25 0.0833
false 25 0.0833
false 25 0.0833
false 25 0.0833
false 25 0.0833
false 25 0.0833
false 25 0.0833
false 25 0.0833
false 25 0.0833
false 25 0.0833
false 25 0.0833
false 25 0.0833
false 25 0.0833
false 25 0.0833
false 25 0.0833
false 25 0.0833
false 25 0.0833
false 25 0.0833
false 25 0.0833
false 25 0.0833
false 25 0.0833
false 25 0.0833
false 25 0.0833
false 25 0.0833
false 25 0.0833
false 25 0.0833
false 25 0.0833
false 25 0.0833
false 25 0.0833
false 25 0.0833
false 25 0.0833
false 25 0.0833
false 25 0.0833
false 25 0.0833
false 25 0.0833
false 25 0.0833
false 25 0.0833
false 25 0.0833
false 25 0.0833
false 25 0.0833
false 25 0.0833
false 25 0.0833
false 25 0.0833
false 25 0.0833
false 25 0.0833
false 25 0.0833
false 25 0.0833
false 25 0.0833
false 25 0.0833
false 25 0.0833
false 25 0.0833
false 25 0.0833
false 25 0.0833
false 25 0.0833
false 25 0.0833
false 25 0.0833
false 25 0.0833
false 25 0.0833
false 25 0.0833
false 25 0.0833
false 25 0.0833
false 25 0.0833
false 25 0.0833
false 25 0.0833
false 25 0.0833
false 25 0.0833
false 25 0.0833
false 25 0.0833
false 25 0.0833
false 25 0.0833
false 25 0.0833
false 25 0.0833
false 25 0.0833
false 25 0.0833
false 25 0.0833
false 25 0.0833
false 25 0.0833
false 25 0.0833
false 25 0.0833
false 25 0.0833
false 25 0.0833
false 25 0.0833
false 25 0.0833
false 25 0.0833
false 25 0.0833
false 25 0.0833
false 25 0.0833
false 25 0.0833
false 25 0.0833
false 25 0.0833
false 25 0.0833
false 25 0.0833
false 25 0.0833
false 25 0.0833
false 25 0.0833
false 25 0.0833
false 25 0.0833
false 25 0.0833
false 25 0.0833
false 25 0.0833
false 25 0.0833
false 25 0.0833
false 25 0.0833
false 25 0.0833
false 25 0.0833
false 25 0.0833
false 25 0.0833
false 25 0.0833
false 25 0.0833
false 25 0.0833
false 25 0.0833
false 25 0.0833
false 25 0.0833
false 25 0.0833
false 25 0.0833
false 25 0.0833
false 25 0.0833
false 25 0.0833
false 25 0.0833
false 25 0.0833
false 25 0.0833
false 25 0.0833
false 25 0.0833
false 25 0.0833
false 25 0.0833
false 25 0.0833
false 25 0.0833
false 25 0.0833
false 25 0.0833
false 25 0.0833
false 25 0.0833
false 25 0.0833
false 25 0.0833
false 25 0.0833
false 25 0.0833
false 25 0.0833
false 25 0.0833
false 25 0.0833
false 25 0.0833
false 25 0.0833
false 25 0.0833
false 25 0.0833
false 25 0.0833
false 25 0.0833
false 25 0.0833
false 25 0.0833
false 25 0.0833
false 25 0.0833
false 25 0.0833
false 25 0.0833
false 25 0.0833
false 25 0.0833
false 25 0.0833
false 25 0.0833
false 25 0.0833
false 25 0.0833
false 25 0.0833
false 25 0.0833
false 25 0.0833
false 25 0.0833
false 25 0.0833
false 25 0.0833
false 25 0.0833
false 25 0.0833
false 25 0.0833
false 25 0.0833
false 25 0.0833
false 25 0.0833
false 25 0.0833
false 25 0.0833
false 25 0.0833
false 25 0.0833
false 25 0.0833
false 25 0.0833
false 25 0.0833
false 25 0.0833
false 25 0.0833
false 25 0.0833
false 25 0.0833
false 25 0.0833
false 25 0.0833
false 25 0.0833
false 25 0.0833
false 25 0.0833
false 25 0.0833
false 25 0.0833
false 25 0.0833
false 25 0.0833
false 25 0.0833
false 25 0.0833
false 25 0.0833
false 25 0.0833
false 25 0.0833
false 25 0.0833
false 25 0.0833
false 25 0.0833
false 25 0.0833
false 25 0.0833
false 25 0.0833
false 25 0.0833
false 25 0.0833
false 25 0.0833
false 25 0.0833
