true 1 0.0169 0
true 2 0.0339 0
true 3 0.0508 0
true 4 0.0678 1
true 5 0.0847 0
true 6 0.1017 0
true 7 0.1186 2
true 8 0.1356 0
true 9 0.1525 0
true 10 0.1695 0
true 11 0.1864 4
true 12 0.2034 0
true 13 0.2203 0
true 14 0.2373 1
true 15 0.2542 0
true 16 0.2712 0
true 17 0.2881 4
true 18 0.3051 1
true 19 0.3220 0
true 20 0.3390 1
true 21 0.3559 0
true 22 0.3729 0
true 23 0.3898 0
true 24 0.4068 0
true 25 0.4237 0
true 26 0.4407 0
true 27 0.4576 2
true 28 0.4746 0
true 29 0.4915 6
true 30 0.5085 0
true 31 0.5254 2
true 32 0.5424 5
true 33 0.5593 2
true 34 0.5763 1
true 35 0.5932 1
true 36 0.6102 0
true 37 0.6271 6
true 38 0.6441 1
true 39 0.6610 0
true 40 0.6780 2
true 41 0.6949 0
true 42 0.7119 0
true 43 0.7288 0
true 44 0.7458 0
true 45 0.7627 3
true 46 0.7797 8
true 47 0.7966 0
true 48 0.8136 3
true 49 0.8305 20
true 50 0.8475 29
true 51 0.8644 12
true 52 0.8814 1
true 53 0.8983 12
true 54 0.9153 43
true 55 0.9322 27
true 56 0.9492 10
true 57 0.9661 48
true 58 0.9831 51
true 59 1.0000 42
