true 1 0.0200 0
true 2 0.0400 0
true 3 0.0600 1
true 4 0.0800 1
true 5 0.1000 0
true 6 0.1200 0
true 7 0.1400 0
true 8 0.1600 0
true 9 0.1800 0
true 10 0.2000 1
true 11 0.2200 0
true 12 0.2400 1
true 13 0.2600 0
true 14 0.2800 0
true 15 0.3000 0
true 16 0.3200 0
true 17 0.3400 1
true 18 0.3600 0
true 19 0.3800 0
true 20 0.4000 0
true 21 0.4200 3
true 22 0.4400 0
true 23 0.4600 0
true 24 0.4800 2
true 25 0.5000 0
true 26 0.5200 1
true 27 0.5400 0
true 28 0.5600 1
true 29 0.5800 1
true 30 0.6000 0
true 31 0.6200 3
true 32 0.6400 4
true 33 0.6600 3
true 34 0.6800 0
true 35 0.7000 0
true 36 0.7200 6
true 37 0.7400 1
true 38 0.7600 2
true 39 0.7800 1
true 40 0.8000 10
true 41 0.8200 0
true 42 0.8400 8
true 43 0.8600 2
true 44 0.8800 3
true 45 0.9000 9
true 46 0.9200 28
true 47 0.9400 23
true 48 0.9600 30
true 49 0.9800 39
true 50 1.0000 23
false 50 1.0000
false 50 1.0000
false 50 1.0000
false 50 1.0000
false 50 1.0000
false 50 1.0000
false 50 1.0000
false 50 1.0000
false 50 1.0000
false 50 1.0000
false 50 1.0000
false 50 1.0000
false 50 1.0000
false 50 1.0000
false 50 1.0000
false 50 1.0000
false 50 1.0000
false 50 1.0000
false 50 1.0000
false 50 1.0000
false 50 1.0000
false 50 1.0000
false 50 1.0000
false 50 1.0000
false 50 1.0000
false 50 1.0000
false 50 1.0000
false 50 1.0000
false 50 1.0000
false 50 1.0000
false 50 1.0000
false 50 1.0000
false 50 1.0000
false 50 1.0000
false 50 1.0000
false 50 1.0000
false 50 1.0000
false 50 1.0000
false 50 1.0000
false 50 1.0000
false 50 1.0000
false 50 1.0000
false 50 1.0000
false 50 1.0000
false 50 1.0000
false 50 1.0000
false 50 1.0000
false 50 1.0000
false 50 1.0000
false 50 1.0000
