true 1 0.0833 0
true 2 0.1667 0
true 3 0.2500 0
true 4 0.3333 0
true 5 0.4167 0
true 6 0.5000 0
true 7 0.5833 0
true 8 0.6667 0
true 9 0.7500 0
true 10 0.8333 0
true 11 0.9167 0
true 12 1.0000 0
