true 1 0.0167 0
true 2 0.0333 0
true 3 0.0500 0
true 4 0.0667 1
true 5 0.0833 0
true 6 0.1000 0
true 7 0.1167 1
true 8 0.1333 0
true 9 0.1500 0
true 10 0.1667 0
true 11 0.1833 0
true 12 0.2000 1
true 13 0.2167 0
true 14 0.2333 0
true 15 0.2500 1
true 16 0.2667 0
true 17 0.2833 0
true 18 0.3000 0
true 19 0.3167 0
true 20 0.3333 0
true 21 0.3500 1
true 22 0.3667 1
true 23 0.3833 0
true 24 0.4000 0
true 25 0.4167 0
true 26 0.4333 0
true 27 0.4500 1
true 28 0.4667 0
true 29 0.4833 0
true 30 0.5000 1
true 31 0.5167 0
true 32 0.5333 3
true 33 0.5500 3
true 34 0.5667 2
true 35 0.5833 1
true 36 0.6000 1
true 37 0.6167 2
true 38 0.6333 0
true 39 0.6500 2
true 40 0.6667 0
true 41 0.6833 3
true 42 0.7000 3
true 43 0.7167 4
true 44 0.7333 0
true 45 0.7500 1
true 46 0.7667 4
true 47 0.7833 0
true 48 0.8000 20
true 49 0.8167 0
true 50 0.8333 11
true 51 0.8500 17
true 52 0.8667 2
true 53 0.8833 6
true 54 0.9000 18
true 55 0.9167 0
true 56 0.9333 36
true 57 0.9500 15
true 58 0.9667 0
true 59 0.9833 1
true 60 1.0000 57
