true 1 0.0100 0
false 1 0.0100
true 2 0.0200 0
false 2 0.0200
true 3 0.0300 0
false 3 0.0300
true 4 0.0400 0
true 5 0.0500 0
false 5 0.0500
true 6 0.0600 0
false 6 0.0600
true 7 0.0700 1
true 8 0.0800 0
false 8 0.0800
true 9 0.0900 0
false 9 0.0900
false 9 0.0900
false 9 0.0900
true 10 0.1000 0
false 10 0.1000
false 10 0.1000
true 11 0.1100 0
true 12 0.1200 0
true 13 0.1300 0
true 14 0.1400 0
false 14 0.1400
true 15 0.1500 0
false 15 0.1500
true 16 0.1600 1
true 17 0.1700 0
false 17 0.1700
false 17 0.1700
true 18 0.1800 0
false 18 0.1800
true 19 0.1900 0
true 20 0.2000 0
true 21 0.2100 0
true 22 0.2200 0
true 23 0.2300 0
true 24 0.2400 0
false 24 0.2400
false 24 0.2400
true 25 0.2500 1
false 25 0.2500
false 25 0.2500
true 26 0.2600 0
true 27 0.2700 0
true 28 0.2800 0
false 28 0.2800
true 29 0.2900 0
true 30 0.3000 0
false 30 0.3000
true 31 0.3100 1
true 32 0.3200 1
false 32 0.3200
true 33 0.3300 0
true 34 0.3400 1
true 35 0.3500 0
true 36 0.3600 0
true 37 0.3700 4
false 37 0.3700
false 37 0.3700
false 37 0.3700
true 38 0.3800 1
true 39 0.3900 0
true 40 0.4000 2
false 40 0.4000
false 40 0.4000
false 40 0.4000
false 40 0.4000
true 41 0.4100 0
true 42 0.4200 2
false 42 0.4200
false 42 0.4200
false 42 0.4200
true 43 0.4300 0
true 44 0.4400 0
true 45 0.4500 1
true 46 0.4600 1
false 46 0.4600
true 47 0.4700 0
true 48 0.4800 0
true 49 0.4900 0
false 49 0.4900
false 49 0.4900
true 50 0.5000 0
true 51 0.5100 2
false 51 0.5100
true 52 0.5200 0
true 53 0.5300 0
false 53 0.5300
true 54 0.5400 0
true 55 0.5500 0
true 56 0.5600 0
false 56 0.5600
true 57 0.5700 2
false 57 0.5700
true 58 0.5800 0
false 58 0.5800
true 59 0.5900 1
