true 1 0.0010 0
true 2 0.0020 0
true 3 0.0030 0
true 4 0.0040 0
true 5 0.0050 0
true 6 0.0060 0
true 7 0.0070 0
true 8 0.0080 0
true 9 0.0090 0
true 10 0.0100 0
true 11 0.0110 0
true 12 0.0120 0
true 13 0.0130 0
true 14 0.0140 0
true 15 0.0150 0
true 16 0.0160 0
true 17 0.0170 0
true 18 0.0180 0
true 19 0.0190 0
true 20 0.0200 0
true 21 0.0210 0
true 22 0.0220 0
true 23 0.0230 0
true 24 0.0240 0
true 25 0.0250 0
true 26 0.0260 1
true 27 0.0270 0
true 28 0.0280 0
true 29 0.0290 0
true 30 0.0300 1
true 31 0.0310 1
true 32 0.0320 0
true 33 0.0330 0
true 34 0.0340 0
true 35 0.0350 0
true 36 0.0360 0
true 37 0.0370 0
true 38 0.0380 0
true 39 0.0390 0
true 40 0.0400 0
true 41 0.0410 0
true 42 0.0420 0
true 43 0.0430 0
true 44 0.0440 0
true 45 0.0450 0
true 46 0.0460 0
true 47 0.0470 0
true 48 0.0480 0
true 49 0.0490 0
true 50 0.0500 0
true 51 0.0510 0
true 52 0.0520 0
true 53 0.0530 0
true 54 0.0540 0
true 55 0.0550 0
true 56 0.0560 1
true 57 0.0570 0
true 58 0.0580 0
true 59 0.0590 0
true 60 0.0600 0
true 61 0.0610 0
true 62 0.0620 0
true 63 0.0630 0
true 64 0.0640 0
true 65 0.0650 0
true 66 0.0660 0
true 67 0.0670 0
true 68 0.0680 0
true 69 0.0690 0
true 70 0.0700 0
true 71 0.0710 0
true 72 0.0720 0
true 73 0.0730 0
true 74 0.0740 0
true 75 0.0750 0
true 76 0.0760 0
true 77 0.0770 0
true 78 0.0780 0
true 79 0.0790 0
true 80 0.0800 0
true 81 0.0810 0
true 82 0.0820 0
true 83 0.0830 0
true 84 0.0840 0
true 85 0.0850 0
true 86 0.0860 0
true 87 0.0870 1
true 88 0.0880 0
true 89 0.0890 0
true 90 0.0900 0
true 91 0.0910 0
true 92 0.0920 0
true 93 0.0930 0
true 94 0.0940 0
true 95 0.0950 0
true 96 0.0960 1
true 97 0.0970 0
true 98 0.0980 0
true 99 0.0990 0
true 100 0.1000 0
true 101 0.1010 1
true 102 0.1020 0
true 103 0.1030 1
true 104 0.1040 0
true 105 0.1050 0
true 106 0.1060 0
true 107 0.1070 0
true 108 0.1080 0
true 109 0.1090 0
true 110 0.1100 0
true 111 0.1110 0
true 112 0.1120 0
true 113 0.1130 0
true 114 0.1140 0
true 115 0.1150 1
true 116 0.1160 0
true 117 0.1170 0
true 118 0.1180 0
true 119 0.1190 0
true 120 0.1200 0
true 121 0.1210 0
true 122 0.1220 0
true 123 0.1230 0
true 124 0.1240 0
true 125 0.1250 0
true 126 0.1260 1
true 127 0.1270 0
true 128 0.1280 0
true 129 0.1290 0
true 130 0.1300 0
true 131 0.1310 0
true 132 0.1320 1
true 133 0.1330 0
true 134 0.1340 1
true 135 0.1350 0
true 136 0.1360 0
true 137 0.1370 0
true 138 0.1380 0
true 139 0.1390 0
true 140 0.1400 0
true 141 0.1410 0
true 142 0.1420 0
true 143 0.1430 0
true 144 0.1440 1
true 145 0.1450 0
true 146 0.1460 0
true 147 0.1470 0
true 148 0.1480 0
true 149 0.1490 0
true 150 0.1500 0
true 151 0.1510 1
true 152 0.1520 0
true 153 0.1530 0
true 154 0.1540 0
true 155 0.1550 0
true 156 0.1560 0
true 157 0.1570 0
true 158 0.1580 0
true 159 0.1590 0
true 160 0.1600 0
true 161 0.1610 0
true 162 0.1620 0
true 163 0.1630 0
true 164 0.1640 0
true 165 0.1650 0
true 166 0.1660 0
true 167 0.1670 0
true 168 0.1680 1
true 169 0.1690 0
true 170 0.1700 0
true 171 0.1710 0
true 172 0.1720 0
true 173 0.1730 1
true 174 0.1740 0
true 175 0.1750 0
true 176 0.1760 0
true 177 0.1770 0
true 178 0.1780 0
true 179 0.1790 0
true 180 0.1800 0
true 181 0.1810 0
true 182 0.1820 0
true 183 0.1830 2
true 184 0.1840 0
true 185 0.1850 0
true 186 0.1860 2
true 187 0.1870 0
true 188 0.1880 1
true 189 0.1890 1
true 190 0.1900 0
true 191 0.1910 0
true 192 0.1920 0
true 193 0.1930 0
true 194 0.1940 0
true 195 0.1950 0
true 196 0.1960 0
true 197 0.1970 0
true 198 0.1980 0
true 199 0.1990 0
true 200 0.2000 0
true 201 0.2010 1
true 202 0.2020 0
true 203 0.2030 0
true 204 0.2040 0
true 205 0.2050 0
true 206 0.2060 0
true 207 0.2070 1
true 208 0.2080 0
true 209 0.2090 0
true 210 0.2100 1
true 211 0.2110 1
true 212 0.2120 0
true 213 0.2130 1
true 214 0.2140 0
true 215 0.2150 0
true 216 0.2160 0
true 217 0.2170 0
true 218 0.2180 0
true 219 0.2190 0
true 220 0.2200 0
true 221 0.2210 0
true 222 0.2220 0
true 223 0.2230 0
true 224 0.2240 0
true 225 0.2250 0
true 226 0.2260 0
true 227 0.2270 0
true 228 0.2280 1
true 229 0.2290 0
true 230 0.2300 0
true 231 0.2310 0
true 232 0.2320 2
true 233 0.2330 2
true 234 0.2340 0
true 235 0.2350 0
true 236 0.2360 0
true 237 0.2370 0
true 238 0.2380 0
true 239 0.2390 0
true 240 0.2400 0
true 241 0.2410 0
true 242 0.2420 0
true 243 0.2430 0
true 244 0.2440 0
true 245 0.2450 2
true 246 0.2460 0
true 247 0.2470 0
true 248 0.2480 0
true 249 0.2490 0
true 250 0.2500 0
true 251 0.2510 2
true 252 0.2520 1
true 253 0.2530 0
true 254 0.2540 0
true 255 0.2550 1
true 256 0.2560 0
true 257 0.2570 0
true 258 0.2580 0
true 259 0.2590 0
true 260 0.2600 0
true 261 0.2610 0
true 262 0.2620 2
true 263 0.2630 0
true 264 0.2640 0
true 265 0.2650 0
true 266 0.2660 1
true 267 0.2670 0
true 268 0.2680 2
true 269 0.2690 0
true 270 0.2700 0
true 271 0.2710 1
true 272 0.2720 0
true 273 0.2730 0
true 274 0.2740 0
true 275 0.2750 0
true 276 0.2760 0
true 277 0.2770 0
true 278 0.2780 0
true 279 0.2790 0
true 280 0.2800 0
true 281 0.2810 0
true 282 0.2820 0
true 283 0.2830 0
true 284 0.2840 0
true 285 0.2850 0
true 286 0.2860 0
true 287 0.2870 0
true 288 0.2880 0
true 289 0.2890 0
true 290 0.2900 0
true 291 0.2910 1
true 292 0.2920 2
true 293 0.2930 0
true 294 0.2940 1
true 295 0.2950 0
true 296 0.2960 1
true 297 0.2970 0
true 298 0.2980 0
true 299 0.2990 0
true 300 0.3000 2
true 301 0.3010 0
true 302 0.3020 0
true 303 0.3030 0
true 304 0.3040 2
true 305 0.3050 0
true 306 0.3060 0
true 307 0.3070 0
true 308 0.3080 1
true 309 0.3090 2
true 310 0.3100 0
true 311 0.3110 1
true 312 0.3120 0
true 313 0.3130 0
true 314 0.3140 0
true 315 0.3150 0
true 316 0.3160 0
true 317 0.3170 0
true 318 0.3180 0
true 319 0.3190 0
true 320 0.3200 0
true 321 0.3210 0
true 322 0.3220 0
true 323 0.3230 0
true 324 0.3240 0
true 325 0.3250 0
true 326 0.3260 0
true 327 0.3270 0
true 328 0.3280 1
true 329 0.3290 0
true 330 0.3300 0
true 331 0.3310 0
true 332 0.3320 1
true 333 0.3330 3
true 334 0.3340 0
true 335 0.3350 1
true 336 0.3360 2
true 337 0.3370 0
true 338 0.3380 1
true 339 0.3390 0
true 340 0.3400 1
true 341 0.3410 0
true 342 0.3420 0
true 343 0.3430 3
true 344 0.3440 0
true 345 0.3450 2
true 346 0.3460 2
true 347 0.3470 0
true 348 0.3480 0
true 349 0.3490 1
true 350 0.3500 0
true 351 0.3510 0
true 352 0.3520 3
true 353 0.3530 0
true 354 0.3540 0
true 355 0.3550 0
true 356 0.3560 2
true 357 0.3570 1
true 358 0.3580 0
true 359 0.3590 0
true 360 0.3600 0
true 361 0.3610 0
true 362 0.3620 1
true 363 0.3630 0
true 364 0.3640 0
true 365 0.3650 2
true 366 0.3660 0
true 367 0.3670 0
true 368 0.3680 0
true 369 0.3690 0
true 370 0.3700 0
true 371 0.3710 0
true 372 0.3720 0
true 373 0.3730 0
true 374 0.3740 0
true 375 0.3750 0
true 376 0.3760 0
true 377 0.3770 0
true 378 0.3780 2
true 379 0.3790 0
true 380 0.3800 0
true 381 0.3810 0
true 382 0.3820 0
true 383 0.3830 2
true 384 0.3840 2
true 385 0.3850 5
true 386 0.3860 0
true 387 0.3870 1
true 388 0.3880 2
true 389 0.3890 1
true 390 0.3900 0
true 391 0.3910 1
true 392 0.3920 0
true 393 0.3930 0
true 394 0.3940 0
true 395 0.3950 1
true 396 0.3960 0
true 397 0.3970 0
true 398 0.3980 0
true 399 0.3990 0
true 400 0.4000 0
true 401 0.4010 0
true 402 0.4020 3
true 403 0.4030 2
true 404 0.4040 1
true 405 0.4050 1
true 406 0.4060 8
true 407 0.4070 0
true 408 0.4080 1
true 409 0.4090 2
true 410 0.4100 2
true 411 0.4110 1
true 412 0.4120 2
true 413 0.4130 1
true 414 0.4140 0
true 415 0.4150 0
true 416 0.4160 1
true 417 0.4170 0
true 418 0.4180 5
true 419 0.4190 1
true 420 0.4200 1
true 421 0.4210 0
true 422 0.4220 0
true 423 0.4230 0
true 424 0.4240 0
true 425 0.4250 0
true 426 0.4260 1
true 427 0.4270 0
true 428 0.4280 0
true 429 0.4290 0
true 430 0.4300 6
true 431 0.4310 2
true 432 0.4320 0
true 433 0.4330 0
true 434 0.4340 0
true 435 0.4350 0
true 436 0.4360 0
true 437 0.4370 5
true 438 0.4380 1
true 439 0.4390 0
true 440 0.4400 1
true 441 0.4410 1
true 442 0.4420 1
true 443 0.4430 0
true 444 0.4440 0
true 445 0.4450 0
true 446 0.4460 0
true 447 0.4470 0
true 448 0.4480 3
true 449 0.4490 1
true 450 0.4500 0
true 451 0.4510 0
true 452 0.4520 1
true 453 0.4530 0
true 454 0.4540 4
true 455 0.4550 0
true 456 0.4560 2
true 457 0.4570 11
true 458 0.4580 3
true 459 0.4590 3
true 460 0.4600 5
true 461 0.4610 0
true 462 0.4620 0
true 463 0.4630 0
true 464 0.4640 1
true 465 0.4650 0
true 466 0.4660 0
true 467 0.4670 1
true 468 0.4680 0
true 469 0.4690 7
true 470 0.4700 1
true 471 0.4710 1
true 472 0.4720 1
true 473 0.4730 2
true 474 0.4740 0
true 475 0.4750 3
true 476 0.4760 1
true 477 0.4770 0
true 478 0.4780 2
true 479 0.4790 2
true 480 0.4800 2
true 481 0.4810 0
true 482 0.4820 0
true 483 0.4830 0
true 484 0.4840 5
true 485 0.4850 0
true 486 0.4860 0
true 487 0.4870 0
true 488 0.4880 0
true 489 0.4890 0
true 490 0.4900 0
true 491 0.4910 4
true 492 0.4920 15
true 493 0.4930 1
true 494 0.4940 0
true 495 0.4950 0
true 496 0.4960 1
true 497 0.4970 0
true 498 0.4980 4
true 499 0.4990 0
true 500 0.5000 0
true 501 0.5010 17
true 502 0.5020 1
true 503 0.5030 0
true 504 0.5040 0
true 505 0.5050 0
true 506 0.5060 0
true 507 0.5070 0
true 508 0.5080 0
true 509 0.5090 0
true 510 0.5100 0
true 511 0.5110 5
true 512 0.5120 3
true 513 0.5130 0
true 514 0.5140 0
true 515 0.5150 3
true 516 0.5160 1
true 517 0.5170 0
true 518 0.5180 0
true 519 0.5190 0
true 520 0.5200 3
true 521 0.5210 0
true 522 0.5220 2
true 523 0.5230 0
true 524 0.5240 3
true 525 0.5250 1
true 526 0.5260 7
true 527 0.5270 2
true 528 0.5280 1
true 529 0.5290 2
true 530 0.5300 2
true 531 0.5310 0
true 532 0.5320 0
true 533 0.5330 0
true 534 0.5340 0
true 535 0.5350 1
true 536 0.5360 0
true 537 0.5370 5
true 538 0.5380 0
true 539 0.5390 0
true 540 0.5400 12
true 541 0.5410 0
true 542 0.5420 3
true 543 0.5430 0
true 544 0.5440 1
true 545 0.5450 0
true 546 0.5460 0
true 547 0.5470 8
true 548 0.5480 1
true 549 0.5490 19
true 550 0.5500 0
true 551 0.5510 0
true 552 0.5520 0
true 553 0.5530 0
true 554 0.5540 0
true 555 0.5550 0
true 556 0.5560 4
true 557 0.5570 0
true 558 0.5580 2
true 559 0.5590 1
true 560 0.5600 0
true 561 0.5610 0
true 562 0.5620 5
true 563 0.5630 0
true 564 0.5640 0
true 565 0.5650 1
true 566 0.5660 3
true 567 0.5670 2
true 568 0.5680 0
true 569 0.5690 22
true 570 0.5700 1
true 571 0.5710 4
true 572 0.5720 1
true 573 0.5730 0
true 574 0.5740 2
true 575 0.5750 2
true 576 0.5760 1
true 577 0.5770 1
true 578 0.5780 0
true 579 0.5790 1
true 580 0.5800 0
true 581 0.5810 0
true 582 0.5820 4
true 583 0.5830 1
true 584 0.5840 0
true 585 0.5850 0
true 586 0.5860 7
true 587 0.5870 0
true 588 0.5880 6
true 589 0.5890 1
true 590 0.5900 1
true 591 0.5910 4
true 592 0.5920 0
true 593 0.5930 0
true 594 0.5940 1
true 595 0.5950 0
true 596 0.5960 5
true 597 0.5970 0
true 598 0.5980 1
true 599 0.5990 0
true 600 0.6000 6
true 601 0.6010 3
true 602 0.6020 0
true 603 0.6030 2
true 604 0.6040 1
true 605 0.6050 0
true 606 0.6060 0
true 607 0.6070 10
true 608 0.6080 0
true 609 0.6090 2
true 610 0.6100 8
true 611 0.6110 0
true 612 0.6120 1
true 613 0.6130 3
true 614 0.6140 1
true 615 0.6150 3
true 616 0.6160 6
true 617 0.6170 0
true 618 0.6180 0
true 619 0.6190 5
true 620 0.6200 10
true 621 0.6210 3
true 622 0.6220 6
true 623 0.6230 2
true 624 0.6240 4
true 625 0.6250 0
true 626 0.6260 2
true 627 0.6270 9
true 628 0.6280 4
true 629 0.6290 13
true 630 0.6300 1
true 631 0.6310 1
true 632 0.6320 0
true 633 0.6330 2
true 634 0.6340 0
true 635 0.6350 7
true 636 0.6360 2
true 637 0.6370 16
true 638 0.6380 1
true 639 0.6390 2
true 640 0.6400 2
true 641 0.6410 0
true 642 0.6420 0
true 643 0.6430 10
true 644 0.6440 11
true 645 0.6450 0
true 646 0.6460 0
true 647 0.6470 1
true 648 0.6480 0
true 649 0.6490 0
true 650 0.6500 3
true 651 0.6510 6
true 652 0.6520 3
true 653 0.6530 0
true 654 0.6540 1
true 655 0.6550 2
true 656 0.6560 0
true 657 0.6570 3
true 658 0.6580 19
true 659 0.6590 0
true 660 0.6600 3
true 661 0.6610 2
true 662 0.6620 0
true 663 0.6630 0
true 664 0.6640 2
true 665 0.6650 0
true 666 0.6660 2
true 667 0.6670 19
true 668 0.6680 3
true 669 0.6690 1
true 670 0.6700 2
true 671 0.6710 2
true 672 0.6720 6
true 673 0.6730 0
true 674 0.6740 1
true 675 0.6750 2
true 676 0.6760 0
true 677 0.6770 6
true 678 0.6780 0
true 679 0.6790 18
true 680 0.6800 2
true 681 0.6810 3
true 682 0.6820 16
true 683 0.6830 1
true 684 0.6840 0
true 685 0.6850 22
true 686 0.6860 6
true 687 0.6870 0
true 688 0.6880 1
true 689 0.6890 2
true 690 0.6900 1
true 691 0.6910 0
true 692 0.6920 0
true 693 0.6930 5
true 694 0.6940 6
true 695 0.6950 0
true 696 0.6960 1
true 697 0.6970 4
true 698 0.6980 25
true 699 0.6990 11
true 700 0.7000 0
true 701 0.7010 9
true 702 0.7020 8
true 703 0.7030 0
true 704 0.7040 0
true 705 0.7050 3
true 706 0.7060 19
true 707 0.7070 14
true 708 0.7080 1
true 709 0.7090 0
true 710 0.7100 4
true 711 0.7110 10
true 712 0.7120 10
true 713 0.7130 14
true 714 0.7140 17
true 715 0.7150 7
true 716 0.7160 2
true 717 0.7170 15
true 718 0.7180 13
true 719 0.7190 8
true 720 0.7200 1
true 721 0.7210 0
true 722 0.7220 13
true 723 0.7230 18
true 724 0.7240 4
true 725 0.7250 0
true 726 0.7260 6
true 727 0.7270 0
true 728 0.7280 2
true 729 0.7290 1
true 730 0.7300 0
true 731 0.7310 1
true 732 0.7320 13
true 733 0.7330 13
true 734 0.7340 3
true 735 0.7350 0
true 736 0.7360 6
true 737 0.7370 26
true 738 0.7380 2
true 739 0.7390 1
true 740 0.7400 5
true 741 0.7410 9
true 742 0.7420 1
true 743 0.7430 0
true 744 0.7440 0
true 745 0.7450 6
true 746 0.7460 21
true 747 0.7470 0
true 748 0.7480 32
true 749 0.7490 0
true 750 0.7500 4
true 751 0.7510 0
true 752 0.7520 15
true 753 0.7530 1
true 754 0.7540 0
true 755 0.7550 7
true 756 0.7560 0
true 757 0.7570 0
true 758 0.7580 30
true 759 0.7590 11
true 760 0.7600 4
true 761 0.7610 4
true 762 0.7620 2
true 763 0.7630 5
true 764 0.7640 27
true 765 0.7650 0
true 766 0.7660 0
true 767 0.7670 0
true 768 0.7680 1
true 769 0.7690 40
true 770 0.7700 0
true 771 0.7710 45
true 772 0.7720 3
true 773 0.7730 9
true 774 0.7740 20
true 775 0.7750 4
true 776 0.7760 1
true 777 0.7770 3
true 778 0.7780 1
true 779 0.7790 1
true 780 0.7800 2
true 781 0.7810 1
true 782 0.7820 5
true 783 0.7830 70
true 784 0.7840 3
true 785 0.7850 43
true 786 0.7860 25
true 787 0.7870 7
true 788 0.7880 16
true 789 0.7890 7
true 790 0.7900 1
true 791 0.7910 10
true 792 0.7920 1
true 793 0.7930 58
true 794 0.7940 4
true 795 0.7950 3
true 796 0.7960 13
true 797 0.7970 0
true 798 0.7980 16
true 799 0.7990 3
true 800 0.8000 1
true 801 0.8010 5
true 802 0.8020 4
true 803 0.8030 0
true 804 0.8040 1
true 805 0.8050 2
true 806 0.8060 27
true 807 0.8070 0
true 808 0.8080 48
true 809 0.8090 0
true 810 0.8100 1
true 811 0.8110 6
true 812 0.8120 3
true 813 0.8130 0
true 814 0.8140 0
true 815 0.8150 7
true 816 0.8160 2
true 817 0.8170 2
true 818 0.8180 0
true 819 0.8190 44
true 820 0.8200 2
true 821 0.8210 1
true 822 0.8220 1
true 823 0.8230 0
true 824 0.8240 0
true 825 0.8250 0
true 826 0.8260 16
true 827 0.8270 0
true 828 0.8280 49
true 829 0.8290 56
true 830 0.8300 13
true 831 0.8310 21
true 832 0.8320 73
true 833 0.8330 9
true 834 0.8340 0
true 835 0.8350 108
true 836 0.8360 24
true 837 0.8370 0
true 838 0.8380 11
true 839 0.8390 2
true 840 0.8400 53
true 841 0.8410 2
true 842 0.8420 47
true 843 0.8430 9
true 844 0.8440 26
true 845 0.8450 6
true 846 0.8460 11
true 847 0.8470 13
true 848 0.8480 34
true 849 0.8490 6
true 850 0.8500 60
true 851 0.8510 8
true 852 0.8520 11
true 853 0.8530 6
true 854 0.8540 5
true 855 0.8550 13
true 856 0.8560 3
true 857 0.8570 8
true 858 0.8580 17
true 859 0.8590 53
true 860 0.8600 1
true 861 0.8610 10
true 862 0.8620 24
true 863 0.8630 1
true 864 0.8640 160
true 865 0.8650 15
true 866 0.8660 26
true 867 0.8670 13
true 868 0.8680 4
true 869 0.8690 8
true 870 0.8700 1
true 871 0.8710 2
true 872 0.8720 129
true 873 0.8730 7
true 874 0.8740 32
true 875 0.8750 14
true 876 0.8760 12
true 877 0.8770 20
true 878 0.8780 5
true 879 0.8790 16
true 880 0.8800 82
true 881 0.8810 1
true 882 0.8820 28
true 883 0.8830 51
true 884 0.8840 0
true 885 0.8850 5
true 886 0.8860 110
true 887 0.8870 1
true 888 0.8880 49
true 889 0.8890 51
true 890 0.8900 4
true 891 0.8910 58
true 892 0.8920 44
true 893 0.8930 46
true 894 0.8940 18
true 895 0.8950 118
true 896 0.8960 0
true 897 0.8970 21
true 898 0.8980 107
true 899 0.8990 0
true 900 0.9000 12
true 901 0.9010 6
true 902 0.9020 0
true 903 0.9030 37
true 904 0.9040 0
true 905 0.9050 10
true 906 0.9060 4
true 907 0.9070 13
true 908 0.9080 1
true 909 0.9090 162
true 910 0.9100 19
true 911 0.9110 40
true 912 0.9120 192
true 913 0.9130 47
true 914 0.9140 3
true 915 0.9150 33
true 916 0.9160 15
true 917 0.9170 17
true 918 0.9180 17
true 919 0.9190 145
true 920 0.9200 0
true 921 0.9210 8
true 922 0.9220 163
true 923 0.9230 5
true 924 0.9240 105
true 925 0.9250 30
true 926 0.9260 6
true 927 0.9270 83
true 928 0.9280 12
true 929 0.9290 24
true 930 0.9300 40
true 931 0.9310 48
true 932 0.9320 34
true 933 0.9330 147
true 934 0.9340 144
true 935 0.9350 0
true 936 0.9360 245
true 937 0.9370 26
true 938 0.9380 0
true 939 0.9390 170
true 940 0.9400 242
true 941 0.9410 45
true 942 0.9420 199
true 943 0.9430 15
true 944 0.9440 5
true 945 0.9450 5
true 946 0.9460 110
true 947 0.9470 158
true 948 0.9480 1
true 949 0.9490 8
true 950 0.9500 107
true 951 0.9510 253
true 952 0.9520 56
true 953 0.9530 1
true 954 0.9540 195
true 955 0.9550 41
true 956 0.9560 22
true 957 0.9570 238
true 958 0.9580 44
true 959 0.9590 258
true 960 0.9600 5
true 961 0.9610 0
true 962 0.9620 214
true 963 0.9630 78
true 964 0.9640 149
true 965 0.9650 194
true 966 0.9660 71
true 967 0.9670 0
true 968 0.9680 334
true 969 0.9690 359
true 970 0.9700 34
true 971 0.9710 200
true 972 0.9720 21
true 973 0.9730 378
true 974 0.9740 534
true 975 0.9750 0
true 976 0.9760 495
true 977 0.9770 12
true 978 0.9780 75
true 979 0.9790 416
true 980 0.9800 185
true 981 0.9810 122
true 982 0.9820 336
true 983 0.9830 1
true 984 0.9840 587
true 985 0.9850 405
true 986 0.9860 14
true 987 0.9870 325
true 988 0.9880 649
true 989 0.9890 359
true 990 0.9900 634
true 991 0.9910 585
true 992 0.9920 134
true 993 0.9930 493
true 994 0.9940 322
true 995 0.9950 855
true 996 0.9960 119
true 997 0.9970 516
true 998 0.9980 203
true 999 0.9990 710
true 1000 1.0000 186
false 1000 1.0000
false 1000 1.0000
false 1000 1.0000
false 1000 1.0000
false 1000 1.0000
false 1000 1.0000
false 1000 1.0000
false 1000 1.0000
false 1000 1.0000
false 1000 1.0000
