true 1 0.0010 0
true 2 0.0020 0
true 3 0.0029 0
true 4 0.0039 0
true 5 0.0049 0
true 6 0.0059 0
true 7 0.0068 0
true 8 0.0078 0
true 9 0.0088 0
true 10 0.0098 0
true 11 0.0107 0
true 12 0.0117 0
true 13 0.0127 0
true 14 0.0137 0
true 15 0.0146 0
true 16 0.0156 0
true 17 0.0166 0
true 18 0.0176 0
true 19 0.0186 2
true 20 0.0195 1
true 21 0.0205 1
true 22 0.0215 0
true 23 0.0225 0
true 24 0.0234 0
true 25 0.0244 0
true 26 0.0254 0
true 27 0.0264 2
true 28 0.0273 0
true 29 0.0283 1
true 30 0.0293 0
true 31 0.0303 3
true 32 0.0313 2
true 33 0.0322 3
true 34 0.0332 7
true 35 0.0342 0
true 36 0.0352 9
true 37 0.0361 1
true 38 0.0371 11
true 39 0.0381 3
true 40 0.0391 2
true 41 0.0400 4
true 42 0.0410 18
true 43 0.0420 1
true 44 0.0430 0
true 45 0.0439 2
true 46 0.0449 0
true 47 0.0459 1
true 48 0.0469 0
true 49 0.0479 19
true 50 0.0488 33
true 51 0.0498 1
true 52 0.0508 1
true 53 0.0518 11
true 54 0.0527 12
true 55 0.0537 36
true 56 0.0547 41
true 57 0.0557 0
true 58 0.0566 5
true 59 0.0576 30
true 60 0.0586 30
true 61 0.0596 18
true 62 0.0605 3
true 63 0.0615 0
true 64 0.0625 34
true 65 0.0635 7
true 66 0.0645 42
true 67 0.0654 43
true 68 0.0664 23
true 69 0.0674 27
true 70 0.0684 7
true 71 0.0693 35
true 72 0.0703 40
true 73 0.0713 36
true 74 0.0723 3
true 75 0.0732 0
true 76 0.0742 42
true 77 0.0752 50
true 78 0.0762 41
true 79 0.0771 28
true 80 0.0781 38
true 81 0.0791 4
true 82 0.0801 55
true 83 0.0811 32
true 84 0.0820 36
true 85 0.0830 45
true 86 0.0840 58
true 87 0.0850 20
true 88 0.0859 50
true 89 0.0869 69
true 90 0.0879 0
true 91 0.0889 35
true 92 0.0898 71
true 93 0.0908 44
true 94 0.0918 80
true 95 0.0928 53
true 96 0.0938 0
true 97 0.0947 2
true 98 0.0957 71
true 99 0.0967 0
true 100 0.0977 63
true 101 0.0986 66
true 102 0.0996 41
true 103 0.1006 51
true 104 0.1016 78
true 105 0.1025 56
true 106 0.1035 59
true 107 0.1045 63
true 108 0.1055 85
true 109 0.1064 68
true 110 0.1074 68
true 111 0.1084 92
true 112 0.1094 82
true 113 0.1104 75
true 114 0.1113 90
true 115 0.1123 63
true 116 0.1133 53
true 117 0.1143 88
true 118 0.1152 66
true 119 0.1162 95
true 120 0.1172 62
true 121 0.1182 84
true 122 0.1191 105
true 123 0.1201 114
true 124 0.1211 97
true 125 0.1221 70
true 126 0.1230 76
true 127 0.1240 62
true 128 0.1250 71
true 129 0.1260 76
true 130 0.1270 108
true 131 0.1279 107
true 132 0.1289 88
true 133 0.1299 89
true 134 0.1309 0
true 135 0.1318 113
true 136 0.1328 67
true 137 0.1338 92
true 138 0.1348 82
true 139 0.1357 99
true 140 0.1367 111
true 141 0.1377 92
true 142 0.1387 80
true 143 0.1396 108
true 144 0.1406 2
true 145 0.1416 79
true 146 0.1426 116
true 147 0.1436 98
true 148 0.1445 135
true 149 0.1455 97
true 150 0.1465 0
true 151 0.1475 122
true 152 0.1484 101
true 153 0.1494 117
true 154 0.1504 98
true 155 0.1514 126
true 156 0.1523 111
true 157 0.1533 97
true 158 0.1543 122
true 159 0.1553 132
true 160 0.1563 126
true 161 0.1572 136
true 162 0.1582 122
true 163 0.1592 117
true 164 0.1602 129
true 165 0.1611 119
true 166 0.1621 137
true 167 0.1631 89
true 168 0.1641 134
true 169 0.1650 89
true 170 0.1660 148
true 171 0.1670 100
true 172 0.1680 162
true 173 0.1689 109
true 174 0.1699 115
true 175 0.1709 129
true 176 0.1719 134
true 177 0.1729 164
true 178 0.1738 124
true 179 0.1748 145
true 180 0.1758 119
true 181 0.1768 147
true 182 0.1777 132
true 183 0.1787 158
true 184 0.1797 160
true 185 0.1807 105
true 186 0.1816 138
true 187 0.1826 129
true 188 0.1836 136
true 189 0.1846 164
true 190 0.1855 142
true 191 0.1865 119
true 192 0.1875 155
true 193 0.1885 135
true 194 0.1895 180
true 195 0.1904 111
true 196 0.1914 158
true 197 0.1924 120
true 198 0.1934 143
true 199 0.1943 168
true 200 0.1953 176
true 201 0.1963 164
true 202 0.1973 178
true 203 0.1982 163
true 204 0.1992 151
true 205 0.2002 145
true 206 0.2012 169
true 207 0.2021 196
true 208 0.2031 185
true 209 0.2041 0
true 210 0.2051 189
true 211 0.2061 173
true 212 0.2070 193
true 213 0.2080 172
true 214 0.2090 175
true 215 0.2100 159
true 216 0.2109 164
true 217 0.2119 170
true 218 0.2129 191
true 219 0.2139 183
true 220 0.2148 175
true 221 0.2158 176
true 222 0.2168 186
true 223 0.2178 179
true 224 0.2188 185
true 225 0.2197 173
true 226 0.2207 175
true 227 0.2217 182
true 228 0.2227 212
true 229 0.2236 172
true 230 0.2246 180
true 231 0.2256 164
true 232 0.2266 189
true 233 0.2275 180
true 234 0.2285 229
true 235 0.2295 192
true 236 0.2305 192
true 237 0.2314 203
true 238 0.2324 193
true 239 0.2334 199
true 240 0.2344 207
true 241 0.2354 216
true 242 0.2363 222
true 243 0.2373 179
true 244 0.2383 219
true 245 0.2393 185
true 246 0.2402 183
true 247 0.2412 217
true 248 0.2422 186
true 249 0.2432 215
true 250 0.2441 203
true 251 0.2451 215
true 252 0.2461 239
true 253 0.2471 203
true 254 0.2480 210
true 255 0.2490 211
true 256 0.2500 233
true 257 0.2510 185
true 258 0.2520 203
true 259 0.2529 233
true 260 0.2539 197
true 261 0.2549 245
true 262 0.2559 212
true 263 0.2568 204
true 264 0.2578 239
true 265 0.2588 261
true 266 0.2598 196
true 267 0.2607 234
true 268 0.2617 200
true 269 0.2627 192
true 270 0.2637 230
true 271 0.2646 252
true 272 0.2656 234
true 273 0.2666 263
true 274 0.2676 0
true 275 0.2686 204
true 276 0.2695 243
true 277 0.2705 244
true 278 0.2715 236
true 279 0.2725 248
true 280 0.2734 246
true 281 0.2744 259
true 282 0.2754 224
true 283 0.2764 230
true 284 0.2773 0
true 285 0.2783 229
true 286 0.2793 238
true 287 0.2803 239
true 288 0.2813 219
true 289 0.2822 238
true 290 0.2832 235
true 291 0.2842 284
true 292 0.2852 262
true 293 0.2861 255
true 294 0.2871 270
true 295 0.2881 261
true 296 0.2891 241
true 297 0.2900 254
true 298 0.2910 250
true 299 0.2920 244
true 300 0.2930 255
true 301 0.2939 249
true 302 0.2949 272
true 303 0.2959 261
true 304 0.2969 0
true 305 0.2979 250
true 306 0.2988 254
true 307 0.2998 281
true 308 0.3008 235
true 309 0.3018 300
true 310 0.3027 239
true 311 0.3037 248
true 312 0.3047 279
true 313 0.3057 0
true 314 0.3066 252
true 315 0.3076 254
true 316 0.3086 270
true 317 0.3096 281
true 318 0.3105 267
true 319 0.3115 286
true 320 0.3125 288
true 321 0.3135 249
true 322 0.3145 277
true 323 0.3154 280
true 324 0.3164 304
true 325 0.3174 278
true 326 0.3184 264
true 327 0.3193 266
true 328 0.3203 252
true 329 0.3213 319
true 330 0.3223 269
true 331 0.3232 247
true 332 0.3242 292
true 333 0.3252 271
true 334 0.3262 277
true 335 0.3271 294
true 336 0.3281 316
true 337 0.3291 256
true 338 0.3301 299
true 339 0.3311 310
true 340 0.3320 310
true 341 0.3330 310
true 342 0.3340 262
true 343 0.3350 299
true 344 0.3359 314
true 345 0.3369 280
true 346 0.3379 279
true 347 0.3389 315
true 348 0.3398 322
true 349 0.3408 313
true 350 0.3418 319
true 351 0.3428 294
true 352 0.3438 314
true 353 0.3447 312
true 354 0.3457 301
true 355 0.3467 315
true 356 0.3477 322
true 357 0.3486 310
true 358 0.3496 329
true 359 0.3506 309
true 360 0.3516 335
true 361 0.3525 296
true 362 0.3535 290
true 363 0.3545 331
true 364 0.3555 326
true 365 0.3564 341
true 366 0.3574 299
true 367 0.3584 341
true 368 0.3594 321
true 369 0.3604 326
true 370 0.3613 327
true 371 0.3623 304
true 372 0.3633 329
true 373 0.3643 303
true 374 0.3652 326
true 375 0.3662 341
true 376 0.3672 334
true 377 0.3682 335
true 378 0.3691 323
true 379 0.3701 337
true 380 0.3711 337
true 381 0.3721 362
true 382 0.3730 354
true 383 0.3740 355
true 384 0.3750 367
true 385 0.3760 337
true 386 0.3770 339
true 387 0.3779 356
true 388 0.3789 327
true 389 0.3799 334
true 390 0.3809 322
true 391 0.3818 365
true 392 0.3828 349
true 393 0.3838 322
true 394 0.3848 374
true 395 0.3857 350
true 396 0.3867 369
true 397 0.3877 321
true 398 0.3887 356
true 399 0.3896 389
true 400 0.3906 360
true 401 0.3916 332
true 402 0.3926 349
true 403 0.3936 381
true 404 0.3945 345
true 405 0.3955 346
true 406 0.3965 361
true 407 0.3975 351
true 408 0.3984 349
true 409 0.3994 372
true 410 0.4004 353
true 411 0.4014 362
true 412 0.4023 334
true 413 0.4033 386
true 414 0.4043 395
true 415 0.4053 372
true 416 0.4063 343
true 417 0.4072 388
true 418 0.4082 365
true 419 0.4092 399
true 420 0.4102 390
true 421 0.4111 407
true 422 0.4121 368
true 423 0.4131 373
true 424 0.4141 364
true 425 0.4150 393
true 426 0.4160 389
true 427 0.4170 358
true 428 0.4180 377
true 429 0.4189 347
true 430 0.4199 366
true 431 0.4209 408
true 432 0.4219 388
true 433 0.4229 356
true 434 0.4238 419
true 435 0.4248 419
true 436 0.4258 405
true 437 0.4268 423
true 438 0.4277 412
true 439 0.4287 411
true 440 0.4297 403
true 441 0.4307 383
true 442 0.4316 381
true 443 0.4326 385
true 444 0.4336 373
true 445 0.4346 403
true 446 0.4355 417
true 447 0.4365 407
true 448 0.4375 386
true 449 0.4385 419
true 450 0.4395 405
true 451 0.4404 364
true 452 0.4414 398
true 453 0.4424 410
true 454 0.4434 405
true 455 0.4443 420
true 456 0.4453 418
true 457 0.4463 391
true 458 0.4473 401
true 459 0.4482 410
true 460 0.4492 382
true 461 0.4502 430
true 462 0.4512 432
true 463 0.4521 432
true 464 0.4531 433
true 465 0.4541 431
true 466 0.4551 407
true 467 0.4561 424
true 468 0.4570 446
true 469 0.4580 439
true 470 0.4590 416
true 471 0.4600 431
true 472 0.4609 458
true 473 0.4619 421
true 474 0.4629 400
true 475 0.4639 456
true 476 0.4648 456
true 477 0.4658 423
true 478 0.4668 419
true 479 0.4678 437
true 480 0.4688 423
true 481 0.4697 462
true 482 0.4707 427
true 483 0.4717 427
true 484 0.4727 438
true 485 0.4736 448
true 486 0.4746 438
true 487 0.4756 408
true 488 0.4766 464
true 489 0.4775 467
true 490 0.4785 439
true 491 0.4795 459
true 492 0.4805 466
true 493 0.4814 462
true 494 0.4824 429
true 495 0.4834 478
true 496 0.4844 448
true 497 0.4854 433
true 498 0.4863 467
true 499 0.4873 446
true 500 0.4883 489
true 501 0.4893 446
true 502 0.4902 433
true 503 0.4912 472
true 504 0.4922 428
true 505 0.4932 489
true 506 0.4941 436
true 507 0.4951 457
true 508 0.4961 426
true 509 0.4971 1
true 510 0.4980 462
true 511 0.4990 455
true 512 0.5000 472
true 513 0.5010 495
true 514 0.5020 490
true 515 0.5029 465
true 516 0.5039 473
true 517 0.5049 505
true 518 0.5059 446
true 519 0.5068 503
true 520 0.5078 489
true 521 0.5088 475
true 522 0.5098 447
true 523 0.5107 477
true 524 0.5117 444
true 525 0.5127 479
true 526 0.5137 471
true 527 0.5146 477
true 528 0.5156 483
true 529 0.5166 500
true 530 0.5176 488
true 531 0.5186 469
true 532 0.5195 0
true 533 0.5205 508
true 534 0.5215 473
true 535 0.5225 495
true 536 0.5234 486
true 537 0.5244 515
true 538 0.5254 521
true 539 0.5264 519
true 540 0.5273 495
true 541 0.5283 491
true 542 0.5293 0
true 543 0.5303 513
true 544 0.5313 500
true 545 0.5322 516
true 546 0.5332 479
true 547 0.5342 496
true 548 0.5352 497
true 549 0.5361 481
true 550 0.5371 501
true 551 0.5381 512
true 552 0.5391 493
true 553 0.5400 501
true 554 0.5410 520
true 555 0.5420 502
true 556 0.5430 498
true 557 0.5439 5
true 558 0.5449 509
true 559 0.5459 512
true 560 0.5469 523
true 561 0.5479 537
true 562 0.5488 535
true 563 0.5498 525
true 564 0.5508 534
true 565 0.5518 526
true 566 0.5527 549
true 567 0.5537 532
true 568 0.5547 528
true 569 0.5557 509
true 570 0.5566 0
true 571 0.5576 530
true 572 0.5586 492
true 573 0.5596 535
true 574 0.5605 515
true 575 0.5615 0
true 576 0.5625 494
true 577 0.5635 501
true 578 0.5645 517
true 579 0.5654 519
true 580 0.5664 565
true 581 0.5674 534
true 582 0.5684 556
true 583 0.5693 530
true 584 0.5703 552
true 585 0.5713 516
true 586 0.5723 501
true 587 0.5732 510
true 588 0.5742 503
true 589 0.5752 526
true 590 0.5762 546
true 591 0.5771 528
true 592 0.5781 558
true 593 0.5791 522
true 594 0.5801 552
true 595 0.5811 554
true 596 0.5820 536
true 597 0.5830 553
true 598 0.5840 583
true 599 0.5850 564
true 600 0.5859 578
true 601 0.5869 553
true 602 0.5879 554
true 603 0.5889 506
true 604 0.5898 546
true 605 0.5908 578
true 606 0.5918 589
true 607 0.5928 583
true 608 0.5938 564
true 609 0.5947 565
true 610 0.5957 536
true 611 0.5967 574
true 612 0.5977 580
true 613 0.5986 579
true 614 0.5996 594
true 615 0.6006 577
true 616 0.6016 569
true 617 0.6025 560
true 618 0.6035 570
true 619 0.6045 578
true 620 0.6055 554
true 621 0.6064 586
true 622 0.6074 578
true 623 0.6084 565
true 624 0.6094 575
true 625 0.6104 576
true 626 0.6113 589
true 627 0.6123 539
true 628 0.6133 589
true 629 0.6143 604
true 630 0.6152 604
true 631 0.6162 575
true 632 0.6172 607
true 633 0.6182 609
true 634 0.6191 591
true 635 0.6201 600
true 636 0.6211 600
true 637 0.6221 596
true 638 0.6230 574
true 639 0.6240 567
true 640 0.6250 620
true 641 0.6260 579
true 642 0.6270 598
true 643 0.6279 570
true 644 0.6289 584
true 645 0.6299 605
true 646 0.6309 585
true 647 0.6318 590
true 648 0.6328 609
true 649 0.6338 588
true 650 0.6348 615
true 651 0.6357 606
true 652 0.6367 612
true 653 0.6377 593
true 654 0.6387 585
true 655 0.6396 574
true 656 0.6406 634
true 657 0.6416 591
true 658 0.6426 631
true 659 0.6436 610
true 660 0.6445 605
true 661 0.6455 600
true 662 0.6465 608
true 663 0.6475 621
true 664 0.6484 610
true 665 0.6494 601
true 666 0.6504 631
true 667 0.6514 605
true 668 0.6523 617
true 669 0.6533 626
true 670 0.6543 605
true 671 0.6553 620
true 672 0.6563 634
true 673 0.6572 628
true 674 0.6582 599
true 675 0.6592 626
true 676 0.6602 623
true 677 0.6611 614
true 678 0.6621 621
true 679 0.6631 658
true 680 0.6641 631
true 681 0.6650 639
true 682 0.6660 634
true 683 0.6670 616
true 684 0.6680 677
true 685 0.6689 600
true 686 0.6699 622
true 687 0.6709 614
true 688 0.6719 618
true 689 0.6729 668
true 690 0.6738 660
true 691 0.6748 648
true 692 0.6758 641
true 693 0.6768 652
true 694 0.6777 653
true 695 0.6787 634
true 696 0.6797 670
true 697 0.6807 674
true 698 0.6816 679
true 699 0.6826 631
true 700 0.6836 659
true 701 0.6846 656
true 702 0.6855 677
true 703 0.6865 682
true 704 0.6875 651
true 705 0.6885 643
true 706 0.6895 659
true 707 0.6904 638
true 708 0.6914 649
true 709 0.6924 669
true 710 0.6934 640
true 711 0.6943 667
true 712 0.6953 687
true 713 0.6963 668
true 714 0.6973 631
true 715 0.6982 663
true 716 0.6992 665
true 717 0.7002 664
true 718 0.7012 692
true 719 0.7021 673
true 720 0.7031 679
true 721 0.7041 671
true 722 0.7051 715
true 723 0.7061 693
true 724 0.7070 704
true 725 0.7080 692
true 726 0.7090 695
true 727 0.7100 669
true 728 0.7109 667
true 729 0.7119 683
true 730 0.7129 654
true 731 0.7139 706
true 732 0.7148 702
true 733 0.7158 686
true 734 0.7168 703
true 735 0.7178 687
true 736 0.7188 651
true 737 0.7197 680
true 738 0.7207 660
true 739 0.7217 670
true 740 0.7227 703
true 741 0.7236 665
true 742 0.7246 657
true 743 0.7256 666
true 744 0.7266 709
true 745 0.7275 718
true 746 0.7285 665
true 747 0.7295 709
true 748 0.7305 716
true 749 0.7314 704
true 750 0.7324 681
true 751 0.7334 694
true 752 0.7344 723
true 753 0.7354 680
true 754 0.7363 672
true 755 0.7373 678
true 756 0.7383 700
true 757 0.7393 688
true 758 0.7402 726
true 759 0.7412 707
true 760 0.7422 702
true 761 0.7432 727
true 762 0.7441 694
true 763 0.7451 717
true 764 0.7461 710
true 765 0.7471 723
true 766 0.7480 713
true 767 0.7490 716
true 768 0.7500 726
true 769 0.7510 719
true 770 0.7520 681
true 771 0.7529 704
true 772 0.7539 699
true 773 0.7549 687
true 774 0.7559 717
true 775 0.7568 750
true 776 0.7578 749
true 777 0.7588 735
true 778 0.7598 742
true 779 0.7607 748
true 780 0.7617 730
true 781 0.7627 717
true 782 0.7637 743
true 783 0.7646 737
true 784 0.7656 731
true 785 0.7666 753
true 786 0.7676 727
true 787 0.7686 726
true 788 0.7695 713
true 789 0.7705 776
true 790 0.7715 735
true 791 0.7725 707
true 792 0.7734 731
true 793 0.7744 741
true 794 0.7754 726
true 795 0.7764 763
true 796 0.7773 756
true 797 0.7783 765
true 798 0.7793 754
true 799 0.7803 728
true 800 0.7813 762
true 801 0.7822 760
true 802 0.7832 737
true 803 0.7842 739
true 804 0.7852 782
true 805 0.7861 749
true 806 0.7871 772
true 807 0.7881 712
true 808 0.7891 769
true 809 0.7900 766
true 810 0.7910 738
true 811 0.7920 783
true 812 0.7930 743
true 813 0.7939 751
true 814 0.7949 762
true 815 0.7959 781
true 816 0.7969 739
true 817 0.7979 771
true 818 0.7988 769
true 819 0.7998 749
true 820 0.8008 764
true 821 0.8018 781
true 822 0.8027 769
true 823 0.8037 767
true 824 0.8047 772
true 825 0.8057 788
true 826 0.8066 739
true 827 0.8076 793
true 828 0.8086 754
true 829 0.8096 782
true 830 0.8105 780
true 831 0.8115 798
true 832 0.8125 762
true 833 0.8135 804
true 834 0.8145 818
true 835 0.8154 791
true 836 0.8164 800
true 837 0.8174 784
true 838 0.8184 757
true 839 0.8193 806
true 840 0.8203 825
true 841 0.8213 779
true 842 0.8223 814
true 843 0.8232 806
true 844 0.8242 818
true 845 0.8252 801
true 846 0.8262 788
true 847 0.8271 814
true 848 0.8281 786
true 849 0.8291 786
true 850 0.8301 830
true 851 0.8311 829
true 852 0.8320 805
true 853 0.8330 790
true 854 0.8340 794
true 855 0.8350 836
true 856 0.8359 833
true 857 0.8369 815
true 858 0.8379 793
true 859 0.8389 836
true 860 0.8398 823
true 861 0.8408 812
true 862 0.8418 805
true 863 0.8428 827
true 864 0.8438 830
true 865 0.8447 825
true 866 0.8457 847
true 867 0.8467 793
true 868 0.8477 807
true 869 0.8486 815
true 870 0.8496 806
true 871 0.8506 803
true 872 0.8516 798
true 873 0.8525 814
true 874 0.8535 824
true 875 0.8545 806
true 876 0.8555 846
true 877 0.8564 801
true 878 0.8574 831
true 879 0.8584 835
true 880 0.8594 813
true 881 0.8604 819
true 882 0.8613 843
true 883 0.8623 852
true 884 0.8633 836
true 885 0.8643 849
true 886 0.8652 796
true 887 0.8662 854
true 888 0.8672 827
true 889 0.8682 814
true 890 0.8691 872
true 891 0.8701 844
true 892 0.8711 860
true 893 0.8721 817
true 894 0.8730 838
true 895 0.8740 852
true 896 0.8750 851
true 897 0.8760 833
true 898 0.8770 818
true 899 0.8779 867
true 900 0.8789 856
true 901 0.8799 857
true 902 0.8809 0
true 903 0.8818 883
true 904 0.8828 870
true 905 0.8838 861
true 906 0.8848 840
true 907 0.8857 869
true 908 0.8867 835
true 909 0.8877 852
true 910 0.8887 876
true 911 0.8896 880
true 912 0.8906 863
true 913 0.8916 848
true 914 0.8926 858
true 915 0.8936 880
true 916 0.8945 871
true 917 0.8955 887
true 918 0.8965 880
true 919 0.8975 871
true 920 0.8984 863
true 921 0.8994 864
true 922 0.9004 865
true 923 0.9014 890
true 924 0.9023 873
true 925 0.9033 864
true 926 0.9043 840
true 927 0.9053 857
true 928 0.9063 899
true 929 0.9072 904
true 930 0.9082 882
true 931 0.9092 856
true 932 0.9102 881
true 933 0.9111 902
true 934 0.9121 877
true 935 0.9131 865
true 936 0.9141 893
true 937 0.9150 912
true 938 0.9160 900
true 939 0.9170 878
true 940 0.9180 862
true 941 0.9189 926
true 942 0.9199 902
true 943 0.9209 904
true 944 0.9219 887
true 945 0.9229 920
true 946 0.9238 893
true 947 0.9248 890
true 948 0.9258 890
true 949 0.9268 902
true 950 0.9277 888
true 951 0.9287 912
true 952 0.9297 916
true 953 0.9307 892
true 954 0.9316 910
true 955 0.9326 883
true 956 0.9336 889
true 957 0.9346 0
true 958 0.9355 922
true 959 0.9365 891
true 960 0.9375 943
true 961 0.9385 899
true 962 0.9395 912
true 963 0.9404 887
true 964 0.9414 925
true 965 0.9424 923
true 966 0.9434 910
true 967 0.9443 914
true 968 0.9453 924
true 969 0.9463 924
true 970 0.9473 928
true 971 0.9482 933
true 972 0.9492 942
true 973 0.9502 950
true 974 0.9512 925
true 975 0.9521 919
true 976 0.9531 928
true 977 0.9541 935
true 978 0.9551 967
true 979 0.9561 927
true 980 0.9570 917
true 981 0.9580 959
true 982 0.9590 920
true 983 0.9600 928
true 984 0.9609 917
true 985 0.9619 924
true 986 0.9629 943
true 987 0.9639 946
true 988 0.9648 929
true 989 0.9658 926
true 990 0.9668 960
true 991 0.9678 957
true 992 0.9688 919
true 993 0.9697 926
true 994 0.9707 934
true 995 0.9717 936
true 996 0.9727 938
true 997 0.9736 954
true 998 0.9746 974
true 999 0.9756 907
true 1000 0.9766 927
true 1001 0.9775 968
true 1002 0.9785 956
true 1003 0.9795 942
true 1004 0.9805 956
true 1005 0.9814 959
true 1006 0.9824 940
true 1007 0.9834 960
true 1008 0.9844 931
true 1009 0.9854 978
true 1010 0.9863 963
true 1011 0.9873 925
true 1012 0.9883 957
true 1013 0.9893 947
true 1014 0.9902 951
true 1015 0.9912 940
true 1016 0.9922 1009
true 1017 0.9932 960
true 1018 0.9941 961
true 1019 0.9951 952
true 1020 0.9961 974
true 1021 0.9971 983
true 1022 0.9980 978
true 1023 0.9990 981
true 1024 1.0000 1007
false 1024 1.0000
false 1024 1.0000
false 1024 1.0000
false 1024 1.0000
false 1024 1.0000
false 1024 1.0000
false 1024 1.0000
false 1024 1.0000
false 1024 1.0000
false 1024 1.0000
