true 1 0.0010 0
false 1 0.0010
false 1 0.0010
true 2 0.0020 0
false 2 0.0020
true 3 0.0030 0
false 3 0.0030
true 4 0.0040 0
true 5 0.0050 0
true 6 0.0059 0
false 6 0.0059
true 7 0.0069 0
true 8 0.0079 0
false 8 0.0079
false 8 0.0079
true 9 0.0089 0
true 10 0.0099 0
false 10 0.0099
true 11 0.0109 0
false 11 0.0109
false 11 0.0109
false 11 0.0109
true 12 0.0119 0
false 12 0.0119
false 12 0.0119
true 13 0.0129 0
true 14 0.0139 0
false 14 0.0139
true 15 0.0149 0
false 15 0.0149
false 15 0.0149
true 16 0.0159 0
true 17 0.0168 1
false 17 0.0168
true 18 0.0178 0
true 19 0.0188 0
true 20 0.0198 0
false 20 0.0198
true 21 0.0208 0
false 21 0.0208
true 22 0.0218 0
true 23 0.0228 0
false 23 0.0228
true 24 0.0238 0
false 24 0.0238
false 24 0.0238
true 25 0.0248 0
false 25 0.0248
false 25 0.0248
true 26 0.0258 0
true 27 0.0268 0
false 27 0.0268
true 28 0.0278 0
false 28 0.0278
false 28 0.0278
false 28 0.0278
true 29 0.0287 0
true 30 0.0297 0
false 30 0.0297
false 30 0.0297
true 31 0.0307 0
true 32 0.0317 0
true 33 0.0327 0
true 34 0.0337 0
false 34 0.0337
true 35 0.0347 0
true 36 0.0357 0
true 37 0.0367 0
true 38 0.0377 0
false 38 0.0377
false 38 0.0377
true 39 0.0387 0
true 40 0.0396 0
true 41 0.0406 0
true 42 0.0416 0
false 42 0.0416
true 43 0.0426 0
true 44 0.0436 1
false 44 0.0436
true 45 0.0446 0
false 45 0.0446
false 45 0.0446
true 46 0.0456 0
false 46 0.0456
true 47 0.0466 0
false 47 0.0466
true 48 0.0476 0
false 48 0.0476
false 48 0.0476
true 49 0.0486 0
true 50 0.0496 0
true 51 0.0505 0
false 51 0.0505
true 52 0.0515 0
true 53 0.0525 0
false 53 0.0525
true 54 0.0535 0
true 55 0.0545 0
true 56 0.0555 0
true 57 0.0565 1
true 58 0.0575 0
false 58 0.0575
true 59 0.0585 0
false 59 0.0585
true 60 0.0595 0
true 61 0.0605 0
false 61 0.0605
false 61 0.0605
true 62 0.0614 0
true 63 0.0624 0
true 64 0.0634 0
false 64 0.0634
true 65 0.0644 0
true 66 0.0654 0
false 66 0.0654
false 66 0.0654
false 66 0.0654
false 66 0.0654
true 67 0.0664 0
true 68 0.0674 0
true 69 0.0684 0
false 69 0.0684
true 70 0.0694 0
true 71 0.0704 0
true 72 0.0714 0
false 72 0.0714
false 72 0.0714
false 72 0.0714
true 73 0.0723 0
true 74 0.0733 0
false 74 0.0733
false 74 0.0733
true 75 0.0743 0
true 76 0.0753 0
true 77 0.0763 0
false 77 0.0763
false 77 0.0763
false 77 0.0763
false 77 0.0763
true 78 0.0773 0
true 79 0.0783 0
true 80 0.0793 0
true 81 0.0803 0
false 81 0.0803
false 81 0.0803
true 82 0.0813 0
false 82 0.0813
false 82 0.0813
false 82 0.0813
true 83 0.0823 0
true 84 0.0833 0
false 84 0.0833
true 85 0.0842 0
false 85 0.0842
true 86 0.0852 0
true 87 0.0862 0
false 87 0.0862
true 88 0.0872 0
true 89 0.0882 0
true 90 0.0892 0
true 91 0.0902 0
false 91 0.0902
false 91 0.0902
true 92 0.0912 0
false 92 0.0912
true 93 0.0922 0
true 94 0.0932 0
false 94 0.0932
false 94 0.0932
false 94 0.0932
false 94 0.0932
true 95 0.0942 1
false 95 0.0942
false 95 0.0942
false 95 0.0942
false 95 0.0942
false 95 0.0942
true 96 0.0951 0
true 97 0.0961 0
false 97 0.0961
false 97 0.0961
false 97 0.0961
true 98 0.0971 0
true 99 0.0981 0
false 99 0.0981
false 99 0.0981
false 99 0.0981
false 99 0.0981
true 100 0.0991 0
false 100 0.0991
false 100 0.0991
false 100 0.0991
true 101 0.1001 0
false 101 0.1001
true 102 0.1011 1
true 103 0.1021 0
false 103 0.1021
false 103 0.1021
false 103 0.1021
true 104 0.1031 0
false 104 0.1031
true 105 0.1041 0
false 105 0.1041
true 106 0.1051 0
true 107 0.1060 0
false 107 0.1060
true 108 0.1070 1
true 109 0.1080 0
true 110 0.1090 0
true 111 0.1100 1
true 112 0.1110 0
false 112 0.1110
false 112 0.1110
true 113 0.1120 0
false 113 0.1120
true 114 0.1130 0
false 114 0.1130
true 115 0.1140 1
true 116 0.1150 0
false 116 0.1150
false 116 0.1150
true 117 0.1160 0
true 118 0.1169 0
false 118 0.1169
false 118 0.1169
false 118 0.1169
true 119 0.1179 0
false 119 0.1179
false 119 0.1179
false 119 0.1179
true 120 0.1189 1
false 120 0.1189
true 121 0.1199 0
true 122 0.1209 0
false 122 0.1209
false 122 0.1209
false 122 0.1209
false 122 0.1209
true 123 0.1219 0
false 123 0.1219
false 123 0.1219
false 123 0.1219
true 124 0.1229 0
false 124 0.1229
true 125 0.1239 0
true 126 0.1249 1
true 127 0.1259 0
false 127 0.1259
false 127 0.1259
true 128 0.1269 0
true 129 0.1278 0
true 130 0.1288 0
false 130 0.1288
true 131 0.1298 0
true 132 0.1308 0
true 133 0.1318 0
false 133 0.1318
true 134 0.1328 0
false 134 0.1328
false 134 0.1328
false 134 0.1328
true 135 0.1338 0
true 136 0.1348 0
true 137 0.1358 0
true 138 0.1368 1
false 138 0.1368
true 139 0.1378 0
true 140 0.1388 0
false 140 0.1388
false 140 0.1388
true 141 0.1397 0
false 141 0.1397
false 141 0.1397
false 141 0.1397
true 142 0.1407 1
true 143 0.1417 1
false 143 0.1417
false 143 0.1417
false 143 0.1417
true 144 0.1427 0
false 144 0.1427
false 144 0.1427
true 145 0.1437 0
false 145 0.1437
false 145 0.1437
true 146 0.1447 0
true 147 0.1457 1
false 147 0.1457
true 148 0.1467 0
false 148 0.1467
false 148 0.1467
false 148 0.1467
false 148 0.1467
true 149 0.1477 1
true 150 0.1487 0
true 151 0.1497 0
true 152 0.1506 0
true 153 0.1516 0
true 154 0.1526 0
false 154 0.1526
false 154 0.1526
false 154 0.1526
true 155 0.1536 0
false 155 0.1536
true 156 0.1546 0
true 157 0.1556 0
true 158 0.1566 0
false 158 0.1566
false 158 0.1566
false 158 0.1566
false 158 0.1566
true 159 0.1576 0
true 160 0.1586 1
false 160 0.1586
false 160 0.1586
false 160 0.1586
false 160 0.1586
true 161 0.1596 0
true 162 0.1606 0
true 163 0.1615 0
false 163 0.1615
true 164 0.1625 0
true 165 0.1635 0
false 165 0.1635
true 166 0.1645 0
true 167 0.1655 1
true 168 0.1665 0
false 168 0.1665
false 168 0.1665
false 168 0.1665
false 168 0.1665
true 169 0.1675 0
true 170 0.1685 1
false 170 0.1685
true 171 0.1695 0
true 172 0.1705 0
false 172 0.1705
false 172 0.1705
true 173 0.1715 0
true 174 0.1724 1
true 175 0.1734 0
false 175 0.1734
false 175 0.1734
true 176 0.1744 1
true 177 0.1754 0
false 177 0.1754
true 178 0.1764 0
true 179 0.1774 0
false 179 0.1774
false 179 0.1774
true 180 0.1784 0
true 181 0.1794 2
true 182 0.1804 0
true 183 0.1814 1
true 184 0.1824 1
false 184 0.1824
false 184 0.1824
true 185 0.1833 1
true 186 0.1843 0
false 186 0.1843
false 186 0.1843
true 187 0.1853 1
true 188 0.1863 0
false 188 0.1863
false 188 0.1863
true 189 0.1873 0
true 190 0.1883 0
false 190 0.1883
true 191 0.1893 0
false 191 0.1893
true 192 0.1903 0
true 193 0.1913 0
false 193 0.1913
false 193 0.1913
false 193 0.1913
true 194 0.1923 0
false 194 0.1923
true 195 0.1933 0
true 196 0.1943 2
false 196 0.1943
false 196 0.1943
true 197 0.1952 1
true 198 0.1962 0
true 199 0.1972 0
false 199 0.1972
false 199 0.1972
false 199 0.1972
false 199 0.1972
false 199 0.1972
false 199 0.1972
true 200 0.1982 1
true 201 0.1992 0
false 201 0.1992
true 202 0.2002 0
true 203 0.2012 2
true 204 0.2022 0
true 205 0.2032 1
false 205 0.2032
false 205 0.2032
true 206 0.2042 1
true 207 0.2052 0
true 208 0.2061 2
false 208 0.2061
false 208 0.2061
true 209 0.2071 0
false 209 0.2071
false 209 0.2071
true 210 0.2081 1
false 210 0.2081
false 210 0.2081
true 211 0.2091 1
true 212 0.2101 0
true 213 0.2111 0
false 213 0.2111
false 213 0.2111
false 213 0.2111
false 213 0.2111
true 214 0.2121 0
true 215 0.2131 0
true 216 0.2141 0
true 217 0.2151 0
false 217 0.2151
false 217 0.2151
true 218 0.2161 0
false 218 0.2161
false 218 0.2161
true 219 0.2170 0
false 219 0.2170
true 220 0.2180 0
true 221 0.2190 2
true 222 0.2200 0
true 223 0.2210 0
false 223 0.2210
true 224 0.2220 0
true 225 0.2230 0
true 226 0.2240 0
false 226 0.2240
true 227 0.2250 0
true 228 0.2260 2
true 229 0.2270 0
false 229 0.2270
false 229 0.2270
false 229 0.2270
true 230 0.2279 0
true 231 0.2289 0
false 231 0.2289
false 231 0.2289
true 232 0.2299 0
true 233 0.2309 0
true 234 0.2319 0
false 234 0.2319
false 234 0.2319
true 235 0.2329 0
false 235 0.2329
true 236 0.2339 0
true 237 0.2349 0
false 237 0.2349
true 238 0.2359 0
false 238 0.2359
false 238 0.2359
true 239 0.2369 1
false 239 0.2369
false 239 0.2369
true 240 0.2379 0
true 241 0.2389 0
false 241 0.2389
true 242 0.2398 0
true 243 0.2408 0
true 244 0.2418 0
true 245 0.2428 0
false 245 0.2428
false 245 0.2428
true 246 0.2438 2
true 247 0.2448 0
false 247 0.2448
true 248 0.2458 0
false 248 0.2458
true 249 0.2468 0
true 250 0.2478 0
true 251 0.2488 0
false 251 0.2488
false 251 0.2488
true 252 0.2498 0
false 252 0.2498
true 253 0.2507 2
false 253 0.2507
true 254 0.2517 0
false 254 0.2517
false 254 0.2517
true 255 0.2527 0
true 256 0.2537 0
false 256 0.2537
true 257 0.2547 0
true 258 0.2557 0
true 259 0.2567 0
true 260 0.2577 0
true 261 0.2587 0
false 261 0.2587
true 262 0.2597 3
false 262 0.2597
true 263 0.2607 0
true 264 0.2616 0
true 265 0.2626 1
false 265 0.2626
true 266 0.2636 0
false 266 0.2636
false 266 0.2636
true 267 0.2646 0
false 267 0.2646
true 268 0.2656 0
false 268 0.2656
false 268 0.2656
false 268 0.2656
false 268 0.2656
false 268 0.2656
false 268 0.2656
true 269 0.2666 0
false 269 0.2666
false 269 0.2666
false 269 0.2666
true 270 0.2676 1
true 271 0.2686 2
false 271 0.2686
true 272 0.2696 0
true 273 0.2706 0
true 274 0.2716 1
false 274 0.2716
false 274 0.2716
false 274 0.2716
false 274 0.2716
false 274 0.2716
true 275 0.2725 0
false 275 0.2725
true 276 0.2735 0
true 277 0.2745 1
false 277 0.2745
true 278 0.2755 1
false 278 0.2755
true 279 0.2765 0
false 279 0.2765
true 280 0.2775 1
false 280 0.2775
false 280 0.2775
true 281 0.2785 2
false 281 0.2785
false 281 0.2785
true 282 0.2795 1
false 282 0.2795
false 282 0.2795
true 283 0.2805 0
false 283 0.2805
true 284 0.2815 3
true 285 0.2825 1
true 286 0.2834 0
false 286 0.2834
false 286 0.2834
false 286 0.2834
true 287 0.2844 0
false 287 0.2844
true 288 0.2854 0
false 288 0.2854
false 288 0.2854
false 288 0.2854
false 288 0.2854
true 289 0.2864 0
false 289 0.2864
false 289 0.2864
true 290 0.2874 3
false 290 0.2874
true 291 0.2884 0
true 292 0.2894 0
false 292 0.2894
false 292 0.2894
false 292 0.2894
true 293 0.2904 0
true 294 0.2914 0
true 295 0.2924 0
false 295 0.2924
true 296 0.2934 1
false 296 0.2934
true 297 0.2944 0
false 297 0.2944
true 298 0.2953 0
true 299 0.2963 0
false 299 0.2963
true 300 0.2973 1
true 301 0.2983 0
true 302 0.2993 0
false 302 0.2993
true 303 0.3003 2
false 303 0.3003
false 303 0.3003
true 304 0.3013 1
false 304 0.3013
true 305 0.3023 2
false 305 0.3023
true 306 0.3033 0
false 306 0.3033
true 307 0.3043 0
true 308 0.3053 0
true 309 0.3062 0
true 310 0.3072 0
true 311 0.3082 0
false 311 0.3082
true 312 0.3092 0
true 313 0.3102 0
true 314 0.3112 0
true 315 0.3122 0
true 316 0.3132 0
true 317 0.3142 1
false 317 0.3142
false 317 0.3142
true 318 0.3152 1
true 319 0.3162 0
true 320 0.3171 0
true 321 0.3181 0
true 322 0.3191 0
false 322 0.3191
true 323 0.3201 0
false 323 0.3201
true 324 0.3211 0
false 324 0.3211
true 325 0.3221 1
false 325 0.3221
true 326 0.3231 0
false 326 0.3231
false 326 0.3231
false 326 0.3231
false 326 0.3231
false 326 0.3231
false 326 0.3231
false 326 0.3231
true 327 0.3241 0
true 328 0.3251 0
true 329 0.3261 0
false 329 0.3261
false 329 0.3261
false 329 0.3261
true 330 0.3271 0
false 330 0.3271
true 331 0.3280 2
true 332 0.3290 1
true 333 0.3300 2
true 334 0.3310 0
true 335 0.3320 1
true 336 0.3330 1
true 337 0.3340 0
true 338 0.3350 0
false 338 0.3350
false 338 0.3350
true 339 0.3360 1
false 339 0.3360
false 339 0.3360
false 339 0.3360
true 340 0.3370 1
true 341 0.3380 3
false 341 0.3380
false 341 0.3380
true 342 0.3389 1
false 342 0.3389
false 342 0.3389
true 343 0.3399 1
true 344 0.3409 0
false 344 0.3409
true 345 0.3419 0
false 345 0.3419
true 346 0.3429 0
false 346 0.3429
false 346 0.3429
true 347 0.3439 1
false 347 0.3439
false 347 0.3439
true 348 0.3449 1
true 349 0.3459 0
true 350 0.3469 0
true 351 0.3479 0
false 351 0.3479
true 352 0.3489 2
true 353 0.3499 1
true 354 0.3508 0
true 355 0.3518 0
false 355 0.3518
false 355 0.3518
false 355 0.3518
true 356 0.3528 0
false 356 0.3528
false 356 0.3528
false 356 0.3528
true 357 0.3538 1
true 358 0.3548 0
false 358 0.3548
true 359 0.3558 0
false 359 0.3558
false 359 0.3558
false 359 0.3558
true 360 0.3568 0
false 360 0.3568
true 361 0.3578 0
false 361 0.3578
false 361 0.3578
false 361 0.3578
false 361 0.3578
false 361 0.3578
false 361 0.3578
false 361 0.3578
false 361 0.3578
true 362 0.3588 0
true 363 0.3598 0
true 364 0.3608 1
true 365 0.3617 0
false 365 0.3617
true 366 0.3627 1
true 367 0.3637 2
false 367 0.3637
true 368 0.3647 0
false 368 0.3647
false 368 0.3647
true 369 0.3657 1
true 370 0.3667 1
true 371 0.3677 0
false 371 0.3677
false 371 0.3677
false 371 0.3677
false 371 0.3677
true 372 0.3687 0
false 372 0.3687
false 372 0.3687
false 372 0.3687
true 373 0.3697 0
true 374 0.3707 3
true 375 0.3717 0
false 375 0.3717
false 375 0.3717
true 376 0.3726 0
false 376 0.3726
true 377 0.3736 0
true 378 0.3746 0
false 378 0.3746
true 379 0.3756 2
false 379 0.3756
false 379 0.3756
false 379 0.3756
false 379 0.3756
true 380 0.3766 0
true 381 0.3776 0
false 381 0.3776
true 382 0.3786 0
false 382 0.3786
false 382 0.3786
false 382 0.3786
false 382 0.3786
true 383 0.3796 0
false 383 0.3796
false 383 0.3796
false 383 0.3796
true 384 0.3806 3
false 384 0.3806
true 385 0.3816 1
false 385 0.3816
false 385 0.3816
true 386 0.3826 0
true 387 0.3835 0
true 388 0.3845 0
true 389 0.3855 1
false 389 0.3855
true 390 0.3865 2
false 390 0.3865
true 391 0.3875 0
true 392 0.3885 0
false 392 0.3885
true 393 0.3895 1
false 393 0.3895
true 394 0.3905 0
true 395 0.3915 2
true 396 0.3925 1
false 396 0.3925
false 396 0.3925
false 396 0.3925
false 396 0.3925
false 396 0.3925
true 397 0.3935 1
true 398 0.3944 0
false 398 0.3944
true 399 0.3954 0
false 399 0.3954
false 399 0.3954
false 399 0.3954
true 400 0.3964 0
false 400 0.3964
true 401 0.3974 0
true 402 0.3984 0
true 403 0.3994 0
false 403 0.3994
true 404 0.4004 3
true 405 0.4014 0
false 405 0.4014
false 405 0.4014
false 405 0.4014
false 405 0.4014
true 406 0.4024 1
false 406 0.4024
true 407 0.4034 0
false 407 0.4034
true 408 0.4044 0
false 408 0.4044
true 409 0.4054 0
true 410 0.4063 0
true 411 0.4073 0
true 412 0.4083 0
true 413 0.4093 0
false 413 0.4093
true 414 0.4103 0
true 415 0.4113 0
true 416 0.4123 0
false 416 0.4123
true 417 0.4133 0
false 417 0.4133
true 418 0.4143 0
true 419 0.4153 1
false 419 0.4153
false 419 0.4153
false 419 0.4153
true 420 0.4163 1
true 421 0.4172 0
false 421 0.4172
false 421 0.4172
false 421 0.4172
false 421 0.4172
true 422 0.4182 1
false 422 0.4182
false 422 0.4182
false 422 0.4182
true 423 0.4192 1
false 423 0.4192
true 424 0.4202 1
false 424 0.4202
false 424 0.4202
false 424 0.4202
true 425 0.4212 0
true 426 0.4222 1
true 427 0.4232 0
true 428 0.4242 2
false 428 0.4242
true 429 0.4252 1
true 430 0.4262 0
true 431 0.4272 2
true 432 0.4281 1
false 432 0.4281
false 432 0.4281
true 433 0.4291 0
true 434 0.4301 0
false 434 0.4301
true 435 0.4311 0
true 436 0.4321 1
false 436 0.4321
true 437 0.4331 1
true 438 0.4341 0
true 439 0.4351 0
true 440 0.4361 1
true 441 0.4371 2
true 442 0.4381 1
true 443 0.4390 0
true 444 0.4400 7
true 445 0.4410 1
false 445 0.4410
false 445 0.4410
true 446 0.4420 3
true 447 0.4430 2
false 447 0.4430
false 447 0.4430
false 447 0.4430
true 448 0.4440 2
false 448 0.4440
false 448 0.4440
false 448 0.4440
true 449 0.4450 1
true 450 0.4460 4
false 450 0.4460
true 451 0.4470 1
true 452 0.4480 0
true 453 0.4490 2
false 453 0.4490
true 454 0.4500 0
false 454 0.4500
false 454 0.4500
false 454 0.4500
false 454 0.4500
true 455 0.4509 0
true 456 0.4519 2
true 457 0.4529 0
true 458 0.4539 2
true 459 0.4549 1
false 459 0.4549
true 460 0.4559 0
false 460 0.4559
false 460 0.4559
false 460 0.4559
false 460 0.4559
true 461 0.4569 0
false 461 0.4569
false 461 0.4569
true 462 0.4579 0
true 463 0.4589 1
false 463 0.4589
false 463 0.4589
true 464 0.4599 0
false 464 0.4599
true 465 0.4609 0
true 466 0.4618 1
false 466 0.4618
false 466 0.4618
true 467 0.4628 1
true 468 0.4638 0
true 469 0.4648 1
true 470 0.4658 0
true 471 0.4668 1
true 472 0.4678 0
false 472 0.4678
false 472 0.4678
false 472 0.4678
false 472 0.4678
false 472 0.4678
true 473 0.4688 0
true 474 0.4698 1
false 474 0.4698
true 475 0.4708 1
true 476 0.4718 0
true 477 0.4727 5
true 478 0.4737 9
true 479 0.4747 0
false 479 0.4747
false 479 0.4747
true 480 0.4757 0
false 480 0.4757
false 480 0.4757
true 481 0.4767 0
false 481 0.4767
false 481 0.4767
true 482 0.4777 1
false 482 0.4777
false 482 0.4777
true 483 0.4787 1
false 483 0.4787
false 483 0.4787
false 483 0.4787
false 483 0.4787
false 483 0.4787
true 484 0.4797 0
true 485 0.4807 1
true 486 0.4817 1
false 486 0.4817
true 487 0.4827 0
true 488 0.4836 0
false 488 0.4836
true 489 0.4846 1
false 489 0.4846
true 490 0.4856 0
true 491 0.4866 1
true 492 0.4876 1
true 493 0.4886 1
true 494 0.4896 0
true 495 0.4906 0
false 495 0.4906
false 495 0.4906
true 496 0.4916 0
true 497 0.4926 0
false 497 0.4926
true 498 0.4936 0
false 498 0.4936
false 498 0.4936
false 498 0.4936
true 499 0.4945 4
false 499 0.4945
true 500 0.4955 0
false 500 0.4955
false 500 0.4955
true 501 0.4965 1
true 502 0.4975 3
false 502 0.4975
false 502 0.4975
true 503 0.4985 0
false 503 0.4985
false 503 0.4985
true 504 0.4995 0
false 504 0.4995
false 504 0.4995
true 505 0.5005 0
false 505 0.5005
false 505 0.5005
true 506 0.5015 1
false 506 0.5015
true 507 0.5025 0
false 507 0.5025
true 508 0.5035 0
false 508 0.5035
false 508 0.5035
true 509 0.5045 3
false 509 0.5045
true 510 0.5055 1
false 510 0.5055
false 510 0.5055
true 511 0.5064 1
false 511 0.5064
false 511 0.5064
true 512 0.5074 0
true 513 0.5084 1
true 514 0.5094 1
false 514 0.5094
true 515 0.5104 0
false 515 0.5104
true 516 0.5114 1
true 517 0.5124 1
true 518 0.5134 2
false 518 0.5134
false 518 0.5134
true 519 0.5144 1
true 520 0.5154 0
false 520 0.5154
false 520 0.5154
