true 1 0.0010 0
true 2 0.0020 0
true 3 0.0029 0
true 4 0.0039 0
false 4 0.0039
false 4 0.0039
false 4 0.0039
false 4 0.0039
true 5 0.0049 0
true 6 0.0059 0
false 6 0.0059
true 7 0.0068 0
false 7 0.0068
true 8 0.0078 0
false 8 0.0078
false 8 0.0078
true 9 0.0088 0
false 9 0.0088
true 10 0.0098 0
true 11 0.0107 0
true 12 0.0117 0
true 13 0.0127 0
false 13 0.0127
false 13 0.0127
false 13 0.0127
false 13 0.0127
true 14 0.0137 0
false 14 0.0137
false 14 0.0137
false 14 0.0137
true 15 0.0146 0
false 15 0.0146
false 15 0.0146
false 15 0.0146
false 15 0.0146
false 15 0.0146
false 15 0.0146
true 16 0.0156 0
false 16 0.0156
true 17 0.0166 0
true 18 0.0176 0
false 18 0.0176
false 18 0.0176
true 19 0.0186 0
true 20 0.0195 0
false 20 0.0195
false 20 0.0195
false 20 0.0195
false 20 0.0195
false 20 0.0195
true 21 0.0205 0
false 21 0.0205
true 22 0.0215 0
true 23 0.0225 0
false 23 0.0225
false 23 0.0225
false 23 0.0225
true 24 0.0234 0
true 25 0.0244 0
false 25 0.0244
true 26 0.0254 0
true 27 0.0264 0
true 28 0.0273 0
false 28 0.0273
true 29 0.0283 0
true 30 0.0293 0
false 30 0.0293
false 30 0.0293
true 31 0.0303 0
false 31 0.0303
true 32 0.0313 0
true 33 0.0322 0
false 33 0.0322
false 33 0.0322
true 34 0.0332 0
true 35 0.0342 0
true 36 0.0352 0
true 37 0.0361 0
true 38 0.0371 0
false 38 0.0371
false 38 0.0371
false 38 0.0371
true 39 0.0381 0
true 40 0.0391 0
false 40 0.0391
true 41 0.0400 1
true 42 0.0410 0
true 43 0.0420 0
false 43 0.0420
false 43 0.0420
false 43 0.0420
true 44 0.0430 0
true 45 0.0439 0
true 46 0.0449 0
false 46 0.0449
false 46 0.0449
false 46 0.0449
true 47 0.0459 0
true 48 0.0469 0
false 48 0.0469
true 49 0.0479 0
false 49 0.0479
false 49 0.0479
false 49 0.0479
false 49 0.0479
true 50 0.0488 0
true 51 0.0498 0
false 51 0.0498
true 52 0.0508 0
false 52 0.0508
true 53 0.0518 0
true 54 0.0527 0
true 55 0.0537 0
false 55 0.0537
false 55 0.0537
false 55 0.0537
true 56 0.0547 0
false 56 0.0547
true 57 0.0557 0
true 58 0.0566 0
true 59 0.0576 0
true 60 0.0586 0
false 60 0.0586
true 61 0.0596 0
true 62 0.0605 0
true 63 0.0615 0
true 64 0.0625 0
true 65 0.0635 0
true 66 0.0645 0
true 67 0.0654 1
true 68 0.0664 0
true 69 0.0674 0
true 70 0.0684 0
true 71 0.0693 0
false 71 0.0693
true 72 0.0703 0
false 72 0.0703
false 72 0.0703
false 72 0.0703
false 72 0.0703
false 72 0.0703
true 73 0.0713 0
true 74 0.0723 0
true 75 0.0732 0
true 76 0.0742 0
false 76 0.0742
false 76 0.0742
false 76 0.0742
true 77 0.0752 0
false 77 0.0752
false 77 0.0752
false 77 0.0752
true 78 0.0762 0
false 78 0.0762
true 79 0.0771 0
false 79 0.0771
true 80 0.0781 0
true 81 0.0791 1
false 81 0.0791
false 81 0.0791
true 82 0.0801 0
true 83 0.0811 0
true 84 0.0820 0
false 84 0.0820
false 84 0.0820
true 85 0.0830 0
true 86 0.0840 0
false 86 0.0840
false 86 0.0840
false 86 0.0840
true 87 0.0850 0
true 88 0.0859 0
false 88 0.0859
false 88 0.0859
true 89 0.0869 0
true 90 0.0879 0
true 91 0.0889 0
true 92 0.0898 0
true 93 0.0908 0
true 94 0.0918 0
false 94 0.0918
true 95 0.0928 0
true 96 0.0938 0
true 97 0.0947 0
true 98 0.0957 0
false 98 0.0957
false 98 0.0957
true 99 0.0967 0
false 99 0.0967
true 100 0.0977 0
true 101 0.0986 0
true 102 0.0996 0
true 103 0.1006 0
false 103 0.1006
true 104 0.1016 0
true 105 0.1025 0
false 105 0.1025
true 106 0.1035 0
true 107 0.1045 0
false 107 0.1045
false 107 0.1045
true 108 0.1055 0
false 108 0.1055
true 109 0.1064 0
false 109 0.1064
true 110 0.1074 0
false 110 0.1074
false 110 0.1074
true 111 0.1084 0
true 112 0.1094 0
true 113 0.1104 0
true 114 0.1113 0
false 114 0.1113
true 115 0.1123 0
false 115 0.1123
false 115 0.1123
true 116 0.1133 0
false 116 0.1133
true 117 0.1143 0
false 117 0.1143
false 117 0.1143
false 117 0.1143
false 117 0.1143
true 118 0.1152 0
true 119 0.1162 0
true 120 0.1172 1
false 120 0.1172
false 120 0.1172
false 120 0.1172
true 121 0.1182 0
true 122 0.1191 0
true 123 0.1201 0
false 123 0.1201
true 124 0.1211 1
true 125 0.1221 0
false 125 0.1221
false 125 0.1221
true 126 0.1230 0
true 127 0.1240 1
false 127 0.1240
true 128 0.1250 0
true 129 0.1260 0
true 130 0.1270 0
true 131 0.1279 0
false 131 0.1279
true 132 0.1289 0
false 132 0.1289
true 133 0.1299 0
false 133 0.1299
true 134 0.1309 0
false 134 0.1309
false 134 0.1309
false 134 0.1309
false 134 0.1309
true 135 0.1318 0
true 136 0.1328 3
true 137 0.1338 0
false 137 0.1338
false 137 0.1338
false 137 0.1338
true 138 0.1348 0
true 139 0.1357 0
false 139 0.1357
false 139 0.1357
true 140 0.1367 0
true 141 0.1377 0
false 141 0.1377
false 141 0.1377
false 141 0.1377
false 141 0.1377
false 141 0.1377
true 142 0.1387 0
false 142 0.1387
true 143 0.1396 1
false 143 0.1396
true 144 0.1406 0
false 144 0.1406
false 144 0.1406
false 144 0.1406
true 145 0.1416 1
false 145 0.1416
true 146 0.1426 0
true 147 0.1436 1
false 147 0.1436
true 148 0.1445 0
false 148 0.1445
true 149 0.1455 0
false 149 0.1455
false 149 0.1455
true 150 0.1465 0
false 150 0.1465
false 150 0.1465
true 151 0.1475 1
true 152 0.1484 0
true 153 0.1494 0
false 153 0.1494
false 153 0.1494
false 153 0.1494
true 154 0.1504 0
false 154 0.1504
false 154 0.1504
false 154 0.1504
false 154 0.1504
false 154 0.1504
false 154 0.1504
false 154 0.1504
true 155 0.1514 0
false 155 0.1514
false 155 0.1514
true 156 0.1523 0
false 156 0.1523
true 157 0.1533 0
false 157 0.1533
false 157 0.1533
true 158 0.1543 1
true 159 0.1553 0
false 159 0.1553
true 160 0.1563 0
false 160 0.1563
false 160 0.1563
true 161 0.1572 0
true 162 0.1582 0
true 163 0.1592 0
false 163 0.1592
false 163 0.1592
false 163 0.1592
true 164 0.1602 0
true 165 0.1611 0
true 166 0.1621 0
false 166 0.1621
true 167 0.1631 0
true 168 0.1641 0
true 169 0.1650 0
true 170 0.1660 1
false 170 0.1660
false 170 0.1660
false 170 0.1660
true 171 0.1670 0
false 171 0.1670
true 172 0.1680 0
false 172 0.1680
false 172 0.1680
true 173 0.1689 0
true 174 0.1699 0
false 174 0.1699
true 175 0.1709 0
true 176 0.1719 0
true 177 0.1729 0
true 178 0.1738 0
false 178 0.1738
false 178 0.1738
true 179 0.1748 0
true 180 0.1758 0
false 180 0.1758
true 181 0.1768 0
true 182 0.1777 1
true 183 0.1787 0
true 184 0.1797 0
false 184 0.1797
false 184 0.1797
true 185 0.1807 0
true 186 0.1816 0
false 186 0.1816
true 187 0.1826 0
true 188 0.1836 0
false 188 0.1836
false 188 0.1836
true 189 0.1846 0
true 190 0.1855 0
false 190 0.1855
true 191 0.1865 0
false 191 0.1865
false 191 0.1865
false 191 0.1865
false 191 0.1865
false 191 0.1865
true 192 0.1875 0
true 193 0.1885 0
false 193 0.1885
true 194 0.1895 0
false 194 0.1895
true 195 0.1904 0
false 195 0.1904
true 196 0.1914 0
true 197 0.1924 0
false 197 0.1924
false 197 0.1924
false 197 0.1924
true 198 0.1934 1
true 199 0.1943 4
true 200 0.1953 0
true 201 0.1963 0
false 201 0.1963
true 202 0.1973 0
true 203 0.1982 0
false 203 0.1982
false 203 0.1982
true 204 0.1992 0
true 205 0.2002 0
true 206 0.2012 0
false 206 0.2012
false 206 0.2012
false 206 0.2012
true 207 0.2021 0
true 208 0.2031 1
true 209 0.2041 3
true 210 0.2051 0
true 211 0.2061 0
true 212 0.2070 1
false 212 0.2070
false 212 0.2070
true 213 0.2080 2
true 214 0.2090 0
false 214 0.2090
true 215 0.2100 1
false 215 0.2100
true 216 0.2109 0
true 217 0.2119 1
false 217 0.2119
true 218 0.2129 0
true 219 0.2139 0
true 220 0.2148 0
false 220 0.2148
true 221 0.2158 0
false 221 0.2158
true 222 0.2168 0
false 222 0.2168
false 222 0.2168
true 223 0.2178 0
false 223 0.2178
false 223 0.2178
false 223 0.2178
false 223 0.2178
false 223 0.2178
true 224 0.2188 0
true 225 0.2197 1
false 225 0.2197
false 225 0.2197
false 225 0.2197
true 226 0.2207 0
false 226 0.2207
false 226 0.2207
false 226 0.2207
false 226 0.2207
false 226 0.2207
false 226 0.2207
true 227 0.2217 0
false 227 0.2217
true 228 0.2227 0
false 228 0.2227
false 228 0.2227
false 228 0.2227
true 229 0.2236 0
false 229 0.2236
true 230 0.2246 0
false 230 0.2246
true 231 0.2256 1
true 232 0.2266 0
true 233 0.2275 0
false 233 0.2275
false 233 0.2275
false 233 0.2275
true 234 0.2285 1
false 234 0.2285
true 235 0.2295 0
false 235 0.2295
true 236 0.2305 1
false 236 0.2305
true 237 0.2314 0
false 237 0.2314
true 238 0.2324 0
false 238 0.2324
true 239 0.2334 0
true 240 0.2344 0
false 240 0.2344
true 241 0.2354 0
true 242 0.2363 2
false 242 0.2363
false 242 0.2363
false 242 0.2363
true 243 0.2373 0
true 244 0.2383 0
true 245 0.2393 0
true 246 0.2402 0
true 247 0.2412 0
true 248 0.2422 0
false 248 0.2422
false 248 0.2422
false 248 0.2422
true 249 0.2432 0
true 250 0.2441 0
false 250 0.2441
false 250 0.2441
true 251 0.2451 0
false 251 0.2451
false 251 0.2451
true 252 0.2461 0
false 252 0.2461
false 252 0.2461
false 252 0.2461
false 252 0.2461
true 253 0.2471 0
true 254 0.2480 0
false 254 0.2480
true 255 0.2490 0
true 256 0.2500 0
false 256 0.2500
true 257 0.2510 0
false 257 0.2510
true 258 0.2520 0
true 259 0.2529 0
false 259 0.2529
false 259 0.2529
false 259 0.2529
true 260 0.2539 1
false 260 0.2539
false 260 0.2539
false 260 0.2539
true 261 0.2549 0
true 262 0.2559 0
true 263 0.2568 0
false 263 0.2568
false 263 0.2568
false 263 0.2568
true 264 0.2578 0
false 264 0.2578
true 265 0.2588 1
true 266 0.2598 2
false 266 0.2598
false 266 0.2598
true 267 0.2607 0
true 268 0.2617 0
true 269 0.2627 0
true 270 0.2637 0
false 270 0.2637
true 271 0.2646 0
false 271 0.2646
true 272 0.2656 0
false 272 0.2656
true 273 0.2666 0
true 274 0.2676 0
true 275 0.2686 3
true 276 0.2695 0
false 276 0.2695
false 276 0.2695
false 276 0.2695
true 277 0.2705 0
true 278 0.2715 1
true 279 0.2725 1
false 279 0.2725
true 280 0.2734 2
true 281 0.2744 0
true 282 0.2754 0
false 282 0.2754
true 283 0.2764 1
true 284 0.2773 0
true 285 0.2783 0
true 286 0.2793 1
true 287 0.2803 0
true 288 0.2813 0
false 288 0.2813
true 289 0.2822 3
true 290 0.2832 0
false 290 0.2832
true 291 0.2842 2
true 292 0.2852 0
false 292 0.2852
false 292 0.2852
true 293 0.2861 0
false 293 0.2861
false 293 0.2861
true 294 0.2871 0
true 295 0.2881 1
false 295 0.2881
false 295 0.2881
true 296 0.2891 0
false 296 0.2891
true 297 0.2900 0
false 297 0.2900
false 297 0.2900
true 298 0.2910 1
true 299 0.2920 0
false 299 0.2920
false 299 0.2920
true 300 0.2930 0
true 301 0.2939 0
false 301 0.2939
false 301 0.2939
true 302 0.2949 0
false 302 0.2949
true 303 0.2959 0
false 303 0.2959
false 303 0.2959
false 303 0.2959
true 304 0.2969 0
true 305 0.2979 0
false 305 0.2979
false 305 0.2979
false 305 0.2979
true 306 0.2988 0
true 307 0.2998 0
true 308 0.3008 0
true 309 0.3018 1
false 309 0.3018
false 309 0.3018
false 309 0.3018
true 310 0.3027 1
false 310 0.3027
false 310 0.3027
true 311 0.3037 0
false 311 0.3037
true 312 0.3047 0
false 312 0.3047
false 312 0.3047
false 312 0.3047
true 313 0.3057 0
true 314 0.3066 0
true 315 0.3076 0
true 316 0.3086 0
false 316 0.3086
false 316 0.3086
false 316 0.3086
true 317 0.3096 1
false 317 0.3096
false 317 0.3096
false 317 0.3096
true 318 0.3105 2
false 318 0.3105
true 319 0.3115 0
true 320 0.3125 1
false 320 0.3125
false 320 0.3125
true 321 0.3135 0
true 322 0.3145 3
true 323 0.3154 0
false 323 0.3154
true 324 0.3164 0
true 325 0.3174 0
false 325 0.3174
true 326 0.3184 1
false 326 0.3184
true 327 0.3193 1
true 328 0.3203 0
true 329 0.3213 0
false 329 0.3213
true 330 0.3223 1
false 330 0.3223
true 331 0.3232 1
true 332 0.3242 0
true 333 0.3252 0
false 333 0.3252
true 334 0.3262 0
false 334 0.3262
true 335 0.3271 0
true 336 0.3281 0
false 336 0.3281
false 336 0.3281
false 336 0.3281
true 337 0.3291 2
true 338 0.3301 0
false 338 0.3301
false 338 0.3301
false 338 0.3301
true 339 0.3311 0
false 339 0.3311
true 340 0.3320 0
true 341 0.3330 0
true 342 0.3340 0
true 343 0.3350 0
true 344 0.3359 2
false 344 0.3359
true 345 0.3369 1
true 346 0.3379 0
true 347 0.3389 0
true 348 0.3398 2
true 349 0.3408 0
true 350 0.3418 0
true 351 0.3428 0
true 352 0.3438 0
true 353 0.3447 1
true 354 0.3457 2
true 355 0.3467 0
false 355 0.3467
false 355 0.3467
false 355 0.3467
false 355 0.3467
false 355 0.3467
false 355 0.3467
true 356 0.3477 0
false 356 0.3477
true 357 0.3486 3
true 358 0.3496 0
false 358 0.3496
false 358 0.3496
false 358 0.3496
true 359 0.3506 0
false 359 0.3506
false 359 0.3506
false 359 0.3506
true 360 0.3516 0
true 361 0.3525 2
false 361 0.3525
true 362 0.3535 0
true 363 0.3545 0
true 364 0.3555 1
true 365 0.3564 0
false 365 0.3564
false 365 0.3564
true 366 0.3574 3
false 366 0.3574
false 366 0.3574
true 367 0.3584 0
true 368 0.3594 1
false 368 0.3594
true 369 0.3604 0
true 370 0.3613 5
false 370 0.3613
false 370 0.3613
false 370 0.3613
true 371 0.3623 2
false 371 0.3623
true 372 0.3633 1
false 372 0.3633
true 373 0.3643 1
true 374 0.3652 0
true 375 0.3662 2
true 376 0.3672 3
true 377 0.3682 0
false 377 0.3682
false 377 0.3682
false 377 0.3682
false 377 0.3682
true 378 0.3691 1
false 378 0.3691
true 379 0.3701 0
false 379 0.3701
true 380 0.3711 0
true 381 0.3721 0
false 381 0.3721
false 381 0.3721
true 382 0.3730 0
false 382 0.3730
false 382 0.3730
false 382 0.3730
false 382 0.3730
true 383 0.3740 0
false 383 0.3740
false 383 0.3740
true 384 0.3750 0
false 384 0.3750
true 385 0.3760 1
true 386 0.3770 0
true 387 0.3779 1
false 387 0.3779
true 388 0.3789 2
true 389 0.3799 0
true 390 0.3809 0
false 390 0.3809
false 390 0.3809
false 390 0.3809
true 391 0.3818 0
false 391 0.3818
true 392 0.3828 1
false 392 0.3828
false 392 0.3828
true 393 0.3838 0
false 393 0.3838
false 393 0.3838
true 394 0.3848 2
true 395 0.3857 1
true 396 0.3867 2
true 397 0.3877 0
false 397 0.3877
true 398 0.3887 2
false 398 0.3887
false 398 0.3887
false 398 0.3887
false 398 0.3887
true 399 0.3896 0
true 400 0.3906 0
false 400 0.3906
true 401 0.3916 3
true 402 0.3926 1
false 402 0.3926
false 402 0.3926
true 403 0.3936 1
true 404 0.3945 0
false 404 0.3945
true 405 0.3955 1
false 405 0.3955
true 406 0.3965 0
false 406 0.3965
true 407 0.3975 0
true 408 0.3984 0
true 409 0.3994 0
false 409 0.3994
false 409 0.3994
false 409 0.3994
false 409 0.3994
true 410 0.4004 1
false 410 0.4004
true 411 0.4014 0
true 412 0.4023 5
true 413 0.4033 0
true 414 0.4043 1
true 415 0.4053 0
false 415 0.4053
true 416 0.4063 1
true 417 0.4072 1
true 418 0.4082 3
true 419 0.4092 0
false 419 0.4092
false 419 0.4092
true 420 0.4102 1
true 421 0.4111 1
true 422 0.4121 0
true 423 0.4131 0
true 424 0.4141 2
true 425 0.4150 1
true 426 0.4160 1
true 427 0.4170 0
false 427 0.4170
true 428 0.4180 1
false 428 0.4180
false 428 0.4180
true 429 0.4189 1
true 430 0.4199 2
false 430 0.4199
false 430 0.4199
true 431 0.4209 0
true 432 0.4219 1
false 432 0.4219
false 432 0.4219
false 432 0.4219
false 432 0.4219
false 432 0.4219
true 433 0.4229 0
false 433 0.4229
true 434 0.4238 1
false 434 0.4238
true 435 0.4248 0
true 436 0.4258 1
false 436 0.4258
true 437 0.4268 2
true 438 0.4277 1
false 438 0.4277
true 439 0.4287 0
true 440 0.4297 0
true 441 0.4307 5
false 441 0.4307
false 441 0.4307
false 441 0.4307
true 442 0.4316 1
false 442 0.4316
false 442 0.4316
true 443 0.4326 1
false 443 0.4326
true 444 0.4336 0
false 444 0.4336
true 445 0.4346 0
true 446 0.4355 0
false 446 0.4355
false 446 0.4355
false 446 0.4355
true 447 0.4365 1
false 447 0.4365
true 448 0.4375 1
true 449 0.4385 0
true 450 0.4395 0
true 451 0.4404 0
false 451 0.4404
false 451 0.4404
true 452 0.4414 3
false 452 0.4414
true 453 0.4424 0
true 454 0.4434 0
false 454 0.4434
true 455 0.4443 0
false 455 0.4443
true 456 0.4453 1
false 456 0.4453
false 456 0.4453
false 456 0.4453
false 456 0.4453
false 456 0.4453
false 456 0.4453
false 456 0.4453
false 456 0.4453
false 456 0.4453
false 456 0.4453
true 457 0.4463 0
false 457 0.4463
true 458 0.4473 3
true 459 0.4482 1
true 460 0.4492 9
true 461 0.4502 1
true 462 0.4512 1
false 462 0.4512
false 462 0.4512
true 463 0.4521 0
false 463 0.4521
false 463 0.4521
true 464 0.4531 0
false 464 0.4531
true 465 0.4541 0
true 466 0.4551 2
true 467 0.4561 1
false 467 0.4561
false 467 0.4561
false 467 0.4561
true 468 0.4570 1
true 469 0.4580 0
false 469 0.4580
false 469 0.4580
true 470 0.4590 1
false 470 0.4590
false 470 0.4590
true 471 0.4600 0
true 472 0.4609 0
true 473 0.4619 0
true 474 0.4629 1
true 475 0.4639 1
false 475 0.4639
false 475 0.4639
false 475 0.4639
true 476 0.4648 1
true 477 0.4658 2
true 478 0.4668 0
false 478 0.4668
false 478 0.4668
true 479 0.4678 4
true 480 0.4688 0
true 481 0.4697 0
true 482 0.4707 2
true 483 0.4717 1
true 484 0.4727 0
true 485 0.4736 0
true 486 0.4746 0
true 487 0.4756 1
true 488 0.4766 1
false 488 0.4766
false 488 0.4766
false 488 0.4766
true 489 0.4775 0
false 489 0.4775
true 490 0.4785 0
false 490 0.4785
false 490 0.4785
false 490 0.4785
false 490 0.4785
false 490 0.4785
true 491 0.4795 3
false 491 0.4795
false 491 0.4795
true 492 0.4805 1
true 493 0.4814 2
false 493 0.4814
true 494 0.4824 0
false 494 0.4824
false 494 0.4824
true 495 0.4834 1
false 495 0.4834
true 496 0.4844 0
true 497 0.4854 0
true 498 0.4863 0
false 498 0.4863
false 498 0.4863
false 498 0.4863
false 498 0.4863
false 498 0.4863
true 499 0.4873 1
true 500 0.4883 1
true 501 0.4893 0
false 501 0.4893
true 502 0.4902 0
true 503 0.4912 0
true 504 0.4922 1
false 504 0.4922
true 505 0.4932 0
false 505 0.4932
true 506 0.4941 3
true 507 0.4951 1
false 507 0.4951
true 508 0.4961 3
false 508 0.4961
false 508 0.4961
false 508 0.4961
true 509 0.4971 0
false 509 0.4971
true 510 0.4980 0
true 511 0.4990 0
false 511 0.4990
false 511 0.4990
true 512 0.5000 2
false 512 0.5000
false 512 0.5000
false 512 0.5000
true 513 0.5010 6
true 514 0.5020 0
false 514 0.5020
true 515 0.5029 1
true 516 0.5039 1
false 516 0.5039
true 517 0.5049 1
true 518 0.5059 5
false 518 0.5059
true 519 0.5068 0
false 519 0.5068
true 520 0.5078 0
false 520 0.5078
false 520 0.5078
true 521 0.5088 0
true 522 0.5098 5
true 523 0.5107 1
false 523 0.5107
false 523 0.5107
true 524 0.5117 0
false 524 0.5117
false 524 0.5117
true 525 0.5127 0
false 525 0.5127
false 525 0.5127
false 525 0.5127
true 526 0.5137 1
true 527 0.5146 0
true 528 0.5156 0
false 528 0.5156
true 529 0.5166 0
false 529 0.5166
true 530 0.5176 0
false 530 0.5176
false 530 0.5176
false 530 0.5176
true 531 0.5186 0
