true 1 0.0357 0
true 2 0.0714 1
true 3 0.1071 1
true 4 0.1429 1
true 5 0.1786 1
true 6 0.2143 1
true 7 0.2500 2
true 8 0.2857 2
true 9 0.3214 4
true 10 0.3571 2
true 11 0.3929 3
true 12 0.4286 4
true 13 0.4643 1
true 14 0.5000 4
true 15 0.5357 3
true 16 0.5714 5
true 17 0.6071 7
true 18 0.6429 1
true 19 0.6786 6
true 20 0.7143 4
true 21 0.7500 3
true 22 0.7857 10
true 23 0.8214 7
true 24 0.8571 14
true 25 0.8929 2
true 26 0.9286 11
true 27 0.9643 8
true 28 1.0000 4
