true 1 0.0357 0
true 2 0.0714 1
true 3 0.1071 2
true 4 0.1429 3
true 5 0.1786 4
true 6 0.2143 5
true 7 0.2500 6
true 8 0.2857 7
true 9 0.3214 8
true 10 0.3571 9
true 11 0.3929 10
true 12 0.4286 11
true 13 0.4643 12
true 14 0.5000 13
true 15 0.5357 14
true 16 0.5714 15
true 17 0.6071 16
true 18 0.6429 17
true 19 0.6786 18
true 20 0.7143 19
true 21 0.7500 20
true 22 0.7857 21
true 23 0.8214 22
true 24 0.8571 23
true 25 0.8929 24
true 26 0.9286 25
true 27 0.9643 26
true 28 1.0000 27
