true 1 0.0714 0
false 1 0.0714
false 1 0.0714
false 1 0.0714
false 1 0.0714
false 1 0.0714
false 1 0.0714
false 1 0.0714
false 1 0.0714
false 1 0.0714
false 1 0.0714
false 1 0.0714
false 1 0.0714
false 1 0.0714
