────── ────── ────── ltwjzn ────── ────── ────── ────── ────── ────── ────── ────── ────── ──────
────── ────── ────── ltwjzn ────── ────── ────── ────── ────── ────── ────── ────── ────── ──────
────── ────── ────── ltwjzn ────── ────── ────── ────── ────── ────── ────── ────── ────── ──────
────── ────── ────── ltwjzn ────── ────── ────── ────── ────── ────── ────── ────── ────── ──────
────── ────── ────── ltwjzn ────── ────── ────── ────── ────── ────── ────── ────── ────── ──────
────── ────── ────── ltwjzn ────── ────── ────── ────── ────── ────── ────── ────── ────── ──────
────── ────── ────── ltwjzn ────── ────── ────── ────── ────── ────── ────── ────── ────── ──────
────── ────── ────── ltwjzn ────── ────── ────── ────── ────── ────── ────── ────── ────── ──────
────── ────── ────── ltwjzn ────── ────── ────── ────── ────── ────── ────── ────── ────── ──────
────── ────── ────── ltwjzn ────── ────── ────── ────── ────── ────── ────── ────── ────── ──────
────── ────── ────── ltwjzn ────── ────── ────── ────── ────── ────── ────── ────── ────── ──────
────── ────── ────── ltwjzn ────── ────── ────── ────── ────── ────── ────── ────── ────── ──────
────── ────── ────── ltwjzn ────── ────── ────── ────── ────── ────── ────── ────── ────── ──────
────── ────── ────── ltwjzn ────── ────── ────── ────── ────── ────── ────── ────── ────── ──────
